01-17 16:35:15.184  1058  1120 V WindowManagerShell:         {m=CLOSE f=TRANSLUCENT|FILLS_TASK leash=Surface(name=ActivityRecord{46648218 u0 com.google.android.packageinstaller/com.android.packageinstaller.v2.ui.UninstallLaunch t33}#289)/@0xf5782f3 sb=Rect(0, 0 - 1080, 2400) eb=Rect(0, 0 - 1080, 2400) epz=Point(1080, 2400) d=0 bc=ffeeedf6 activity=ActivityTransitionInfo { component = ComponentInfo{com.google.android.packageinstaller/com.android.packageinstaller.v2.ui.UninstallLaunch}, taskId = 33, appCompatTransitionInfo = null } opt={t=FROM_STYLE mUserId=0}}
01-17 16:35:15.184  1058  1120 V WindowManagerShell:     ]}
01-17 16:35:15.186  1058  1120 V WindowManagerShell: Playing animation for (#28) android.os.BinderProxy@f1b082d@0
01-17 16:35:15.186  1058  1120 V ShellRecents: RecentsTransitionHandler.startAnimation: no controller found
01-17 16:35:15.186  1058  1120 V ShellDesktopMode: DesktopMixedTransitionHandler: No pending desktop transition
01-17 16:35:15.186  1058  1120 V WindowManagerShell: Transition doesn't have explicit remote, search filters for match for {id=28 t=CLOSE f=0x0 trk=0 r=[0@Point(0, 0)] c=[{m=CLOSE f=TRANSLUCENT|FILLS_TASK leash=Surface(name=ActivityRecord{46648218 u0 com.google.android.packageinstaller/com.android.packageinstaller.v2.ui.UninstallLaunch t33}#289)/@0xf5782f3 sb=Rect(0, 0 - 1080, 2400) eb=Rect(0, 0 - 1080, 2400) epz=Point(1080, 2400) d=0 bc=ffeeedf6 activity=ActivityTransitionInfo { component = ComponentInfo{com.google.android.packageinstaller/com.android.packageinstaller.v2.ui.UninstallLaunch}, taskId = 33, appCompatTransitionInfo = null } opt={t=FROM_STYLE mUserId=0}}]}
01-17 16:35:15.186  1058  1120 V WindowManagerShell:  Checking filter Pair{{types=[] flags=0x0] notFlags=0x0 checks=[{atype=undefined independent=true modes=[CLOSE,TO_BACK] flags=IN_TASK_WITH_EMBEDDED_ACTIVITY mustBeTask=false order=ANY topActivity=null launchCookie=null taskFragmentToken=android.os.BinderProxy@677b6ac windowingMode=undefined isCrossDisplayMove=false}]} RemoteTransition { remoteTransition = android.window.IRemoteTransition$Stub$Proxy@fa95f75, appThread = android.app.IApplicationThread$Stub$Proxy@fb17b0a, debugName = overlayBackTransition }}
01-17 16:35:15.187  1058  1120 V WindowManagerShell:  Checking filter Pair{{types=[] flags=0x0] notFlags=0x0 checks=[{atype=dream independent=true modes=[OPEN,TO_FRONT] flags=NONE mustBeTask=false order=ANY topActivity=null launchCookie=null windowingMode=undefined isCrossDisplayMove=false},{atype=home independent=true modes=[CLOSE,TO_BACK] flags=NONE mustBeTask=false order=ANY topActivity=null launchCookie=null windowingMode=undefined isCrossDisplayMove=false}]} RemoteTransition { remoteTransition = android.window.IRemoteTransition$Stub$Proxy@5ca9f7b, appThread = android.app.IApplicationThread$Stub$Proxy@7ff9198, debugName = LauncherToDream }}
01-17 16:35:15.187  1058  1120 V WindowManagerShell:  Checking filter Pair{{types=[] flags=0x0] notFlags=0x100 checks=[{atype=home independent=true modes=[OPEN,TO_FRONT] flags=NONE mustBeTask=false order=TOP topActivity=ComponentInfo{com.google.android.apps.nexuslauncher/com.google.android.apps.nexuslauncher.NexusLauncherActivity} launchCookie=null windowingMode=undefined isCrossDisplayMove=false},{atype=standard independent=true modes=[CLOSE,TO_BACK] flags=NONE mustBeTask=false order=ANY topActivity=null launchCookie=null windowingMode=undefined isCrossDisplayMove=false},{NOT atype=undefined independent=true modes=[] flags=NONE mustBeTask=true order=ANY topActivity=null launchCookie=null customAnim=true windowingMode=undefined isCrossDisplayMove=false}]} RemoteTransition { remoteTransition = android.window.IRemoteTransition$Stub$Proxy@9bd7df1, appThread = android.app.IApplicationThread$Stub$Proxy@b743dd6, debugName = QuickstepLaunchHome }}
01-17 16:35:15.187  1058  1120 V WindowManagerShell:  Checking filter Pair{{types=[OPEN,TO_FRONT] flags=0x0] notFlags=0x0 checks=[{atype=standard independent=true modes=[OPEN,TO_FRONT] flags=NONE mustBeTask=true order=ANY topActivity=null launchCookie=null windowingMode=freeform isCrossDisplayMove=false}]} RemoteTransition { remoteTransition = android.window.IRemoteTransition$Stub$Proxy@4a0fdff, appThread = null, debugName = DesktopWindowLimitUnminimize }}
01-17 16:35:15.187  1058  1120 V WindowManagerShell:  Delegate animation for (#28) to null
01-17 16:35:15.188  1058  1120 V WindowManagerShell: start default transition animation, info = {id=28 t=CLOSE f=0x0 trk=0 r=[0@Point(0, 0)] c=[{m=CLOSE f=TRANSLUCENT|FILLS_TASK leash=Surface(name=ActivityRecord{46648218 u0 com.google.android.packageinstaller/com.android.packageinstaller.v2.ui.UninstallLaunch t33}#289)/@0xf5782f3 sb=Rect(0, 0 - 1080, 2400) eb=Rect(0, 0 - 1080, 2400) epz=Point(1080, 2400) d=0 bc=ffeeedf6 activity=ActivityTransitionInfo { component = ComponentInfo{com.google.android.packageinstaller/com.android.packageinstaller.v2.ui.UninstallLaunch}, taskId = 33, appCompatTransitionInfo = null } opt={t=FROM_STYLE mUserId=0}}]}
01-17 16:35:15.190  1186  1314 I SatelliteAppTracker: onPackageRemoved : com.example.hostelv3
01-17 16:35:15.194  1058  1120 V WindowManagerShell: loadAnimation: anim=null animAttr=0x7 type=CLOSE isEntrance=false
01-17 16:35:15.195  1058  1120 V WindowManagerShell: Transition animation finished (aborted=false), notifying core (#28) android.os.BinderProxy@f1b082d@0
01-17 16:35:15.201  1186  1186 E SmsApplication: com.google.android.apps.messaging lost android:read_cell_broadcasts:  (fixing)
01-17 16:35:15.204   804  2310 W AppOpService: Ignored setUidMode call for runtime permission app op: uid = 10154, code = READ_CELL_BROADCASTS, mode = allow, callingUid = 1001, oldMode = allow
01-17 16:35:15.204  1058  1120 V WindowManagerShell: Track 0 became idle
01-17 16:35:15.204  1058  1120 V WindowManagerShell: All active transition animations finished
01-17 16:35:15.204  1058  1120 V WindowManagerShell:  animated by com.android.wm.shell.transition.DefaultTransitionHandler@4437334
01-17 16:35:15.204  1058  1120 V WindowManagerShell: Track 0 became idle
01-17 16:35:15.204  1058  1120 V WindowManagerShell: All active transition animations finished
01-17 16:35:15.205   804   928 I ImeTracker: com.android.settings:f59b78da: onRequestHide at ORIGIN_SERVER reason HIDE_SAME_WINDOW_FOCUSED_WITHOUT_EDITOR fromUser false
01-17 16:35:15.211  1513  1513 I GoogleInputMethodService: GoogleInputMethodService.onFinishInput():2057 
01-17 16:35:15.214  3531  3531 D VRI[UninstallLaunch]: visibilityChanged oldVisibility=true newVisibility=false
01-17 16:35:15.214  3531  3531 D VRI[UninstallLaunch]: visibilityChanged oldVisibility=true newVisibility=false
01-17 16:35:15.215  1513  1513 I Module  : DeviceLockedStatusModuleProvider$Module.updateDeviceLockedStatus():100 repeatCheckTimes = 0, locked = false
01-17 16:35:15.218  1513  1513 I GoogleInputMethodService: GoogleInputMethodService.onStartInput():1318 onStartInput(EditorInfo{EditorInfo{packageName=com.android.settings, inputType=0, inputTypeString=NULL, enableLearning=false, autoCorrection=false, autoComplete=false, imeOptions=0, privateImeOptions=null, actionName=UNSPECIFIED, actionLabel=null, initialSelStart=-1, initialSelEnd=-1, initialCapsMode=0, label=null, fieldId=0, fieldName=null, extras=null, hintText=null, hintLocales=[]}}, false)
01-17 16:35:15.220  1513  1513 I Module  : DeviceLockedStatusModuleProvider$Module.updateDeviceLockedStatus():100 repeatCheckTimes = 1, locked = false
01-17 16:35:15.222   804  1256 W PackageConfigPersister: App-specific configuration not found for packageName: com.android.settings and userId: 0
01-17 16:35:15.230  3531  5085 D HWUI    : endAllActiveAnimators on 0x77d7942367b0 (RippleDrawable) with handle 0x77d874245430
01-17 16:35:15.239   804  1256 W AppOpService: Ignored setUidMode call for runtime permission app op: uid = 1001, code = READ_SMS, mode = allow, callingUid = 1001, oldMode = allow
01-17 16:35:15.247  3629  3629 D InsetsController: hide(ime())
01-17 16:35:15.247  3629  3629 I ImeTracker: com.android.settings:f59b78da: onCancelled at PHASE_CLIENT_ALREADY_HIDDEN
01-17 16:35:15.254   804   825 W AppOpService: Ignored setUidMode call for runtime permission app op: uid = 1001, code = RECEIVE_SMS, mode = allow, callingUid = 1001, oldMode = allow
01-17 16:35:15.260   804  1009 D ShortcutService: received package broadcast intent: Intent { act=android.intent.action.PACKAGE_REMOVED dat=package: flg=0x4000010 (has extras) }
01-17 16:35:15.260   804  1009 D ShortcutService: removing package: com.example.hostelv3 userId=0
01-17 16:35:15.269   804   959 W WifiService: Couldn't get PackageInfo for package:com.example.hostelv3
01-17 16:35:15.269   804   959 D WifiService: Remove settings for package:com.example.hostelv3
01-17 16:35:15.270   804   832 D OomAdjuster: Not killing cached processes
01-17 16:35:15.271   804  2281 W AppOpService: Ignored setUidMode call for runtime permission app op: uid = 1001, code = RECEIVE_WAP_PUSH, mode = allow, callingUid = 1001, oldMode = allow
01-17 16:35:15.277   804  2281 W AppOpService: Ignored setUidMode call for runtime permission app op: uid = 1001, code = SEND_SMS, mode = allow, callingUid = 1001, oldMode = allow
01-17 16:35:15.277   804   970 E AppOps  : attributionTag VCN not declared in manifest of android
01-17 16:35:15.280   804   959 D WifiConfigManager: Remove all networks for app ApplicationInfo{8dc0ef8 com.example.hostelv3}
01-17 16:35:15.285   804  2281 W AppOpService: Ignored setUidMode call for runtime permission app op: uid = 1001, code = READ_CELL_BROADCASTS, mode = allow, callingUid = 1001, oldMode = allow
01-17 16:35:15.298  3531  3531 D WindowOnBackDispatcher: setTopOnBackInvokedCallback (unwrapped): null
01-17 16:35:15.300  3531  3531 D WindowOnBackDispatcher: setTopOnBackInvokedCallback (unwrapped): null
01-17 16:35:15.301   804   959 I PasspointManager: No app ops listener found for com.example.hostelv3
01-17 16:35:15.307   804  1256 D CoreBackPreview: Window{2161616 u0 com.google.android.packageinstaller/com.android.packageinstaller.v2.ui.UninstallLaunch}: Setting back callback null
01-17 16:35:15.309   804  1256 D CoreBackPreview: Window{7c59d3e u0 com.google.android.packageinstaller/com.android.packageinstaller.v2.ui.UninstallLaunch}: Setting back callback null
01-17 16:35:15.317  3531  3531 D ViewRootImpl: Skipping stats log for color mode
01-17 16:35:15.318   804  1048 W HealthConnectTrackerManagerImpl: No step sensor found. Aborting initialization.
01-17 16:35:15.331   804   842 D ActivityManager: sync unfroze 4824 com.google.android.documentsui for 3
01-17 16:35:15.332   804   829 V WindowManager: Sent Transition (#28) createdAt=01-17 16:35:15.145 via request=TransitionRequestInfo { type = CLOSE, triggerTask = null, pipChange = null, remoteTransition = null, displayChange = null, requestedLocation = null, userChange = null, windowingLayerChange = null, flags = 0, debugId = 28 }
01-17 16:35:15.332   804   829 V WindowManager:     startWCT=WindowContainerTransaction { changes= {} hops= [] errorCallbackToken=null taskFragmentOrganizer=null }
01-17 16:35:15.332   804   829 V WindowManager:     info={id=28 t=CLOSE f=0x0 trk=0 r=[0@Point(0, 0)] c=[
01-17 16:35:15.332   804   829 V WindowManager:         {m=CLOSE f=TRANSLUCENT|FILLS_TASK leash=Surface(name=ActivityRecord{46648218 u0 com.google.android.packageinstaller/com.android.packageinstaller.v2.ui.UninstallLaunch t33}#289)/@0x141168f sb=Rect(0, 0 - 1080, 2400) eb=Rect(0, 0 - 1080, 2400) epz=Point(1080, 2400) d=0 bc=ffeeedf6 activity=ActivityTransitionInfo { component = ComponentInfo{com.google.android.packageinstaller/com.android.packageinstaller.v2.ui.UninstallLaunch}, taskId = 33, appCompatTransitionInfo = null } opt={t=FROM_STYLE mUserId=0}}
01-17 16:35:15.332   804   829 V WindowManager:     ]}
01-17 16:35:15.334   804   829 V WindowManager: Finish Transition (#28): created at 01-17 16:35:15.145 collect-started=0.057ms request-sent=0.154ms started=13.003ms ready=22.802ms sent=29.172ms commit=35.677ms finished=57.774ms
01-17 16:35:15.346   804   903 I RollbackManager: broadcast=ACTION_PACKAGE_FULLY_REMOVED pkg=com.example.hostelv3
01-17 16:35:15.348  1058  1120 V WindowManagerShell: Transition requested (#29): android.os.BinderProxy@f17f174 TransitionRequestInfo { type = CLOSE, triggerTask = TaskInfo{userId=0 taskId=33 effectiveUid=1000 displayId=0 isRunning=false baseIntent=Intent { act=android.settings.APPLICATION_DETAILS_SETTINGS dat=package: flg=0x10008000 cmp=com.android.settings/.applications.InstalledAppDetails } baseActivity=null topActivity=null origActivity=ComponentInfo{com.android.settings/com.android.settings.applications.InstalledAppDetails} realActivity=ComponentInfo{com.android.settings/com.android.settings.applications.InstalledAppDetailsTop} numActivities=0 lastActiveTime=451479 supportsMultiWindow=true resizeMode=1 isResizeable=true minWidth=-1 minHeight=-1 defaultMinSize=220 token=WCT{android.os.BinderProxy@2454cd8} topActivityType=1 pictureInPictureParams=null shouldDockBigOverlays=false launchIntoPipHostTaskId=-1 lastParentTaskIdBeforePip=-1 displayCutoutSafeInsets=Rect(0, 0 - 0, 0) topActivityInfo=null launchCookies=[android.os.BinderProxy@3328b16] positionInParent=Point(0, 0) parentTaskId=-1 isFocused=true isVisible=true isVisibleRequested=true isTopActivityNoDisplay=false isSleeping=false locusId=null displayAreaFeatureId=1 isTopActivityTransparent=false isActivityStackTransparent=true lastNonFullscreenBounds=null capturedLink=null capturedLinkTimestamp=0 requestedVisibleTypes=503 topActivityRequestOpenInBrowserEducationTimestamp=0 appCompatTaskInfo=AppCompatTaskInfo { topActivityInSizeCompat=false isLeafTask= true eligibleForLetterboxEducation= false isLetterboxEducationEnabled= false isLetterboxDoubleTapEnabled= false eligibleForUserAspectRatioButton= false topActivityBoundsLetterboxed= false isFromLetterboxDoubleTap= false topActivityLetterboxVerticalPosition= -1 topActivityLetterboxHorizontalPosition= -1 topActivityLetterboxWidth=-1 topActivityLetterboxHeight=-1 topActivityAppBounds=Rect(0, 0 - 0, 0) isUserFullscreenOverrideEnabled=false isSystemFullscreenOverrideEnabled=false hasMinAspectRatioOverride=false topActivityLetterboxBounds=null cameraCompatTaskInfo=CameraCompatTaskInfo { cameraCompatMode=undefinedundefined} topNonResizableActivityAspectRatio=-1.0} topActivityMainWindowFrame=null isAppBubble=false}, pipChange = null, remoteTransition = null, displayChange = null, requestedLocation = null, userChange = null, windowingLayerChange = null, flags = 0, debugId = 29 }
01-17 16:35:15.349  1058  1120 V ShellDesktopMode: DesktopTasksController: handleRequest request=TransitionRequestInfo { type = CLOSE, triggerTask = TaskInfo{userId=0 taskId=33 effectiveUid=1000 displayId=0 isRunning=false baseIntent=Intent { act=android.settings.APPLICATION_DETAILS_SETTINGS dat=package: flg=0x10008000 cmp=com.android.settings/.applications.InstalledAppDetails } baseActivity=null topActivity=null origActivity=ComponentInfo{com.android.settings/com.android.settings.applications.InstalledAppDetails} realActivity=ComponentInfo{com.android.settings/com.android.settings.applications.InstalledAppDetailsTop} numActivities=0 lastActiveTime=451479 supportsMultiWindow=true resizeMode=1 isResizeable=true minWidth=-1 minHeight=-1 defaultMinSize=220 token=WCT{android.os.BinderProxy@2454cd8} topActivityType=1 pictureInPictureParams=null shouldDockBigOverlays=false launchIntoPipHostTaskId=-1 lastParentTaskIdBeforePip=-1 displayCutoutSafeInsets=Rect(0, 0 - 0, 0) topActivityInfo=null launchCookies=[android.os.BinderProxy@3328b16] positionInParent=Point(0, 0) parentTaskId=-1 isFocused=true isVisible=true isVisibleRequested=true isTopActivityNoDisplay=false isSleeping=false locusId=null displayAreaFeatureId=1 isTopActivityTransparent=false isActivityStackTransparent=true lastNonFullscreenBounds=null capturedLink=null capturedLinkTimestamp=0 requestedVisibleTypes=503 topActivityRequestOpenInBrowserEducationTimestamp=0 appCompatTaskInfo=AppCompatTaskInfo { topActivityInSizeCompat=false isLeafTask= true eligibleForLetterboxEducation= false isLetterboxEducationEnabled= false isLetterboxDoubleTapEnabled= false eligibleForUserAspectRatioButton= false topActivityBoundsLetterboxed= false isFromLetterboxDoubleTap= false topActivityLetterboxVerticalPosition= -1 topActivityLetterboxHorizontalPosition= -1 topActivityLetterboxWidth=-1 topActivityLetterboxHeight=-1 topActivityAppBounds=Rect(0, 0 - 0, 0) isUserFullscreenOverrideEnabled=false isSystemFullscreenOverrideEnabled=false hasMinAspectRatioOverride=false topActivityLetterboxBounds=null cameraCompatTaskInfo=CameraCompatTaskInfo { cameraCompatMode=undefinedundefined} topNonResizableActivityAspectRatio=-1.0} topActivityMainWindowFrame=null isAppBubble=false}, pipChange = null, remoteTransition = null, displayChange = null, requestedLocation = null, userChange = null, windowingLayerChange = null, flags = 0, debugId = 29 }
01-17 16:35:15.349  1058  1120 V ShellDesktopMode: DesktopTasksController: skipping handleRequest reason=triggerTask's display doesn't support desktop mode
01-17 16:35:15.359   804  1256 V WindowManager: Defer transition id=29 for TaskFragmentTransaction=android.os.Binder@4877e0f
01-17 16:35:15.359   804  1256 V WindowManager: deferTransitionReady deferReadyDepth=1 stack=com.android.server.wm.TransitionController.deferTransitionReady:1061 com.android.server.wm.TaskFragmentOrganizerController$TaskFragmentOrganizerState.dispatchTransaction:517 com.android.server.wm.TaskFragmentOrganizerController.dispatchPendingEvents:1259 com.android.server.wm.TaskFragmentOrganizerController.dispatchPendingEvents:1228 com.android.server.wm.RootWindowContainer.performSurfacePlacement:777 
01-17 16:35:15.377  5103  5103 W libbinder.BackendUnifiedServiceManager: Thread Pool max thread count is 0. Cannot cache binder as linkToDeath cannot be implemented. serviceName: package
01-17 16:35:15.381   804   959 W WifiService: Couldn't get PackageInfo for package:com.example.hostelv3
01-17 16:35:15.381   804   959 D WifiService: Remove settings for package:com.example.hostelv3
01-17 16:35:15.381   804   959 D WifiConfigManager: Remove all networks for app ApplicationInfo{644f534 com.example.hostelv3}
01-17 16:35:15.381   804   959 I PasspointManager: No app ops listener found for com.example.hostelv3
01-17 16:35:15.415  1201  1201 D BaseActivity: Launcher flags updated: [state_started] +[state_started]
01-17 16:35:15.416  1201  1201 D BaseActivity: Launcher flags updated: [state_started|state_resumed|state_user_active] +[state_resumed|state_user_active]
01-17 16:35:15.422  3531  3531 D ViewRootImpl: Skipping stats log for color mode
01-17 16:35:15.423  2057  2057 I Finsky  : [2] ahkp - Received: android.intent.action.PACKAGE_REMOVED, [vobwpHdxhIqAqwjfnzylvcrhxS48ECEJupOEz9wmACE]
01-17 16:35:15.432  1201  1201 D NexusLauncherModelDelegate: notifySmartspaceEvent: SmartspaceTargetEvent{mSmartspaceTarget=null, mSmartspaceActionId='null', mEventType=6}
01-17 16:35:15.435  1058  1120 D WindowManagerShell: setLauncherKeepClearAreaHeight: visible=true, height=495
01-17 16:35:15.441   804   842 D ActivityManager: sync unfroze 2414 com.android.vending:background for 3
01-17 16:35:15.460  2414  2414 I Finsky:background: [2] Memory trim requested to level 40
01-17 16:35:15.484  1201  1201 D SsBaseTemplateCard: Date view text is empty
01-17 16:35:15.484  1201  1201 D SsBaseTemplateCard: Passed-in item info is null
01-17 16:35:15.484  1201  1201 D SsBaseTemplateCard: Passed-in item info is null
01-17 16:35:15.484  1201  1201 D SsBaseTemplateCard: Passed-in item info is null
01-17 16:35:15.484  1201  1201 D SsBaseTemplateCard: Passed-in item info is null
01-17 16:35:15.484  1201  1201 I SsBaseTemplateCard: Secondary card pane is null
01-17 16:35:15.489  1201  1201 D NexusLauncherModelDelegate: notifySmartspaceEvent: SmartspaceTargetEvent{mSmartspaceTarget=SmartspaceTarget{mSmartspaceTargetId='date_card_794317_92634', mHeaderAction=null, mBaseAction=null, mCreationTimeMillis=0, mExpiryTimeMillis=0, mScore=0.0, mActionChips=[], mIconGrid=[], mFeatureType=1, mSensitive=false, mShouldShowExpanded=false, mSourceNotificationKey='null', mComponentName=ComponentInfo{com.google.android.apps.nexuslauncher/w7.d0}, mUserHandle=UserHandle{0}, mAssociatedSmartspaceTargetId='null', mSliceUri=null, mWidget=null, mTemplateData=BaseTemplateData{mTemplateType=1, mPrimaryItem=null, mSubtitleItem=null, mSubtitleSupplementalItem=null, mSupplementalLineItem=null, mSupplementalAlarmItem=null, mLayoutWeight=0}, mRemoteViews=null}, mSmartspaceActionId='null', mEventType=3}
01-17 16:35:15.496  1058  1358 D WallpaperService: onVisibilityChanged(true): com.android.systemui.wallpapers.ImageWallpaper$CanvasEngine@33a519b
01-17 16:35:15.534  1201  1201 D NexusLauncherModelDelegate: notifySmartspaceEvent: SmartspaceTargetEvent{mSmartspaceTarget=SmartspaceTarget{mSmartspaceTargetId='date_card_794317_92634', mHeaderAction=null, mBaseAction=null, mCreationTimeMillis=0, mExpiryTimeMillis=0, mScore=0.0, mActionChips=[], mIconGrid=[], mFeatureType=1, mSensitive=false, mShouldShowExpanded=false, mSourceNotificationKey='null', mComponentName=ComponentInfo{com.google.android.apps.nexuslauncher/w7.d0}, mUserHandle=UserHandle{0}, mAssociatedSmartspaceTargetId='null', mSliceUri=null, mWidget=null, mTemplateData=BaseTemplateData{mTemplateType=1, mPrimaryItem=null, mSubtitleItem=null, mSubtitleSupplementalItem=null, mSupplementalLineItem=null, mSupplementalAlarmItem=null, mLayoutWeight=0}, mRemoteViews=null}, mSmartspaceActionId='null', mEventType=2}
01-17 16:35:15.549   804  1652 V WindowManager: Continue transition id=29 for TaskFragmentTransaction=android.os.Binder@4877e0f
01-17 16:35:15.550   804  1652 V WindowManager: continueTransitionReady deferReadyDepth=0 stack=com.android.server.wm.TransitionController.continueTransitionReady:1071 com.android.server.wm.TaskFragmentOrganizerController$TaskFragmentOrganizerState.onTransactionFinished:546 com.android.server.wm.TaskFragmentOrganizerController.onTransactionHandled:740 android.window.ITaskFragmentOrganizerController$Stub.onTransact:225 android.os.Binder.execTransactInternal:1473 
01-17 16:35:15.564  2414  2414 I Finsky:background: [2] Memory trim requested to level 40
01-17 16:35:15.587   804   804 D ActivityManager: sync unfroze 4756 com.android.keychain for 10
01-17 16:35:15.590   804   804 D ActivityManager: sync unfroze 3010 com.android.dynsystem:dynsystem for 10
01-17 16:35:15.592   804   804 D ActivityManager: sync unfroze 2975 com.android.dynsystem for 10
01-17 16:35:15.605   804   804 W Looper  : Slow dispatch took 351ms main app=system_server main=true group=FOREGROUND h=android.app.ActivityThread$H c=android.app.LoadedApk$ReceiverDispatcher$Args$$ExternalSyntheticLambda0@710f501 m=0
01-17 16:35:15.606  1201  1201 D BaseDepthController: setSurface:
01-17 16:35:15.606  1201  1201 D BaseDepthController: 	mWaitingOnSurfaceValidity: false
01-17 16:35:15.606  1201  1201 D BaseDepthController: 	mBaseSurface: Surface(name=com.google.android.apps.nexuslauncher/com.google.android.apps.nexuslauncher.NexusLauncherActivity#304)/@0x427d763
01-17 16:35:15.606  1201  1201 V BaseDepthController: Applying blur: 79 to Surface(name=com.google.android.apps.nexuslauncher/com.google.android.apps.nexuslauncher.NexusLauncherActivity#304)/@0x427d763 applyImmediately: false
01-17 16:35:15.607   804   804 W Looper  : Slow delivery took 359ms main app=system_server main=true group=FOREGROUND h=android.app.ActivityThread$H c=android.app.LoadedApk$ReceiverDispatcher$Args$$ExternalSyntheticLambda0@416e03d m=0
01-17 16:35:15.611  4824  4828 W oid.documentsui: userfaultfd: MOVE ioctl seems unsupported: Connection timed out
01-17 16:35:15.615   804   911 I RoleService: Granting default roles...
01-17 16:35:15.617  1201  1201 D BaseDepthController: shouldBlurWorkspace: true targetState: AllApps currentStableState: AllApps mCurrentBlur: 79 mLauncher.getDepthBlurTargets(): [com.android.launcher3.Workspace{780ca27 V.ED..... ......ID 0,0-1080,2400 #7f0a049d app:id/workspace}, com.android.launcher3.Hotseat{9824d4 V.ED..... ......ID 0,1905-1080,2400 #7f0a01ee app:id/hotseat}]
01-17 16:35:15.623   706  4084 W libbinder.IPCThreadState: Sending oneway calls to frozen process.
01-17 16:35:15.640   804   830 W Looper  : Slow dispatch took 112ms android.ui app=system_server main=false group=TOP_APP h=com.android.server.am.ActivityManagerService$UiHandler c=com.android.server.am.UidObserverController$$ExternalSyntheticLambda0@e82a6f1 m=0
01-17 16:35:15.650  2414  2414 I Finsky:background: [2] ahkf - Received: android.intent.action.PACKAGE_REMOVED, [vobwpHdxhIqAqwjfnzylvcrhxS48ECEJupOEz9wmACE]
01-17 16:35:15.653   804   820 W system_server: Suspending all threads took: 18.986ms
01-17 16:35:15.665  1201  1201 D b/417220811: invalidateLoadedTasks - previous requestLoadId: -1
01-17 16:35:15.665  1201  1201 D BaseActivity: Launcher flags updated: [state_started|state_resumed|state_deferred_resumed|state_user_active] +[state_deferred_resumed]
01-17 16:35:15.665  1201  1201 D StatsLog: LAUNCHER_ONRESUME
01-17 16:35:15.674  1201  1201 D b/417220811: invalidateLoadedTasks - previous requestLoadId: -1
01-17 16:35:15.675  1201  1201 D b/417220811: invalidateLoadedTasks - previous requestLoadId: -1
01-17 16:35:15.716   804   804 I Telecom : CarModeTracker: Package com.example.hostelv3 is not tracked.: SSH.oR@AIs
01-17 16:35:15.719  2414  2414 I Finsky:background: [2] Package no longer installed: com.example.hostelv3
01-17 16:35:15.720   804   804 I Telecom : InCallController: updateCarModeForConnections: car mode apps: : SSH.oR@AIs
01-17 16:35:15.721  1201  2662 D WellbeingModel: Changes in apps: intent = [Intent { act=android.intent.action.PACKAGE_REMOVED dat=package: flg=0x4000010 (has extras) }]
01-17 16:35:15.723   804   804 I Telecom : InCallController: update carmode current:UserHandle{0} parent:null: SSH.oR@AIs
01-17 16:35:15.747   804  1011 D BackgroundInstallControlService: Package event received: 0
01-17 16:35:15.748   804  1011 D BackgroundInstallControlService: Package event received: 0
01-17 16:35:15.748   804  1011 D BackgroundInstallControlService: Package event received: 0
01-17 16:35:15.748   804  1011 D BackgroundInstallControlService: Package event received: 0
01-17 16:35:15.754  2414  2414 I Finsky:background: [2] Package no longer installed: com.example.hostelv3
01-17 16:35:15.763  2414  2414 I Finsky:background: [2] IQ: onPackageRemoved com.example.hostelv3, replacing=false, uninstallingFromPlay=false
01-17 16:35:15.765   804  3597 W SignedPackage: Package doesn't have required signing certificate: com.google.android.retaildemo
01-17 16:35:15.771   804  3597 E RoleControllerServiceImpl: Default/fallback role holder package doesn't qualify for the role, package: com.google.android.gms.supervision, role: android.app.role.SYSTEM_SUPERVISION, user: 0
01-17 16:35:15.771  1058  1080 V WindowManagerShell: onTransitionReady(transaction=3453153708542)
01-17 16:35:15.772  1058  1120 V WindowManagerShell: onTransitionReady (#29) android.os.BinderProxy@f17f174: {id=29 t=CLOSE f=0x0 trk=0 r=[0@Point(0, 0)] c=[
01-17 16:35:15.772  1058  1120 V WindowManagerShell:         {m=TO_FRONT f=SHOW_WALLPAPER|MOVE_TO_TOP leash=Surface(name=Task=1#44)/@0xbdec109 sb=Rect(0, 0 - 1080, 2400) eb=Rect(0, 0 - 1080, 2400) epz=Point(1080, 2400) d=0 taskParent=-1 winMode=1 userId=0},
01-17 16:35:15.772  1058  1120 V WindowManagerShell:         {m=CLOSE f=NONE leash=Surface(name=Task=33#265)/@0x29f1f0e sb=Rect(0, 0 - 1080, 2400) eb=Rect(0, 0 - 1080, 2400) epz=Point(1080, 2400) d=0 taskParent=-1 winMode=1 userId=0},
01-17 16:35:15.772  1058  1120 V WindowManagerShell:         {m=TO_FRONT f=IS_WALLPAPER leash=Surface(name=WallpaperWindowToken{543ead5}#60)/@0xc0aad2f sb=Rect(0, 0 - 1080, 2400) eb=Rect(0, 0 - 1080, 2400) epz=Point(1080, 2400) d=0}
01-17 16:35:15.772  1058  1120 V WindowManagerShell:     ]}
01-17 16:35:15.773  1058  1120 V WindowManagerShell: Playing animation for (#29) android.os.BinderProxy@f17f174@0
01-17 16:35:15.774  1058  1120 V ShellRecents: RecentsTransitionHandler.startAnimation: no controller found
01-17 16:35:15.777  1058  1120 V ShellDesktopMode: DesktopMixedTransitionHandler: No pending desktop transition
01-17 16:35:15.777  1058  1120 V WindowManagerShell: Transition doesn't have explicit remote, search filters for match for {id=29 t=CLOSE f=0x0 trk=0 r=[0@Point(0, 0)] c=[{m=TO_FRONT f=SHOW_WALLPAPER|MOVE_TO_TOP leash=Surface(name=Task=1#44)/@0xbdec109 sb=Rect(0, 0 - 1080, 2400) eb=Rect(0, 0 - 1080, 2400) epz=Point(1080, 2400) d=0 taskParent=-1 winMode=1 userId=0},{m=CLOSE f=NONE leash=Surface(name=Task=33#265)/@0x29f1f0e sb=Rect(0, 0 - 1080, 2400) eb=Rect(0, 0 - 1080, 2400) epz=Point(1080, 2400) d=0 taskParent=-1 winMode=1 userId=0},{m=TO_FRONT f=IS_WALLPAPER leash=Surface(name=WallpaperWindowToken{543ead5}#60)/@0xc0aad2f sb=Rect(0, 0 - 1080, 2400) eb=Rect(0, 0 - 1080, 2400) epz=Point(1080, 2400) d=0}]}
01-17 16:35:15.777  1058  1120 V WindowManagerShell:  Checking filter Pair{{types=[] flags=0x0] notFlags=0x0 checks=[{atype=undefined independent=true modes=[CLOSE,TO_BACK] flags=IN_TASK_WITH_EMBEDDED_ACTIVITY mustBeTask=false order=ANY topActivity=null launchCookie=null taskFragmentToken=android.os.BinderProxy@677b6ac windowingMode=undefined isCrossDisplayMove=false}]} RemoteTransition { remoteTransition = android.window.IRemoteTransition$Stub$Proxy@fa95f75, appThread = android.app.IApplicationThread$Stub$Proxy@fb17b0a, debugName = overlayBackTransition }}
01-17 16:35:15.777  1058  1120 V WindowManagerShell:  Checking filter Pair{{types=[] flags=0x0] notFlags=0x0 checks=[{atype=dream independent=true modes=[OPEN,TO_FRONT] flags=NONE mustBeTask=false order=ANY topActivity=null launchCookie=null windowingMode=undefined isCrossDisplayMove=false},{atype=home independent=true modes=[CLOSE,TO_BACK] flags=NONE mustBeTask=false order=ANY topActivity=null launchCookie=null windowingMode=undefined isCrossDisplayMove=false}]} RemoteTransition { remoteTransition = android.window.IRemoteTransition$Stub$Proxy@5ca9f7b, appThread = android.app.IApplicationThread$Stub$Proxy@7ff9198, debugName = LauncherToDream }}
01-17 16:35:15.777  1058  1120 V WindowManagerShell:  Checking filter Pair{{types=[] flags=0x0] notFlags=0x100 checks=[{atype=home independent=true modes=[OPEN,TO_FRONT] flags=NONE mustBeTask=false order=TOP topActivity=ComponentInfo{com.google.android.apps.nexuslauncher/com.google.android.apps.nexuslauncher.NexusLauncherActivity} launchCookie=null windowingMode=undefined isCrossDisplayMove=false},{atype=standard independent=true modes=[CLOSE,TO_BACK] flags=NONE mustBeTask=false order=ANY topActivity=null launchCookie=null windowingMode=undefined isCrossDisplayMove=false},{NOT atype=undefined independent=true modes=[] flags=NONE mustBeTask=true order=ANY topActivity=null launchCookie=null customAnim=true windowingMode=undefined isCrossDisplayMove=false}]} RemoteTransition { remoteTransition = android.window.IRemoteTransition$Stub$Proxy@9bd7df1, appThread = android.app.IApplicationThread$Stub$Proxy@b743dd6, debugName = QuickstepLaunchHome }}
01-17 16:35:15.777  1058  1120 D RemoteTransitionHandler: Found filterPair{{types=[] flags=0x0] notFlags=0x100 checks=[{atype=home independent=true modes=[OPEN,TO_FRONT] flags=NONE mustBeTask=false order=TOP topActivity=ComponentInfo{com.google.android.apps.nexuslauncher/com.google.android.apps.nexuslauncher.NexusLauncherActivity} launchCookie=null windowingMode=undefined isCrossDisplayMove=false},{atype=standard independent=true modes=[CLOSE,TO_BACK] flags=NONE mustBeTask=false order=ANY topActivity=null launchCookie=null windowingMode=undefined isCrossDisplayMove=false},{NOT atype=undefined independent=true modes=[] flags=NONE mustBeTask=true order=ANY topActivity=null launchCookie=null customAnim=true windowingMode=undefined isCrossDisplayMove=false}]} RemoteTransition { remoteTransition = android.window.IRemoteTransition$Stub$Proxy@9bd7df1, appThread = android.app.IApplicationThread$Stub$Proxy@b743dd6, debugName = QuickstepLaunchHome }}
01-17 16:35:15.778  1058  1120 V WindowManagerShell:  Delegate animation for (#29) to RemoteTransition { remoteTransition = android.window.IRemoteTransition$Stub$Proxy@9bd7df1, appThread = android.app.IApplicationThread$Stub$Proxy@b743dd6, debugName = QuickstepLaunchHome }
01-17 16:35:15.796  2414  2414 I Finsky:background: [2] ahkf - Received: android.intent.action.PACKAGE_FULLY_REMOVED, [vobwpHdxhIqAqwjfnzylvcrhxS48ECEJupOEz9wmACE]
01-17 16:35:15.799  2414  2414 I Finsky:background: [2] Package no longer installed: com.example.hostelv3
01-17 16:35:15.800  2414  5122 I Finsky:background: [105] IQ: handled package removed
01-17 16:35:15.803  1201  1201 D LauncherStateManager: StateManager.cancelAnimation: animation ongoing: false, partial trace:
01-17 16:35:15.803  1201  1201 D LauncherStateManager: 	at com.android.launcher3.statemanager.StateManager.setCurrentAnimation(go/retraceme f3a19d912c87c27267cfbc05ba0bc7b202ab72a6648bd76225f5f7e128d94583:18)
01-17 16:35:15.803  1201  1201 D LauncherStateManager: 	at com.android.launcher3.QuickstepTransitionManager.createWallpaperOpenAnimations(go/retraceme f3a19d912c87c27267cfbc05ba0bc7b202ab72a6648bd76225f5f7e128d94583:646)
01-17 16:35:15.803  1201  1201 D LauncherStateManager: 	at com.android.launcher3.QuickstepTransitionManager$WallpaperOpenLauncherAnimationRunner.onAnimationStart(go/retraceme f3a19d912c87c27267cfbc05ba0bc7b202ab72a6648bd76225f5f7e128d94583:96)
01-17 16:35:15.804  1201  1201 D b/311077782: LauncherAnimationRunner.setAnimation
01-17 16:35:15.812  1631  1817 I AiAiEcho: Predicting[0]:  [CONTEXT sampling_count=5 ]
01-17 16:35:15.812  1631  1817 I AiAiEcho: EchoTargets: 
01-17 16:35:15.812  1631  1817 I AiAiEcho: Filtered by AiAi flag check: 
01-17 16:35:15.812  1631  1817 I AiAiEcho: [CONTEXT ratelimit_period="10 SECONDS" ]
01-17 16:35:15.812  2414  2414 I Finsky:background: [2] ahkf - Deduping intent android.intent.action.PACKAGE_FULLY_REMOVED
01-17 16:35:15.812  1631  1817 I AiAiEcho: #remoteViewsTwiddler: feature disabled.
01-17 16:35:15.815  2414  2522 I Finsky:background: [64] RECEIVER_PACKAGE_MONITOR_BACKGROUND#logWorkEndAndFinishGoAsync: SUCCESS
01-17 16:35:15.815  1201  1268 D QuickstepModelDelegate: notifyAppTargetEvent action=1 launchLocation=
01-17 16:35:15.816  1631  1817 I AiAiEcho: #postPredictionTargets: Sending updates to UISurface home with targets# 0 (types=[])
01-17 16:35:15.822   804   820 I system_server: Background concurrent mark compact GC freed 12MB AllocSpace bytes, 20(672KB) LOS objects, 39% free, 37MB/61MB, paused 34.244ms,8.701ms total 747.217ms
01-17 16:35:15.826   804   829 V WindowManager: Sent Transition (#29) createdAt=01-17 16:35:15.316 via request=TransitionRequestInfo { type = CLOSE, triggerTask = TaskInfo{userId=0 taskId=33 effectiveUid=1000 displayId=0 isRunning=false baseIntent=Intent { act=android.settings.APPLICATION_DETAILS_SETTINGS dat=package: flg=0x10008000 cmp=com.android.settings/.applications.InstalledAppDetails } baseActivity=null topActivity=null origActivity=ComponentInfo{com.android.settings/com.android.settings.applications.InstalledAppDetails} realActivity=ComponentInfo{com.android.settings/com.android.settings.applications.InstalledAppDetailsTop} numActivities=0 lastActiveTime=451479 supportsMultiWindow=true resizeMode=1 isResizeable=true minWidth=-1 minHeight=-1 defaultMinSize=220 token=WCT{RemoteToken{9bfe7fd Task{db7a1bc #33 type=standard A=1000:com.android.settings}}} topActivityType=1 pictureInPictureParams=null shouldDockBigOverlays=false launchIntoPipHostTaskId=-1 lastParentTaskIdBeforePip=-1 displayCutoutSafeInsets=Rect(0, 0 - 0, 0) topActivityInfo=null launchCookies=[android.os.BinderProxy@d3a6f43] positionInParent=Point(0, 0) parentTaskId=-1 isFocused=true isVisible=true isVisibleRequested=true isTopActivityNoDisplay=false isSleeping=false locusId=null displayAreaFeatureId=1 isTopActivityTransparent=false isActivityStackTransparent=true lastNonFullscreenBounds=null capturedLink=null capturedLinkTimestamp=0 requestedVisibleTypes=503 topActivityRequestOpenInBrowserEducationTimestamp=0 appCompatTaskInfo=AppCompatTaskInfo { topActivityInSizeCompat=false isLeafTask= true eligibleForLetterboxEducation= false isLetterboxEducationEnabled= false isLetterboxDoubleTapEnabled= false eligibleForUserAspectRatioButton= false topActivityBoundsLetterboxed= false isFromLetterboxDoubleTap= false topActivityLetterboxVerticalPosition= -1 topActivityLetterboxHorizontalPosition= -1 topActivityLetterboxWidth=-1 topActivityLetterboxHeight=-1 topActivityAppBounds=Rect(0, 0 - 0, 0) isUserFullscreenOverrideEnabled=false isSystemFullscreenOverrideEnabled=false hasMinAspectRatioOverride=false topActivityLetterboxBounds=null cameraCompatTaskInfo=CameraCompatTaskInfo { cameraCompatMode=undefinedundefined} topNonResizableActivityAspectRatio=-1.0} topActivityMainWindowFrame=null isAppBubble=false}, pipChange = null, remoteTransition = null, displayChange = null, requestedLocation = null, userChange = null, windowingLayerChange = null, flags = 0, debugId = 29 }
01-17 16:35:15.826   804   829 V WindowManager:     startWCT=WindowContainerTransaction { changes= {} hops= [] errorCallbackToken=null taskFragmentOrganizer=null }
01-17 16:35:15.827   804   829 V WindowManager:     info={id=29 t=CLOSE f=0x0 trk=0 r=[0@Point(0, 0)] c=[
01-17 16:35:15.827   804   829 V WindowManager:         {WCT{RemoteToken{8448a68 Task{d4ae3ab #1 type=home}}} m=TO_FRONT f=SHOW_WALLPAPER|MOVE_TO_TOP leash=Surface(name=Task=1#44)/@0x812d038 sb=Rect(0, 0 - 1080, 2400) eb=Rect(0, 0 - 1080, 2400) epz=Point(1080, 2400) d=0 taskParent=-1 winMode=1 userId=0},
01-17 16:35:15.827   804   829 V WindowManager:         {WCT{RemoteToken{9bfe7fd Task{db7a1bc #33 type=standard A=1000:com.android.settings}}} m=CLOSE f=NONE leash=Surface(name=Task=33#265)/@0xc9f7fa7 sb=Rect(0, 0 - 1080, 2400) eb=Rect(0, 0 - 1080, 2400) epz=Point(1080, 2400) d=0 taskParent=-1 winMode=1 userId=0},
01-17 16:35:15.827   804   829 V WindowManager:         {m=TO_FRONT f=IS_WALLPAPER leash=Surface(name=WallpaperWindowToken{543ead5}#60)/@0x97f349b sb=Rect(0, 0 - 1080, 2400) eb=Rect(0, 0 - 1080, 2400) epz=Point(1080, 2400) d=0}
01-17 16:35:15.827   804   829 V WindowManager:     ]}
01-17 16:35:15.831   804   821 I libbinder.BpBinder: onLastStrongRef automatically unlinking death recipients for descriptor: '(not cached)'
01-17 16:35:15.832   804   821 I libbinder.BpBinder: onLastStrongRef automatically unlinking death recipients for descriptor: '(not cached)'
01-17 16:35:15.843  2384  2408 I artd    : GetBestInfo: odex next to the dex file (/data/app/~~gYy9_rftdB4KjBUbJxjBKw==/com.google.android.gms-4D-hkG6mPddgBQbmRQkpoA==/oat/x86_64/base.odex) is kOatUpToDate with filter 'speed-profile' executable 'false'
01-17 16:35:15.850  1058  1120 V WindowManagerShell:  animated by com.android.wm.shell.transition.RemoteTransitionHandler@16e4285
01-17 16:35:15.852  1058  1120 D Bubbles : onLocusVisibilityChanged=Overview|DISABLED visible=true taskId=1
01-17 16:35:15.853   804  3597 W SignedPackage: Package doesn't have required signing certificate: com.google.android.apps.work.clouddpc
01-17 16:35:15.867  2384  2408 I artd    : GetBestInfo: odex next to the dex file (/data/app/~~gYy9_rftdB4KjBUbJxjBKw==/com.google.android.gms-4D-hkG6mPddgBQbmRQkpoA==/oat/x86_64/split_AdsDynamite_installtime.odex) is kOatUpToDate with filter 'speed' executable 'false'
01-17 16:35:15.868  2414  5120 I Finsky:background: [103] Frosting DB delete succeeded: true
01-17 16:35:15.870  1201  1201 D BaseActivity: Launcher flags updated: [state_started|state_resumed|state_deferred_resumed|state_window_focused|state_user_active] +[state_window_focused]
01-17 16:35:15.870  2414  5120 I Finsky:background: [103] Frosting DB delete succeeded: false
01-17 16:35:15.871  2384  2408 I artd    : GetBestInfo: odex next to the dex file (/data/app/~~gYy9_rftdB4KjBUbJxjBKw==/com.google.android.gms-4D-hkG6mPddgBQbmRQkpoA==/oat/x86_64/split_CronetDynamite_installtime.odex) is kOatUpToDate with filter 'speed' executable 'false'
01-17 16:35:15.874  2414  5120 I Finsky:background: [103] Frosting DB delete succeeded: false
01-17 16:35:15.879  2384  2408 I artd    : GetBestInfo: odex next to the dex file (/data/app/~~gYy9_rftdB4KjBUbJxjBKw==/com.google.android.gms-4D-hkG6mPddgBQbmRQkpoA==/oat/x86_64/split_DynamiteLoader_installtime.odex) is kOatUpToDate with filter 'speed' executable 'false'
01-17 16:35:15.884  2384  2408 I artd    : GetBestInfo: odex next to the dex file (/data/app/~~gYy9_rftdB4KjBUbJxjBKw==/com.google.android.gms-4D-hkG6mPddgBQbmRQkpoA==/oat/x86_64/split_DynamiteModulesA_installtime.odex) is kOatUpToDate with filter 'speed' executable 'false'
01-17 16:35:15.889  2384  2408 I artd    : GetBestInfo: odex next to the dex file (/data/app/~~gYy9_rftdB4KjBUbJxjBKw==/com.google.android.gms-4D-hkG6mPddgBQbmRQkpoA==/oat/x86_64/split_DynamiteModulesC_installtime.odex) is kOatUpToDate with filter 'speed' executable 'false'
01-17 16:35:15.892  1058  1058 D ControlsListingControllerImpl: ServiceConfig reloaded, count: 0
01-17 16:35:15.895  2384  2408 I artd    : GetBestInfo: odex next to the dex file (/data/app/~~gYy9_rftdB4KjBUbJxjBKw==/com.google.android.gms-4D-hkG6mPddgBQbmRQkpoA==/oat/x86_64/split_GoogleCertificates_installtime.odex) is kOatUpToDate with filter 'speed' executable 'false'
01-17 16:35:15.896   804  1011 D BackgroundInstallControlService: Package event received: 0
01-17 16:35:15.903  2384  2408 I artd    : GetBestInfo: odex next to the dex file (/data/app/~~gYy9_rftdB4KjBUbJxjBKw==/com.google.android.gms-4D-hkG6mPddgBQbmRQkpoA==/oat/x86_64/split_MapsDynamite_installtime.odex) is kOatUpToDate with filter 'speed' executable 'false'
01-17 16:35:15.905   804   928 I ImeTracker: com.google.android.apps.nexuslauncher:95bef1fd: onRequestHide at ORIGIN_SERVER reason HIDE_UNSPECIFIED_WINDOW fromUser false
01-17 16:35:15.906  2384  2408 I artd    : GetBestInfo: odex next to the dex file (/data/app/~~gYy9_rftdB4KjBUbJxjBKw==/com.google.android.gms-4D-hkG6mPddgBQbmRQkpoA==/oat/x86_64/split_MeasurementDynamite_installtime.odex) is kOatUpToDate with filter 'speed' executable 'false'
01-17 16:35:15.910  2384  2408 I artd    : GetBestInfo: /data/user_de/0/com.google.android.gms/app_chimera/m/00000014/dl-MlkitOcrCommon.optional_254730100800.apk has no usable artifacts
01-17 16:35:15.915  2384  2408 I artd    : GetBestInfo: /data/user_de/0/com.google.android.gms/app_chimera/m/0000000e/dl-MlkitBarcodeUi.optional_253434100800.apk has no usable artifacts
01-17 16:35:15.916  2384  2408 I artd    : GetBestInfo: /data/user_de/0/com.google.android.gms/app_chimera/m/00000001/CronetDynamite.apk has no usable artifacts
01-17 16:35:15.917   804  3597 I Role    : com.google.android.gms not qualified for android.app.role.SYSTEM_DEPENDENCY_INSTALLER due to missing RequiredComponent{mIntentFilterData=IntentFilterData{mAction='android.content.pm.action.INSTALL_DEPENDENCY', mCategories='[]', mDataScheme='null', mDataType='null'}, mMinTargetSdkVersion=1, mFlags='0', mPermission='android.permission.BIND_DEPENDENCY_INSTALLER', mQueryFlags=0, mMetaData=[]}
01-17 16:35:15.919   804  3597 E RoleControllerServiceImpl: Default/fallback role holder package doesn't qualify for the role, package: com.google.android.gms, role: android.app.role.SYSTEM_DEPENDENCY_INSTALLER, user: 0
01-17 16:35:15.920  2384  2408 I artd    : GetBestInfo: vdex next to the dex file (/data/user/0/com.google.android.gms/app_dg_cache/8D3338F12DEF4B3BEE6B6A88392A16C26326C269/oat/x86_64/the.vdex) is kOatUpToDate with filter 'verify' executable 'false'
01-17 16:35:15.923  2384  4533 I artd    : GetBestInfo: /data/user_de/0/com.google.android.gms/app_chimera/m/00000013/dl-Appsearch.optional_254730100800.apk has no usable artifacts
01-17 16:35:15.931  2384  4533 I artd    : GetBestInfo: /data/user_de/0/com.google.android.gms/app_chimera/m/00000002/DynamiteLoader.apk has no usable artifacts
01-17 16:35:15.933   644   676 I libbinder.BpBinder: onLastStrongRef automatically unlinking death recipients for descriptor: '(not cached)'
01-17 16:35:15.935  2384  4533 I artd    : GetBestInfo: /data/user_de/0/com.google.android.gms/app_chimera/m/00000015/dl-MlkitBarcodeUi.optional_254730100800.apk has no usable artifacts
01-17 16:35:15.935   644   676 I libbinder.BpBinder: onLastStrongRef automatically unlinking death recipients for descriptor: '(not cached)'
01-17 16:35:15.940  2384  4533 I artd    : GetBestInfo: /data/user_de/0/com.google.android.gms/app_chimera/m/00000005/GoogleCertificates.apk has no usable artifacts
01-17 16:35:15.948  3629  3633 W ndroid.settings: Cleared Reference was only reachable from finalizer (only reported once)
01-17 16:35:15.949  2384  4533 I artd    : GetBestInfo: vdex next to the dex file (/data/user/0/com.google.android.gms/app_dg_cache/75B002AD7F3A98695252C9DAC843D1E8AFB5FDFC/oat/x86_64/the.vdex) is kOatUpToDate with filter 'verify' executable 'false'
01-17 16:35:15.951  2384  4533 I artd    : GetBestInfo: vdex next to the dex file (/data/user/0/com.google.android.gms/app_dg_cache/3E7B8642D2C3A70E57BF17BBA509AC6EF658CD43/oat/x86_64/the.vdex) is kOatUpToDate with filter 'verify' executable 'false'
01-17 16:35:15.954  2384  4533 I artd    : GetBestInfo: vdex next to the dex file (/data/user/0/com.google.android.gms/app_dg_cache/3E73B89A0E8F8D5E047D9204352987BD0EB5D68B/oat/x86_64/the.vdex) is kOatUpToDate with filter 'verify' executable 'false'
01-17 16:35:15.958  2384  4533 I artd    : GetBestInfo: /data/user_de/0/com.google.android.gms/app_chimera/m/0000000a/dl-MlkitOcrCommon.optional_253434100800.apk has no usable artifacts
01-17 16:35:15.960  2057  2057 I Finsky  : [2] Clearing split related stale data.
01-17 16:35:15.965  2384  4533 I artd    : GetBestInfo: /data/user_de/0/com.google.android.gms/app_chimera/m/00000012/dl-PlayCloudSearch.optional_254730100000.apk has no usable artifacts
01-17 16:35:15.971  2384  2408 I artd    : GetBestInfo: /data/user_de/0/com.google.android.gms/app_chimera/m/00000008/dl-VisionOcr.optional_253434100000.apk has no usable artifacts
01-17 16:35:15.976  2384  2408 I artd    : GetBestInfo: /data/user_de/0/com.google.android.gms/app_chimera/m/0000000c/dl-Appsearch.optional_253434100800.apk has no usable artifacts
01-17 16:35:15.977   804   804 W Looper  : Slow dispatch took 224ms main app=system_server main=true group=FOREGROUND h=android.app.ActivityThread$H c=android.app.LoadedApk$ReceiverDispatcher$Args$$ExternalSyntheticLambda0@a4bfe70 m=0
01-17 16:35:15.977   804   804 I AppSearchManagerService: Handling android.intent.action.PACKAGE_FULLY_REMOVED broadcast on package: com.example.hostelv3
01-17 16:35:15.977  1201  1201 D InsetsController: hide(ime())
01-17 16:35:15.977  1201  1201 I ImeTracker: com.google.android.apps.nexuslauncher:95bef1fd: onCancelled at PHASE_CLIENT_ALREADY_HIDDEN
01-17 16:35:15.978  1513  1513 I GoogleInputMethodService: GoogleInputMethodService.onFinishInput():2057 
01-17 16:35:15.979   804   804 D AppSearchAppsIndexerManagerS: userid in package receiver: 10229
01-17 16:35:15.979  2384  2408 I artd    : GetBestInfo: vdex next to the dex file (/data/user/0/com.google.android.gms/app_dg_cache/9F0553103A93E6B9A9293C06FF57F54D16588402/oat/x86_64/the.vdex) is kOatUpToDate with filter 'verify' executable 'false'
01-17 16:35:15.979  1513  1513 I Module  : DeviceLockedStatusModuleProvider$Module.updateDeviceLockedStatus():100 repeatCheckTimes = 0, locked = false
01-17 16:35:15.981  2384  2408 I artd    : GetBestInfo: /data/user_de/0/com.google.android.gms/app_chimera/m/00000010/dl-VisionOcr.optional_254730100000.apk has no usable artifacts
01-17 16:35:15.982  1513  1513 I GoogleInputMethodService: GoogleInputMethodService.onStartInput():1318 onStartInput(EditorInfo{EditorInfo{packageName=com.google.android.apps.nexuslauncher, inputType=0, inputTypeString=NULL, enableLearning=false, autoCorrection=false, autoComplete=false, imeOptions=0, privateImeOptions=null, actionName=UNSPECIFIED, actionLabel=null, initialSelStart=-1, initialSelEnd=-1, initialCapsMode=0, label=null, fieldId=0, fieldName=null, extras=null, hintText=null, hintLocales=[]}}, false)
01-17 16:35:15.985  1513  1513 I Module  : DeviceLockedStatusModuleProvider$Module.updateDeviceLockedStatus():100 repeatCheckTimes = 1, locked = false
01-17 16:35:15.988  2384  2408 I artd    : GetBestInfo: vdex next to the dex file (/data/user/0/com.google.android.gms/app_dg_cache/D7ECB6ECAAAB0DCD8DECD74AE43F16D2EC2B3A20/oat/x86_64/the.vdex) is kOatUpToDate with filter 'verify' executable 'false'
01-17 16:35:15.994  2384  2408 I artd    : GetBestInfo: /data/user_de/0/com.google.android.gms/app_chimera/m/0000000f/dl-PlayCloudSearch.optional_253434100000.apk has no usable artifacts
01-17 16:35:15.996  2384  2408 I artd    : GetBestInfo: /data/user_de/0/com.google.android.gms/app_chimera/m/00000009/dl-TfliteDynamiteDynamite.integ_243930802100800.apk has no usable artifacts
01-17 16:35:16.010   804  2281 W PackageConfigPersister: App-specific configuration not found for packageName: com.google.android.apps.nexuslauncher and userId: 0
01-17 16:35:16.010  1513  1513 W NotificationCenter: NotificationCenter$NotificationQueue.notifyPendingNotificationsOnExecutor():877 Heavy notify work detected on UI thread: [ltj->kub] takes 25ms
01-17 16:35:16.022   804  2451 I ImeTracker: system_server:9dc4432b: onRequestHide at ORIGIN_SERVER reason IME_REQUESTED_CHANGED_LISTENER fromUser false
01-17 16:35:16.027   804   832 I ImeTracker: system_server:9dc4432b: onCancelled at PHASE_SERVER_SHOULD_HIDE
01-17 16:35:16.030   804  1011 D BackgroundInstallControlService: Package event received: 0
