01-17 16:35:06.111  1201  1201 D AllAppsTransitionController: shouldProtectHeader: true skipScrim: false state: AllApps stateManager.getState(): Normal
01-17 16:35:06.112  1201  1201 D KeyboardInsetsHandler: removePendingImeController: pendingImeController=null
01-17 16:35:06.112  1201  1201 I KeyboardInsetsHandler: shouldKeyboardTransition, status=false toState:AllApps StateManager(mLastStableState:Normal, mCurrentStableState:Normal, mState:Normal, mRestState:null, isInTransition:false) isImeShowRequested:false enableKeyboardAlwaysUp:false isUserControlled:true isFromIntentOrA11y:false
01-17 16:35:06.114  1201  1201 D BaseActivity: Launcher flags updated: [state_started|state_resumed|state_deferred_resumed|state_window_focused|state_user_active|state_transition_active] +[state_transition_active]
01-17 16:35:06.114  1201  1201 D LauncherStateManager: StateManager.onStateTransitionStart: state: AllApps
01-17 16:35:06.115  1201  1201 V BaseDepthController: Applying blur: 10 to Surface(name=com.google.android.apps.nexuslauncher/com.google.android.apps.nexuslauncher.NexusLauncherActivity#163)/@0x427d763 applyImmediately: false
01-17 16:35:06.115  1201  1201 D BaseDepthController: shouldBlurWorkspace: true targetState: AllApps currentStableState: Normal mCurrentBlur: 10 mLauncher.getDepthBlurTargets(): [com.android.launcher3.Workspace{2290f60 V.ED..... ......ID 0,0-1080,2400 #7f0a049d app:id/workspace}, com.android.launcher3.Hotseat{26afc19 V.ED..... ........ 0,1905-1080,2400 #7f0a01ee app:id/hotseat}]
01-17 16:35:06.115  1201  1201 I BaseDragLayer: NoButtonNavbarToOverviewTouchController
01-17 16:35:06.117   804  1011 D BackgroundInstallControlService: Package event received: 0
01-17 16:35:06.135  1201  1201 V BaseDepthController: Applying blur: 26 to Surface(name=com.google.android.apps.nexuslauncher/com.google.android.apps.nexuslauncher.NexusLauncherActivity#163)/@0x427d763 applyImmediately: false
01-17 16:35:06.136  1201  1201 D BaseDepthController: shouldBlurWorkspace: true targetState: AllApps currentStableState: Normal mCurrentBlur: 26 mLauncher.getDepthBlurTargets(): [com.android.launcher3.Workspace{2290f60 V.ED..... ........ 0,0-1080,2400 #7f0a049d app:id/workspace}, com.android.launcher3.Hotseat{26afc19 V.ED..... ........ 0,1905-1080,2400 #7f0a01ee app:id/hotseat}]
01-17 16:35:06.154  1201  1201 V BaseDepthController: Applying blur: 45 to Surface(name=com.google.android.apps.nexuslauncher/com.google.android.apps.nexuslauncher.NexusLauncherActivity#163)/@0x427d763 applyImmediately: false
01-17 16:35:06.154  1201  1201 D BaseDepthController: shouldBlurWorkspace: true targetState: AllApps currentStableState: Normal mCurrentBlur: 45 mLauncher.getDepthBlurTargets(): [com.android.launcher3.Workspace{2290f60 V.ED..... ........ 0,0-1080,2400 #7f0a049d app:id/workspace}, com.android.launcher3.Hotseat{26afc19 V.ED..... ........ 0,1905-1080,2400 #7f0a01ee app:id/hotseat}]
01-17 16:35:06.170  1201  1201 V BaseDepthController: Applying blur: 60 to Surface(name=com.google.android.apps.nexuslauncher/com.google.android.apps.nexuslauncher.NexusLauncherActivity#163)/@0x427d763 applyImmediately: false
01-17 16:35:06.170  1201  1201 D BaseDepthController: shouldBlurWorkspace: true targetState: AllApps currentStableState: Normal mCurrentBlur: 60 mLauncher.getDepthBlurTargets(): [com.android.launcher3.Workspace{2290f60 V.ED..... ........ 0,0-1080,2400 #7f0a049d app:id/workspace}, com.android.launcher3.Hotseat{26afc19 V.ED..... ........ 0,1905-1080,2400 #7f0a01ee app:id/hotseat}]
01-17 16:35:06.200  1201  1201 V BaseDepthController: Applying blur: 77 to Surface(name=com.google.android.apps.nexuslauncher/com.google.android.apps.nexuslauncher.NexusLauncherActivity#163)/@0x427d763 applyImmediately: false
01-17 16:35:06.200  1201  1201 D BaseDepthController: shouldBlurWorkspace: true targetState: AllApps currentStableState: Normal mCurrentBlur: 77 mLauncher.getDepthBlurTargets(): [com.android.launcher3.Workspace{2290f60 V.ED..... ........ 0,0-1080,2400 #7f0a049d app:id/workspace}, com.android.launcher3.Hotseat{26afc19 V.ED..... ........ 0,1905-1080,2400 #7f0a01ee app:id/hotseat}]
01-17 16:35:06.225  1201  1201 D BaseDepthController: Skipping small blur delta. newBlur: 78 previousBlur: 77 delta: 1 surface: Surface(name=com.google.android.apps.nexuslauncher/com.google.android.apps.nexuslauncher.NexusLauncherActivity#163)/@0x427d763
01-17 16:35:06.261  1201  1201 D BaseActivity: Launcher flags updated: [state_started|state_resumed|state_deferred_resumed|state_window_focused|state_user_active|state_transition_active]
01-17 16:35:06.262  1201  1201 D LauncherStateManager: StateManager.onStateTransitionStart: state: AllApps
01-17 16:35:06.267   804  1011 D BackgroundInstallControlService: Package event received: 0
01-17 16:35:06.291  1201  1201 V BaseDepthController: Applying blur: 79 to Surface(name=com.google.android.apps.nexuslauncher/com.google.android.apps.nexuslauncher.NexusLauncherActivity#163)/@0x427d763 applyImmediately: false
01-17 16:35:06.291  1201  1201 D BaseDepthController: setEarlyWakeup: false
01-17 16:35:06.291  1201  1201 D BaseDepthController: shouldBlurWorkspace: true targetState: AllApps currentStableState: Normal mCurrentBlur: 79 mLauncher.getDepthBlurTargets(): [com.android.launcher3.Workspace{2290f60 V.ED..... ........ 0,0-1080,2400 #7f0a049d app:id/workspace}, com.android.launcher3.Hotseat{26afc19 V.ED..... ........ 0,1905-1080,2400 #7f0a01ee app:id/hotseat}]
01-17 16:35:06.307  1201  1201 V BaseDepthController: Applying blur: 79 to Surface(name=com.google.android.apps.nexuslauncher/com.google.android.apps.nexuslauncher.NexusLauncherActivity#163)/@0x427d763 applyImmediately: false
01-17 16:35:06.307  1201  1201 D BaseDepthController: shouldBlurWorkspace: true targetState: AllApps currentStableState: Normal mCurrentBlur: 79 mLauncher.getDepthBlurTargets(): [com.android.launcher3.Workspace{2290f60 V.ED..... ........ 0,0-1080,2400 #7f0a049d app:id/workspace}, com.android.launcher3.Hotseat{26afc19 V.ED..... ........ 0,1905-1080,2400 #7f0a01ee app:id/hotseat}]
01-17 16:35:06.325  1201  1201 V BaseDepthController: Applying blur: 79 to Surface(name=com.google.android.apps.nexuslauncher/com.google.android.apps.nexuslauncher.NexusLauncherActivity#163)/@0x427d763 applyImmediately: false
01-17 16:35:06.325  1201  1201 D BaseDepthController: shouldBlurWorkspace: true targetState: AllApps currentStableState: Normal mCurrentBlur: 79 mLauncher.getDepthBlurTargets(): [com.android.launcher3.Workspace{2290f60 V.ED..... ........ 0,0-1080,2400 #7f0a049d app:id/workspace}, com.android.launcher3.Hotseat{26afc19 V.ED..... ........ 0,1905-1080,2400 #7f0a01ee app:id/hotseat}]
01-17 16:35:06.359  1201  1201 V BaseDepthController: Applying blur: 79 to Surface(name=com.google.android.apps.nexuslauncher/com.google.android.apps.nexuslauncher.NexusLauncherActivity#163)/@0x427d763 applyImmediately: false
01-17 16:35:06.359  1201  1201 D BaseDepthController: shouldBlurWorkspace: true targetState: AllApps currentStableState: Normal mCurrentBlur: 79 mLauncher.getDepthBlurTargets(): [com.android.launcher3.Workspace{2290f60 V.ED..... ........ 0,0-1080,2400 #7f0a049d app:id/workspace}, com.android.launcher3.Hotseat{26afc19 V.ED..... ........ 0,1905-1080,2400 #7f0a01ee app:id/hotseat}]
01-17 16:35:06.375  1201  1201 V BaseDepthController: Applying blur: 79 to Surface(name=com.google.android.apps.nexuslauncher/com.google.android.apps.nexuslauncher.NexusLauncherActivity#163)/@0x427d763 applyImmediately: false
01-17 16:35:06.375  1201  1201 D BaseDepthController: shouldBlurWorkspace: true targetState: AllApps currentStableState: Normal mCurrentBlur: 79 mLauncher.getDepthBlurTargets(): [com.android.launcher3.Workspace{2290f60 V.ED..... ........ 0,0-1080,2400 #7f0a049d app:id/workspace}, com.android.launcher3.Hotseat{26afc19 V.ED..... ........ 0,1905-1080,2400 #7f0a01ee app:id/hotseat}]
01-17 16:35:06.518  1201  1201 V BaseDepthController: Applying blur: 79 to Surface(name=com.google.android.apps.nexuslauncher/com.google.android.apps.nexuslauncher.NexusLauncherActivity#163)/@0x427d763 applyImmediately: false
01-17 16:35:06.518  1201  1201 D BaseDepthController: shouldBlurWorkspace: true targetState: AllApps currentStableState: Normal mCurrentBlur: 79 mLauncher.getDepthBlurTargets(): [com.android.launcher3.Workspace{2290f60 V.ED..... ........ 0,0-1080,2400 #7f0a049d app:id/workspace}, com.android.launcher3.Hotseat{26afc19 V.ED..... ........ 0,1905-1080,2400 #7f0a01ee app:id/hotseat}]
01-17 16:35:06.518  1201  1201 D BaseActivity: Launcher flags updated: [state_started|state_resumed|state_deferred_resumed|state_window_focused|state_user_active] -[state_transition_active]
01-17 16:35:06.519  1201  1201 D LauncherStateManager: StateManager.onStateTransitionEnd: state: AllApps
01-17 16:35:06.526  1201  1201 D RecentsView: reset - mEnableDrawingLiveTile: false, mRecentsAnimationController: null
01-17 16:35:06.527  1201  1201 D RecentsView: cleanupRemoteTargets - mRemoteTargetHandles: null
01-17 16:35:06.528  1201  3150 D StatsLog: LAUNCHER_GOOGLE_SEARCH_GMS_PLAY_INIT_CHANNEL
01-17 16:35:06.530  1201  1201 D StatsLog: LAUNCHER_ALLAPPS_OPEN_UP
01-17 16:35:06.562   804  1011 D BackgroundInstallControlService: Package event received: 0
01-17 16:35:06.567  1201  3150 D GmsPlayProvider: Created the binder channel successfully for end point component =ComponentInfo{com.google.android.gms/com.google.android.gms.play.cloud.search.PlayCloudSearchEndpointService} , mChannel=h3{delegate=f{logId=13, target=directaddress:///AndroidComponentAddress%5BIntent%20%7B%20act=com.google.android.gms.play.cloud.search.grpc.io.action.BIND%20cmp=com.google.android.gms/.play.cloud.search.PlayCloudSearchEndpointService%20%7D%5D}} , mConnection=p6.v@147021b
01-17 16:35:06.571  1201  1201 D SearchTargetUtil: queryLength=0 size=4
01-17 16:35:06.572  1201  1201 D SearchTargetUtil: layoutType=educard resultType=524288 packageName=
01-17 16:35:06.572  1201  1201 D SearchTargetUtil: layoutType=empty_divider resultType=262144 packageName=
01-17 16:35:06.572  1201  1201 D SearchTargetUtil: layoutType=placeholder resultType=131072 packageName=com.google.android.googlequicksearchbox
01-17 16:35:06.572  1201  1201 D SearchTargetUtil: layoutType=empty_divider resultType=262144 packageName=
01-17 16:35:06.646  1394  1394 I GmsCoreXrpcWrapper: (REDACTED) Creating a custom channel provider with trafficStatsTag=%d trafficStatsUid=%d
01-17 16:35:06.651  1394  1394 I PlayCloudSearchChimeraS: Starting the server
01-17 16:35:06.653  1394  1394 I PlayCloudSearchLifeCycl: Starting the GRPC server
01-17 16:35:06.657  1394  1394 I PlayCloudSearchChimeraS: onBind called
01-17 16:35:06.666  1394  5059 I GmsNetworkEngineImageFe: warmup called
01-17 16:35:06.667  1394  5059 I GmsNetworkEngineImageFe: fetchImage called
01-17 16:35:06.667  1394  5059 I GmsNetworkEngineImageFe: (REDACTED) image url: %s
01-17 16:35:06.683  1394  5059 I PlayCloudSearchServiceI: (REDACTED) getCompletions called on thread %s
01-17 16:35:06.689  1394  5059 I PlayCloudSearchServiceI: Empty account name
01-17 16:35:07.169   804   959 I HalDevMgr: bestIfaceCreationProposal is null, requestIface=STA, existingIface=[name=wlan0 type=STA]
01-17 16:35:07.634  1201  1201 D StatsLog: LAUNCHER_ALLAPPS_ITEM_LONG_PRESSED
01-17 16:35:07.686  1201  1201 W WellbeingModel: getShortcutForApp [com.example.hostelv3]: action: 'Pause app'
01-17 16:35:07.710  1201  1201 D ActivityContext: hideKeyboard
01-17 16:35:07.710  1201  1201 D ActivityContext: isImeShown: false
01-17 16:35:07.722   804  1652 D HapticFeedbackCustomization: No loadable haptic feedback customization from file.
01-17 16:35:07.731   804  1652 D HapticFeedbackCustomization: Successfully opened customization resource.
01-17 16:35:07.731   804  1652 D HapticFeedbackCustomization: Successfully opened customization resource.
01-17 16:35:07.732   804  1652 D HapticFeedbackCustomization: Successfully opened customization resource.
01-17 16:35:07.732   804  1652 D HapticFeedbackCustomization: Successfully opened customization resource.
01-17 16:35:07.739  1186  1314 D SatelliteController: iisInCarrierRoamingNbIotNtn: satellite is disabled
01-17 16:35:07.740   804  1652 W libbinder.IPCThreadState: Sending oneway calls to frozen process.
01-17 16:35:07.741  1186  1314 D SatelliteController: getCarrierRoamingNtnConnectType: Falling back to global carrier config connect type: 0
01-17 16:35:07.768  1201  1268 D AlphabeticIndexCompat: computeSectionName: cs: Settings sectionName: S
01-17 16:35:07.769  1201  1268 D AlphabeticIndexCompat: computeSectionName: cs: Photos sectionName: P
01-17 16:35:07.769  1201  1268 D AlphabeticIndexCompat: computeSectionName: cs: Battery sectionName: B
01-17 16:35:07.769  1201  1268 D AlphabeticIndexCompat: computeSectionName: cs: Chrome sectionName: C
01-17 16:35:07.769  1201  1268 D AlphabeticIndexCompat: computeSectionName: cs: Gmail sectionName: G
01-17 16:35:07.769  1201  1268 D AlphabeticIndexCompat: computeSectionName: cs: Drive sectionName: D
01-17 16:35:07.770  1201  1268 D AlphabeticIndexCompat: computeSectionName: cs: Clock sectionName: C
01-17 16:35:07.770  1201  1268 D AlphabeticIndexCompat: computeSectionName: cs: Contacts sectionName: C
01-17 16:35:07.770  1201  1268 D AlphabeticIndexCompat: computeSectionName: cs: Calendar sectionName: C
01-17 16:35:07.770  1201  1268 D AlphabeticIndexCompat: computeSectionName: cs: Maps sectionName: M
01-17 16:35:07.771  1201  1268 D AlphabeticIndexCompat: computeSectionName: cs: YouTube Music sectionName: Y
01-17 16:35:07.773  1201  1268 D AlphabeticIndexCompat: computeSectionName: cs: YouTube sectionName: Y
01-17 16:35:07.774  1201  1268 D AlphabeticIndexCompat: computeSectionName: cs: Google sectionName: G
01-17 16:35:07.777  1201  1268 D AlphabeticIndexCompat: computeSectionName: cs: Android System Intelligence sectionName: A
01-17 16:35:07.777  1201  1268 D AlphabeticIndexCompat: computeSectionName: cs: Digital Wellbeing sectionName: D
01-17 16:35:07.777  1201  1268 D AlphabeticIndexCompat: computeSectionName: cs: Conversations sectionName: C
01-17 16:35:08.241  1201  1201 D b/387844520: getOutlineOffsetX: measured width = 173, mNormalizedIconSize = 159, last updated width = 173
01-17 16:35:08.242  1201  1201 I BaseDragLayer: LauncherDragController
01-17 16:35:08.573   804   909 D ActivityManager: freezing 2082 com.google.android.googlequicksearchbox:search
01-17 16:35:09.273   804   965 D InetDiagMessage: Destroyed 0 sockets, proto=IPPROTO_TCP, family=AF_INET, states=14
01-17 16:35:09.274   804   965 D InetDiagMessage: Destroyed 0 sockets, proto=IPPROTO_TCP, family=AF_INET6, states=14
01-17 16:35:09.274   804   965 D InetDiagMessage: Destroyed live tcp sockets for uids={10170} in 1ms
01-17 16:35:09.275   804   965 D InetDiagMessage: Destroyed 0 sockets, proto=IPPROTO_TCP, family=AF_INET, states=14
01-17 16:35:09.276   804   965 D InetDiagMessage: Destroyed 0 sockets, proto=IPPROTO_TCP, family=AF_INET6, states=14
01-17 16:35:09.277   804   965 D InetDiagMessage: Destroyed live tcp sockets for uids={20170} in 1ms
01-17 16:35:10.176   804   959 I HalDevMgr: bestIfaceCreationProposal is null, requestIface=STA, existingIface=[name=wlan0 type=STA]
01-17 16:35:10.216   804   824 V WindowManager: DesktopModeLaunchParamsModifier: phase= 0 task=null activity=null display-from-option=0 display-id=0 task-display-area-windowing-mode=1 suggested-display-area=DefaultTaskDisplayArea@130097576 task null, skipping
01-17 16:35:10.216   804   824 V WindowManager: TaskLaunchParamsModifier:phase=0 task=null activity=null display-from-option=0 display-id=0 task-display-area-windowing-mode=1 suggested-display-area=DefaultTaskDisplayArea@130097576
01-17 16:35:10.217   804   824 V WindowManager: DesktopModeLaunchParamsModifier: phase= 0 task=null activity=ActivityRecord{155983246 u0 com.android.settings/.applications.InstalledAppDetails display-from-option=0 display-id=0 task-display-area-windowing-mode=1 suggested-display-area=DefaultTaskDisplayArea@130097576 task null, skipping
01-17 16:35:10.217   804   824 V WindowManager: TaskLaunchParamsModifier:phase=0 task=null activity=ActivityRecord{155983246 u0 com.android.settings/.applications.InstalledAppDetails t-1} display-from-option=0 display-id=0 task-display-area-windowing-mode=1 suggested-display-area=DefaultTaskDisplayArea@130097576
01-17 16:35:10.218   804   824 V WindowManager: DesktopModeLaunchParamsModifier: phase= 3 task=null activity=ActivityRecord{155983246 u0 com.android.settings/.applications.InstalledAppDetails t-1} display-from-option=0 display-id=0 task-display-area-windowing-mode=1 suggested-display-area=DefaultTaskDisplayArea@130097576 task null, skipping
01-17 16:35:10.218   804   824 V WindowManager: TaskLaunchParamsModifier:phase=3 task=null activity=ActivityRecord{155983246 u0 com.android.settings/.applications.InstalledAppDetails t-1} display-from-option=0 display-id=0 task-display-area-windowing-mode=1 suggested-display-area=DefaultTaskDisplayArea@130097576 non-freeform-task-display-area display-area=DefaultTaskDisplayArea@130097576 skip-bounds-fullscreen
01-17 16:35:10.222   804   824 V WindowManager: DesktopModeLaunchParamsModifier: phase= 3 task=Task{db7a1bc #33 type=standard A=1000:com.android.settings} activity=ActivityRecord{155983246 u0 com.android.settings/.applications.InstalledAppDetails t-1} display-from-option=0 display-id=0 task-display-area-windowing-mode=1 suggested-display-area=DefaultTaskDisplayArea@130097576 not entering desktop mode, skipping
01-17 16:35:10.223   804  2451 W AS.PlaybackActivityMon: No piid assigned for invalid/internal port id 15
01-17 16:35:10.223   804   824 V WindowManager: TaskLaunchParamsModifier:phase=3 task=Task{db7a1bc #33 type=standard A=1000:com.android.settings} activity=ActivityRecord{155983246 u0 com.android.settings/.applications.InstalledAppDetails t-1} display-from-option=0 display-id=0 task-display-area-windowing-mode=1 suggested-display-area=DefaultTaskDisplayArea@130097576 inherit-from-task=fullscreen non-freeform-task-display-area display-area=DefaultTaskDisplayArea@130097576 skip-bounds-fullscreen
01-17 16:35:10.231   804   824 I ActivityTaskManager: START u0 {act=android.settings.APPLICATION_DETAILS_SETTINGS dat=package: flg=0x10008000 cmp=com.android.settings/.applications.InstalledAppDetails bnds=[424,755][991,892] (has extras)} with LAUNCH_MULTIPLE from uid 10191 (com.google.android.apps.nexuslauncher) (BAL_ALLOW_VISIBLE_WINDOW) result code=0
01-17 16:35:10.232  1201  1201 D StatsLog: LAUNCHER_SYSTEM_SHORTCUT_APP_INFO_TAP
01-17 16:35:10.236  1058  1120 V WindowManagerShell: Transition requested (#22): android.os.BinderProxy@7713fbb TransitionRequestInfo { type = OPEN, triggerTask = TaskInfo{userId=0 taskId=33 effectiveUid=1000 displayId=0 isRunning=true baseIntent=Intent { act=android.settings.APPLICATION_DETAILS_SETTINGS dat=package: flg=0x10008000 cmp=com.android.settings/.applications.InstalledAppDetails } baseActivity=ComponentInfo{com.android.settings/com.android.settings.applications.InstalledAppDetailsTop} topActivity=ComponentInfo{com.android.settings/com.android.settings.applications.InstalledAppDetailsTop} origActivity=ComponentInfo{com.android.settings/com.android.settings.applications.InstalledAppDetails} realActivity=ComponentInfo{com.android.settings/com.android.settings.applications.InstalledAppDetailsTop} numActivities=1 lastActiveTime=446548 supportsMultiWindow=true resizeMode=1 isResizeable=true minWidth=-1 minHeight=-1 defaultMinSize=220 token=WCT{android.os.BinderProxy@2454cd8} topActivityType=1 pictureInPictureParams=null shouldDockBigOverlays=false launchIntoPipHostTaskId=-1 lastParentTaskIdBeforePip=-1 displayCutoutSafeInsets=Rect(0, 0 - 0, 0) topActivityInfo=ActivityInfo{bfbb831 com.android.settings.applications.InstalledAppDetails} launchCookies=[android.os.BinderProxy@3328b16] positionInParent=Point(0, 0) parentTaskId=-1 isFocused=false isVisible=false isVisibleRequested=false isTopActivityNoDisplay=false isSleeping=false locusId=null displayAreaFeatureId=1 isTopActivityTransparent=false isActivityStackTransparent=false lastNonFullscreenBounds=null capturedLink=null capturedLinkTimestamp=0 requestedVisibleTypes=503 topActivityRequestOpenInBrowserEducationTimestamp=0 appCompatTaskInfo=AppCompatTaskInfo { topActivityInSizeCompat=false isLeafTask= true eligibleForLetterboxEducation= false isLetterboxEducationEnabled= true isLetterboxDoubleTapEnabled= false eligibleForUserAspectRatioButton= false topActivityBoundsLetterboxed= false isFromLetterboxDoubleTap= false topActivityLetterboxVerticalPosition= -1 topActivityLetterboxHorizontalPosition= -1 topActivityLetterboxWidth=-1 topActivityLetterboxHeight=-1 topActivityAppBounds=Rect(0, 0 - 1080, 2400) isUserFullscreenOverrideEnabled=false isSystemFullscreenOverrideEnabled=false hasMinAspectRatioOverride=false topActivityLetterboxBounds=null cameraCompatTaskInfo=CameraCompatTaskInfo { cameraCompatMode=undefinedundefined} topNonResizableActivityAspectRatio=-1.0} topActivityMainWindowFrame=null isAppBubble=false}, pipChange = null, remoteTransition = RemoteTransition { remoteTransition = android.window.IRemoteTransition$Stub$Proxy@bea1c97, appThread = android.app.IApplicationThread$Stub$Proxy@b2e5e84, debugName = QuickstepLaunch }, displayChange = null, requestedLocation = null, userChange = null, windowingLayerChange = null, flags = 0, debugId = 22 }
01-17 16:35:10.236  1058  1120 D ShellSplitScreen: logExit: no-op, mLoggerSessionId is null
01-17 16:35:10.237  1058  1120 V ShellDesktopMode: DesktopTasksController: handleRequest request=TransitionRequestInfo { type = OPEN, triggerTask = TaskInfo{userId=0 taskId=33 effectiveUid=1000 displayId=0 isRunning=true baseIntent=Intent { act=android.settings.APPLICATION_DETAILS_SETTINGS dat=package: flg=0x10008000 cmp=com.android.settings/.applications.InstalledAppDetails } baseActivity=ComponentInfo{com.android.settings/com.android.settings.applications.InstalledAppDetailsTop} topActivity=ComponentInfo{com.android.settings/com.android.settings.applications.InstalledAppDetailsTop} origActivity=ComponentInfo{com.android.settings/com.android.settings.applications.InstalledAppDetails} realActivity=ComponentInfo{com.android.settings/com.android.settings.applications.InstalledAppDetailsTop} numActivities=1 lastActiveTime=446548 supportsMultiWindow=true resizeMode=1 isResizeable=true minWidth=-1 minHeight=-1 defaultMinSize=220 token=WCT{android.os.BinderProxy@2454cd8} topActivityType=1 pictureInPictureParams=null shouldDockBigOverlays=false launchIntoPipHostTaskId=-1 lastParentTaskIdBeforePip=-1 displayCutoutSafeInsets=Rect(0, 0 - 0, 0) topActivityInfo=ActivityInfo{bfbb831 com.android.settings.applications.InstalledAppDetails} launchCookies=[android.os.BinderProxy@3328b16] positionInParent=Point(0, 0) parentTaskId=-1 isFocused=false isVisible=false isVisibleRequested=false isTopActivityNoDisplay=false isSleeping=false locusId=null displayAreaFeatureId=1 isTopActivityTransparent=false isActivityStackTransparent=false lastNonFullscreenBounds=null capturedLink=null capturedLinkTimestamp=0 requestedVisibleTypes=503 topActivityRequestOpenInBrowserEducationTimestamp=0 appCompatTaskInfo=AppCompatTaskInfo { topActivityInSizeCompat=false isLeafTask= true eligibleForLetterboxEducation= false isLetterboxEducationEnabled= true isLetterboxDoubleTapEnabled= false eligibleForUserAspectRatioButton= false topActivityBoundsLetterboxed= false isFromLetterboxDoubleTap= false topActivityLetterboxVerticalPosition= -1 topActivityLetterboxHorizontalPosition= -1 topActivityLetterboxWidth=-1 topActivityLetterboxHeight=-1 topActivityAppBounds=Rect(0, 0 - 1080, 2400) isUserFullscreenOverrideEnabled=false isSystemFullscreenOverrideEnabled=false hasMinAspectRatioOverride=false topActivityLetterboxBounds=null cameraCompatTaskInfo=CameraCompatTaskInfo { cameraCompatMode=undefinedundefined} topNonResizableActivityAspectRatio=-1.0} topActivityMainWindowFrame=null isAppBubble=false}, pipChange = null, remoteTransition = RemoteTransition { remoteTransition = android.window.IRemoteTransition$Stub$Proxy@bea1c97, appThread = android.app.IApplicationThread$Stub$Proxy@b2e5e84, debugName = QuickstepLaunch }, displayChange = null, requestedLocation = null, userChange = null, windowingLayerChange = null, flags = 0, debugId = 22 }
01-17 16:35:10.237  1058  1120 V ShellDesktopMode: DesktopTasksController: skipping handleRequest reason=triggerTask's display doesn't support desktop mode
01-17 16:35:10.237  1058  1120 V WindowManagerShell: RemoteTransition directly requested for (#22) android.os.BinderProxy@7713fbb: RemoteTransition { remoteTransition = android.window.IRemoteTransition$Stub$Proxy@bea1c97, appThread = android.app.IApplicationThread$Stub$Proxy@b2e5e84, debugName = QuickstepLaunch }
01-17 16:35:10.237  1058  1120 V WindowManagerShell: Transition (#22): request handled by DefaultMixedHandler
01-17 16:35:10.238   804   832 D OomAdjuster: Not killing cached processes
01-17 16:35:10.250   804  2281 D CompatChangeReporter: Compat change id reported: 377864165; UID 1000; state: ENABLED
01-17 16:35:10.251  1201  1201 D BaseActivity: Launcher flags updated: [state_started|state_resumed|state_deferred_resumed|state_window_focused] -[state_user_active]
01-17 16:35:10.252  1201  1201 D BaseActivity: Launcher flags updated: [state_started|state_window_focused] -[state_resumed|state_deferred_resumed]
01-17 16:35:10.253  1201  1201 W SplitSelectStateCtor: Missing session instanceIds
01-17 16:35:10.253  1201  1201 D StatsLog: LAUNCHER_SPLIT_SELECTION_EXIT_INTERRUPTED
01-17 16:35:10.259   804   824 W libbinder.IPCThreadState: Sending oneway calls to frozen process.
01-17 16:35:10.260   804  1011 D BackgroundInstallControlService: Package event received: 0
01-17 16:35:10.263   804   824 D ActivityManager: quick sync unfreeze 3629 for 1
01-17 16:35:10.271   644   675 I libbinder.BpBinder: onLastStrongRef automatically unlinking death recipients for descriptor: '(not cached)'
01-17 16:35:10.272   706   790 W libbinder.IPCThreadState: Sending oneway calls to frozen process.
01-17 16:35:10.275   706   790 W libbinder.IPCThreadState: Sending oneway calls to frozen process.
01-17 16:35:10.277  1058  1120 D WindowManagerShell: setLauncherKeepClearAreaHeight: visible=false, height=495
01-17 16:35:10.277   804   824 V WindowManager: Defer transition id=22 for TaskFragmentTransaction=android.os.Binder@d6b91cb
01-17 16:35:10.277   804   824 V WindowManager: deferTransitionReady deferReadyDepth=1 stack=com.android.server.wm.TransitionController.deferTransitionReady:1061 com.android.server.wm.TaskFragmentOrganizerController$TaskFragmentOrganizerState.dispatchTransaction:517 com.android.server.wm.TaskFragmentOrganizerController.dispatchPendingEvents:1259 com.android.server.wm.TaskFragmentOrganizerController.dispatchPendingEvents:1228 com.android.server.wm.RootWindowContainer.performSurfacePlacement:777 
01-17 16:35:10.281  3629  4229 I GFXSTREAM: [eglDisplay.cpp(297)] Opening libGLESv1_CM_emulation.so
01-17 16:35:10.283  1201  1201 D RecentsView: onTaskDisplayChanged: 33, new displayId = 0
01-17 16:35:10.291  3629  4229 I GFXSTREAM: [eglDisplay.cpp(297)] Opening libGLESv2_emulation.so
01-17 16:35:10.318   804   832 D ActivityManager: sync unfroze 3629 com.android.settings for 1
01-17 16:35:10.320   804  1011 D BackgroundInstallControlService: Package event received: 0
01-17 16:35:10.323  1201  1201 D b/417220811: invalidateLoadedTasks - previous requestLoadId: -1
01-17 16:35:10.325   804  2451 V WindowManager: Continue transition id=22 for TaskFragmentTransaction=android.os.Binder@d6b91cb
01-17 16:35:10.325   804  2451 V WindowManager: continueTransitionReady deferReadyDepth=0 stack=com.android.server.wm.TransitionController.continueTransitionReady:1071 com.android.server.wm.TaskFragmentOrganizerController$TaskFragmentOrganizerState.onTransactionFinished:546 com.android.server.wm.TaskFragmentOrganizerController.onTransactionHandled:740 android.window.ITaskFragmentOrganizerController$Stub.onTransact:225 android.os.Binder.execTransactInternal:1473 
01-17 16:35:10.328  3629  4229 W HWUI    : Failed to choose config with EGL_SWAP_BEHAVIOR_PRESERVED, retrying without...
01-17 16:35:10.329  3629  4229 W HWUI    : Failed to initialize 101010-2 format, error = EGL_SUCCESS
01-17 16:35:10.335   804  1011 D BackgroundInstallControlService: Package event received: 0
01-17 16:35:10.335   804  1011 D BackgroundInstallControlService: Package event received: 0
01-17 16:35:10.350  1201  1201 D BaseActivity: Launcher flags updated: [state_started] -[state_window_focused]
01-17 16:35:10.476   804   829 V WindowManager: Sent Transition (#22) createdAt=01-17 16:35:10.217 via request=TransitionRequestInfo { type = OPEN, triggerTask = TaskInfo{userId=0 taskId=33 effectiveUid=1000 displayId=0 isRunning=true baseIntent=Intent { act=android.settings.APPLICATION_DETAILS_SETTINGS dat=package: flg=0x10008000 cmp=com.android.settings/.applications.InstalledAppDetails } baseActivity=ComponentInfo{com.android.settings/com.android.settings.applications.InstalledAppDetailsTop} topActivity=ComponentInfo{com.android.settings/com.android.settings.applications.InstalledAppDetailsTop} origActivity=ComponentInfo{com.android.settings/com.android.settings.applications.InstalledAppDetails} realActivity=ComponentInfo{com.android.settings/com.android.settings.applications.InstalledAppDetailsTop} numActivities=1 lastActiveTime=446548 supportsMultiWindow=true resizeMode=1 isResizeable=true minWidth=-1 minHeight=-1 defaultMinSize=220 token=WCT{RemoteToken{9bfe7fd Task{db7a1bc #33 type=standard A=1000:com.android.settings}}} topActivityType=1 pictureInPictureParams=null shouldDockBigOverlays=false launchIntoPipHostTaskId=-1 lastParentTaskIdBeforePip=-1 displayCutoutSafeInsets=Rect(0, 0 - 0, 0) topActivityInfo=ActivityInfo{a130cf2 com.android.settings.applications.InstalledAppDetails} launchCookies=[android.os.BinderProxy@d3a6f43] positionInParent=Point(0, 0) parentTaskId=-1 isFocused=false isVisible=false isVisibleRequested=false isTopActivityNoDisplay=false isSleeping=false locusId=null displayAreaFeatureId=1 isTopActivityTransparent=false isActivityStackTransparent=false lastNonFullscreenBounds=null capturedLink=null capturedLinkTimestamp=0 requestedVisibleTypes=503 topActivityRequestOpenInBrowserEducationTimestamp=0 appCompatTaskInfo=AppCompatTaskInfo { topActivityInSizeCompat=false isLeafTask= true eligibleForLetterboxEducation= false isLetterboxEducationEnabled= true isLetterboxDoubleTapEnabled= false eligibleForUserAspectRatioButton= false topActivityBoundsLetterboxed= false isFromLetterboxDoubleTap= false topActivityLetterboxVerticalPosition= -1 topActivityLetterboxHorizontalPosition= -1 topActivityLetterboxWidth=-1 topActivityLetterboxHeight=-1 topActivityAppBounds=Rect(0, 0 - 1080, 2400) isUserFullscreenOverrideEnabled=false isSystemFullscreenOverrideEnabled=false hasMinAspectRatioOverride=false topActivityLetterboxBounds=null cameraCompatTaskInfo=CameraCompatTaskInfo { cameraCompatMode=undefinedundefined} topNonResizableActivityAspectRatio=-1.0} topActivityMainWindowFrame=null isAppBubble=false}, pipChange = null, remoteTransition = RemoteTransition { remoteTransition = android.window.IRemoteTransition$Stub$Proxy@99f9c0, appThread = android.app.IApplicationThread$Stub$Proxy@62806f9, debugName = QuickstepLaunch }, displayChange = null, requestedLocation = null, userChange = null, windowingLayerChange = null, flags = 0, debugId = 22 }
01-17 16:35:10.476   804   829 V WindowManager:     startWCT=WindowContainerTransaction { changes= {} hops= [] errorCallbackToken=null taskFragmentOrganizer=null }
01-17 16:35:10.479   804   829 V WindowManager:     info={id=22 t=OPEN f=0x0 trk=0 r=[0@Point(0, 0)] c=[
01-17 16:35:10.479   804   829 V WindowManager:         {WCT{RemoteToken{9bfe7fd Task{db7a1bc #33 type=standard A=1000:com.android.settings}}} m=OPEN f=NONE leash=Surface(name=Task=33#265)/@0xc9f7fa7 sb=Rect(0, 0 - 1080, 2400) eb=Rect(0, 0 - 1080, 2400) epz=Point(1080, 2400) d=0 taskParent=-1 winMode=1 userId=0},
01-17 16:35:10.479   804   829 V WindowManager:         {WCT{RemoteToken{8448a68 Task{d4ae3ab #1 type=home}}} m=TO_BACK f=SHOW_WALLPAPER leash=Surface(name=Task=1#44)/@0x812d038 sb=Rect(0, 0 - 1080, 2400) eb=Rect(0, 0 - 1080, 2400) epz=Point(1080, 2400) d=0 taskParent=-1 winMode=1 userId=0},
01-17 16:35:10.479   804   829 V WindowManager:         {m=TO_BACK f=IS_WALLPAPER leash=Surface(name=WallpaperWindowToken{543ead5}#60)/@0x97f349b sb=Rect(0, 0 - 1080, 2400) eb=Rect(0, 0 - 1080, 2400) epz=Point(1080, 2400) d=0}
01-17 16:35:10.479   804   829 V WindowManager:     ]}
01-17 16:35:10.483  1058  1080 V WindowManagerShell: onTransitionReady(transaction=3453153708197)
01-17 16:35:10.484  1058  1120 V WindowManagerShell: onTransitionReady (#22) android.os.BinderProxy@7713fbb: {id=22 t=OPEN f=0x0 trk=0 r=[0@Point(0, 0)] c=[
01-17 16:35:10.484  1058  1120 V WindowManagerShell:         {m=OPEN f=NONE leash=Surface(name=Task=33#265)/@0xb65224c sb=Rect(0, 0 - 1080, 2400) eb=Rect(0, 0 - 1080, 2400) epz=Point(1080, 2400) d=0 taskParent=-1 winMode=1 userId=0},
01-17 16:35:10.484  1058  1120 V WindowManagerShell:         {m=TO_BACK f=SHOW_WALLPAPER leash=Surface(name=Task=1#44)/@0xd4af295 sb=Rect(0, 0 - 1080, 2400) eb=Rect(0, 0 - 1080, 2400) epz=Point(1080, 2400) d=0 taskParent=-1 winMode=1 userId=0},
01-17 16:35:10.484  1058  1120 V WindowManagerShell:         {m=TO_BACK f=IS_WALLPAPER leash=Surface(name=WallpaperWindowToken{543ead5}#60)/@0x310dfaa sb=Rect(0, 0 - 1080, 2400) eb=Rect(0, 0 - 1080, 2400) epz=Point(1080, 2400) d=0}
01-17 16:35:10.484  1058  1120 V WindowManagerShell:     ]}
01-17 16:35:10.485  1058  1120 V WindowManagerShell: Playing animation for (#22) android.os.BinderProxy@7713fbb@0
01-17 16:35:10.485  1058  1120 V WindowManagerShell:  try firstHandler com.android.wm.shell.transition.DefaultMixedHandler@f6aeefd
01-17 16:35:10.486  1058  1120 V WindowManagerShell: Mixed transition for opening an intent with a remote transition and PIP or Desktop #22
01-17 16:35:10.486  1058  1120 V WindowManagerShell: tryAnimateOpenIntentWithRemoteAndPipOrDesktop
01-17 16:35:10.486  1058  1120 V WindowManagerShell:  Delegate animation for (#22) to RemoteTransition { remoteTransition = android.window.IRemoteTransition$Stub$Proxy@bea1c97, appThread = android.app.IApplicationThread$Stub$Proxy@b2e5e84, debugName = QuickstepLaunch }
01-17 16:35:10.489  1058  1120 V WindowManagerShell:  animated by firstHandler
01-17 16:35:10.494  1201  1201 D b/417220811: invalidateLoadedTasks - previous requestLoadId: -1
01-17 16:35:10.496  1201  1201 D LauncherStateManager: StateManager.cancelAnimation: animation ongoing: false, partial trace:
01-17 16:35:10.496  1201  1201 D LauncherStateManager: 	at com.android.launcher3.statemanager.StateManager.setCurrentAnimation(go/retraceme f3a19d912c87c27267cfbc05ba0bc7b202ab72a6648bd76225f5f7e128d94583:18)
01-17 16:35:10.496  1201  1201 D LauncherStateManager: 	at com.android.launcher3.QuickstepTransitionManager$AppLaunchAnimationRunner.onAnimationStart(go/retraceme f3a19d912c87c27267cfbc05ba0bc7b202ab72a6648bd76225f5f7e128d94583:430)
01-17 16:35:10.496  1201  1201 D LauncherStateManager: 	at com.android.launcher3.LauncherAnimationRunner$$ExternalSyntheticLambda2.run(go/retraceme f3a19d912c87c27267cfbc05ba0bc7b202ab72a6648bd76225f5f7e128d94583:72)
01-17 16:35:10.498  1058  1120 V ShellTaskOrganizer: Task appeared taskId=33 listener=FullscreenTaskListener
01-17 16:35:10.498  1058  1120 V ShellTaskOrganizer: Fullscreen Task Appeared: #33
01-17 16:35:10.522   804  4239 W HWUI    : Failed to choose config with EGL_SWAP_BEHAVIOR_PRESERVED, retrying without...
01-17 16:35:10.523   804  4239 W HWUI    : Failed to initialize 101010-2 format, error = EGL_SUCCESS
01-17 16:35:10.550  1201  1201 D b/417220811: invalidateLoadedTasks - previous requestLoadId: -1
01-17 16:35:10.555  3629  3629 D ActivityEmbeddingUtils: isSettingsSplitSupported = false
01-17 16:35:10.626  3629  3629 E ndroid.settings: Invalid resource ID 0x00000000.
01-17 16:35:10.629  3629  3629 E ndroid.settings: Invalid resource ID 0x00000000.
01-17 16:35:10.649   590  5064 W android.hardware.audio@7.1-impl.ranchu: pcmWrite:259 pcm_writei failed with 'cannot read/write stream data: I/O error' (-1)
01-17 16:35:10.649   590  5064 E android.hardware.audio@7.1-impl.ranchu: pcmWrite:260 failure: -1
01-17 16:35:10.677  3629  3629 D SettingsActivity: Starting onCreate
01-17 16:35:10.715  3629  3629 D SettingsActivity: MetricsCategory is 20
01-17 16:35:10.715  3629  3629 D SettingsActivity: Starting to set activity title
01-17 16:35:10.716  3629  3629 D SettingsActivity: Done setting title
01-17 16:35:10.716  3629  3629 D SettingsActivity: Switching to fragment com.android.settings.applications.appinfo.AppInfoDashboardFragment
01-17 16:35:10.742   804  2281 I Role    : com.example.hostelv3 not qualified for android.app.role.HOME due to missing RequiredComponent{mIntentFilterData=IntentFilterData{mAction='android.intent.action.MAIN', mCategories='[android.intent.category.HOME]', mDataScheme='null', mDataType='null'}, mMinTargetSdkVersion=1, mFlags='0', mPermission='null', mQueryFlags=0, mMetaData=[]}
01-17 16:35:10.753   590  5064 W android.hardware.audio@7.1-impl.ranchu: pcmWrite:259 pcm_writei failed with 'cannot read/write stream data: I/O error' (-1)
01-17 16:35:10.753   590  5064 E android.hardware.audio@7.1-impl.ranchu: pcmWrite:260 failure: -1
01-17 16:35:10.761   804  2281 I Role    : com.example.hostelv3 not qualified for android.app.role.DIALER due to missing RequiredComponent{mIntentFilterData=IntentFilterData{mAction='android.intent.action.DIAL', mCategories='[]', mDataScheme='null', mDataType='null'}, mMinTargetSdkVersion=1, mFlags='0', mPermission='null', mQueryFlags=0, mMetaData=[]}
01-17 16:35:10.766   804  2281 I Role    : com.example.hostelv3 not qualified for android.app.role.SMS due to missing RequiredComponent{mIntentFilterData=IntentFilterData{mAction='android.provider.Telephony.SMS_DELIVER', mCategories='[]', mDataScheme='null', mDataType='null'}, mMinTargetSdkVersion=1, mFlags='0', mPermission='android.permission.BROADCAST_SMS', mQueryFlags=0, mMetaData=[]}
01-17 16:35:10.773  3629  3629 D PrefCtrlListHelper: Could not find Context-only controller for pref: com.android.settings.applications.appinfo.AppSettingPreferenceController
01-17 16:35:10.774  3629  3629 D PrefCtrlListHelper: Could not find Context-only controller for pref: com.android.settings.applications.appinfo.AppAllServicesPreferenceController
01-17 16:35:10.774  3629  3629 D PrefCtrlListHelper: Could not find Context-only controller for pref: com.android.settings.applications.appinfo.AppNotificationPreferenceController
01-17 16:35:10.774  3629  3629 D PrefCtrlListHelper: Could not find Context-only controller for pref: com.android.settings.applications.appinfo.AppPermissionPreferenceController
01-17 16:35:10.775  3629  3629 D PrefCtrlListHelper: Could not find Context-only controller for pref: com.android.settings.applications.appinfo.ManageTargetAppFunctionAccessPreferenceController
01-17 16:35:10.775  3629  3629 D PrefCtrlListHelper: Could not find Context-only controller for pref: com.android.settings.applications.appinfo.ManageAgentAppFunctionAccessPreferenceController
01-17 16:35:10.775  3629  3629 D PrefCtrlListHelper: Could not find Context-only controller for pref: com.android.settings.applications.appinfo.AppStoragePreferenceController
01-17 16:35:10.777  3629  3629 D PrefCtrlListHelper: Could not find Context-only controller for pref: com.android.settings.applications.appinfo.InstantAppDomainsPreferenceController
01-17 16:35:10.778  3629  3629 D PrefCtrlListHelper: Could not find Context-only controller for pref: com.android.settings.applications.appinfo.AppDataUsagePreferenceController
01-17 16:35:10.779  3629  3629 D PrefCtrlListHelper: Could not find Context-only controller for pref: com.android.settings.applications.appinfo.TimeSpentInAppPreferenceController
01-17 16:35:10.781  3629  3629 D PrefCtrlListHelper: Could not find Context-only controller for pref: com.android.settings.applications.appinfo.AppLocalePreferenceController
01-17 16:35:10.786   804   824 W ParceledListSlice: Element #19 is 18876 bytes.
01-17 16:35:10.790  3629  3629 D PrefCtrlListHelper: Could not find Context-only controller for pref: com.android.settings.applications.appinfo.AppOpenByDefaultPreferenceController
01-17 16:35:10.793  3629  3629 D PrefCtrlListHelper: Could not find Context-only controller for pref: com.android.settings.applications.appinfo.AppHibernationPreferenceCategoryController
01-17 16:35:10.796  3629  3629 D PrefCtrlListHelper: Could not find Context-only controller for pref: com.android.settings.applications.appinfo.HibernationSwitchPreferenceController
01-17 16:35:10.796  3629  3629 D PrefCtrlListHelper: Could not find Context-only controller for pref: com.android.settings.applications.appinfo.AdvancedAppInfoPreferenceCategoryController
01-17 16:35:10.796  3629  3629 D PrefCtrlListHelper: Could not find Context-only controller for pref: com.android.settings.applications.appinfo.DrawOverlayDetailPreferenceController
01-17 16:35:10.796  3629  3629 D PrefCtrlListHelper: Could not find Context-only controller for pref: com.android.settings.applications.appinfo.WriteSystemSettingsPreferenceController
01-17 16:35:10.796  3629  3629 D PrefCtrlListHelper: Could not find Context-only controller for pref: com.android.settings.applications.specialaccess.pictureinpicture.PictureInPictureDetailPreferenceController
01-17 16:35:10.799  3629  3629 D PrefCtrlListHelper: Could not find Context-only controller for pref: com.android.settings.applications.appinfo.ExternalSourceDetailPreferenceController
01-17 16:35:10.800  3629  3629 D PrefCtrlListHelper: Could not find Context-only controller for pref: com.android.settings.applications.specialaccess.interactacrossprofiles.InteractAcrossProfilesDetailsPreferenceController
01-17 16:35:10.803  3629  3629 D PrefCtrlListHelper: Could not find Context-only controller for pref: com.android.settings.applications.appinfo.AlarmsAndRemindersDetailPreferenceController
01-17 16:35:10.804  3629  3629 D PrefCtrlListHelper: Could not find Context-only controller for pref: com.android.settings.applications.appinfo.LongBackgroundTasksDetailsPreferenceController
01-17 16:35:10.804  3629  3629 D PrefCtrlListHelper: Could not find Context-only controller for pref: com.android.settings.applications.appinfo.AppInstallerPreferenceCategoryController
01-17 16:35:10.806  3629  3629 D PrefCtrlListHelper: Could not find Context-only controller for pref: com.android.settings.applications.appinfo.AppInstallerInfoPreferenceController
01-17 16:35:10.806  3629  3629 D PrefCtrlListHelper: Could not find Context-only controller for pref: com.android.settings.applications.appinfo.AppVersionPreferenceController
01-17 16:35:10.812  3629  3629 E Settings: Unable to find info for package: null
01-17 16:35:10.818  3629  3629 D SettingsActivity: MetricsCategory is 20
01-17 16:35:10.834   804  2281 D ActivityManager: sync unfroze 2381 com.google.android.apps.wellbeing for 7
01-17 16:35:10.836   804  1011 D BackgroundInstallControlService: Package event received: 0
01-17 16:35:10.858   590  5064 W android.hardware.audio@7.1-impl.ranchu: pcmWrite:259 pcm_writei failed with 'cannot read/write stream data: I/O error' (-1)
01-17 16:35:10.858   590  5064 E android.hardware.audio@7.1-impl.ranchu: pcmWrite:260 failure: -1
01-17 16:35:10.869  3629  3629 D AllServicesPrefControl: mResolveInfo is null.
01-17 16:35:10.896  3629  4233 D BatteryUsageContentProvider: getLastFullChargeTimestamp() in 20/ms
01-17 16:35:10.904  3629  3629 I AppLocaleUtil: Can display preference - [com.example.hostelv3] : isDisallowedPackage : false / isSignedWithPlatformKey : false / hasLauncherEntry : true / canDisplay : false / 1.1
01-17 16:35:10.908  3629  3629 I AppLocaleUtil: Can display preference - [com.example.hostelv3] : isDisallowedPackage : false / isSignedWithPlatformKey : false / hasLauncherEntry : true / canDisplay : false / 1.1
01-17 16:35:10.927  3629  3629 D AppInfoDashboard: NO dashboard tiles for AppInfoDashboard
01-17 16:35:10.927  3629  3629 D AppInfoDashboard: All preferences added, reporting fully drawn
01-17 16:35:10.934  3629  4233 D DatabaseUtils: getLastFullChargeTime() lastFullChargeTime=Jan 17, 2026, 10:02:04 in 57/ms
01-17 16:35:10.940  3629  4233 D DatabaseUtils: sixDaysAgoTimestamp: Jan 11, 2026, 00:00:00
01-17 16:35:10.941  3629  4233 D BatteryUsageContentProvider: getQueryTimestamp from uri: content://com.android.settings.battery.usage.provider/BatteryState?timestamp=1768624324043
01-17 16:35:10.943  3629  3629 D SettingsActivity: Executed frag manager pendingTransactions
01-17 16:35:10.948  3629  4233 D BatteryUsageContentProvider: getBatteryStates() after 1768624324043 in 6/ms
01-17 16:35:10.950   804  1256 V WindowManager: DesktopModeLaunchParamsModifier: phase= 0 task=null activity=null display-area-from-source=DefaultTaskDisplayArea@130097576 display-id=0 task-display-area-windowing-mode=1 suggested-display-area=DefaultTaskDisplayArea@130097576 task null, skipping
01-17 16:35:10.951   804  1256 V WindowManager: TaskLaunchParamsModifier:phase=0 task=null activity=null display-area-from-source=DefaultTaskDisplayArea@130097576 display-id=0 task-display-area-windowing-mode=1 suggested-display-area=DefaultTaskDisplayArea@130097576
01-17 16:35:10.953   804  1256 D CompatChangeReporter: Compat change id reported: 358129114; UID 1000; state: ENABLED
01-17 16:35:10.958   804  1256 V WindowManager: DesktopModeLaunchParamsModifier: phase= 0 task=null activity=ActivityRecord{77439071 u0 com.android.settings/.spa.SpaActivity display-area-from-source=DefaultTaskDisplayArea@130097576 display-id=0 task-display-area-windowing-mode=1 suggested-display-area=DefaultTaskDisplayArea@130097576 task null, skipping
01-17 16:35:10.958   804  1256 V WindowManager: TaskLaunchParamsModifier:phase=0 task=null activity=ActivityRecord{77439071 u0 com.android.settings/.spa.SpaActivity t-1} display-area-from-source=DefaultTaskDisplayArea@130097576 display-id=0 task-display-area-windowing-mode=1 suggested-display-area=DefaultTaskDisplayArea@130097576
01-17 16:35:10.958   804  1256 V WindowManager: DesktopModeLaunchParamsModifier: phase= 3 task=Task{db7a1bc #33 type=standard A=1000:com.android.settings} activity=ActivityRecord{77439071 u0 com.android.settings/.spa.SpaActivity t-1} display-area-from-source=DefaultTaskDisplayArea@130097576 display-id=0 task-display-area-windowing-mode=1 suggested-display-area=DefaultTaskDisplayArea@130097576 not entering desktop mode, skipping
01-17 16:35:10.960   804  1256 V WindowManager: TaskLaunchParamsModifier:phase=3 task=Task{db7a1bc #33 type=standard A=1000:com.android.settings} activity=ActivityRecord{77439071 u0 com.android.settings/.spa.SpaActivity t-1} display-area-from-source=DefaultTaskDisplayArea@130097576 display-id=0 task-display-area-windowing-mode=1 suggested-display-area=DefaultTaskDisplayArea@130097576 inherit-from-source=fullscreen non-freeform-task-display-area display-area=DefaultTaskDisplayArea@130097576 skip-bounds-fullscreen
01-17 16:35:10.961   804  1256 V WindowManager: DesktopModeLaunchParamsModifier: phase= 3 task=Task{db7a1bc #33 type=standard A=1000:com.android.settings} activity=ActivityRecord{77439071 u0 com.android.settings/.spa.SpaActivity t-1} display-area-from-source=DefaultTaskDisplayArea@130097576 display-id=0 task-display-area-windowing-mode=1 suggested-display-area=DefaultTaskDisplayArea@130097576 not entering desktop mode, skipping
01-17 16:35:10.962   804  1256 V WindowManager: TaskLaunchParamsModifier:phase=3 task=Task{db7a1bc #33 type=standard A=1000:com.android.settings} activity=ActivityRecord{77439071 u0 com.android.settings/.spa.SpaActivity t-1} display-area-from-source=DefaultTaskDisplayArea@130097576 display-id=0 task-display-area-windowing-mode=1 suggested-display-area=DefaultTaskDisplayArea@130097576 inherit-from-source=fullscreen non-freeform-task-display-area display-area=DefaultTaskDisplayArea@130097576 skip-bounds-fullscreen
01-17 16:35:10.962   804  1256 V WindowManager: DesktopModeLaunchParamsModifier: phase= 3 task=Task{db7a1bc #33 type=standard A=1000:com.android.settings} activity=ActivityRecord{77439071 u0 com.android.settings/.spa.SpaActivity t-1} display-area-from-source=DefaultTaskDisplayArea@130097576 display-id=0 task-display-area-windowing-mode=1 suggested-display-area=DefaultTaskDisplayArea@130097576 not entering desktop mode, skipping
01-17 16:35:10.963   804  1256 V WindowManager: TaskLaunchParamsModifier:phase=3 task=Task{db7a1bc #33 type=standard A=1000:com.android.settings} activity=ActivityRecord{77439071 u0 com.android.settings/.spa.SpaActivity t-1} display-area-from-source=DefaultTaskDisplayArea@130097576 display-id=0 task-display-area-windowing-mode=1 suggested-display-area=DefaultTaskDisplayArea@130097576 inherit-from-source=fullscreen non-freeform-task-display-area display-area=DefaultTaskDisplayArea@130097576 skip-bounds-fullscreen
