01-17 16:35:25.966  2384  2408 I artd    : GetBestInfo: odex next to the dex file (/data/app/~~gYy9_rftdB4KjBUbJxjBKw==/com.google.android.gms-4D-hkG6mPddgBQbmRQkpoA==/oat/x86_64/split_MeasurementDynamite_installtime.odex) is kOatUpToDate with filter 'speed' executable 'false'
01-17 16:35:25.968  2384  2408 I artd    : GetBestInfo: /data/user_de/0/com.google.android.gms/app_chimera/m/00000014/dl-MlkitOcrCommon.optional_254730100800.apk has no usable artifacts
01-17 16:35:26.008  2384  2408 I artd    : GetBestInfo: /data/user_de/0/com.google.android.gms/app_chimera/m/0000000e/dl-MlkitBarcodeUi.optional_253434100800.apk has no usable artifacts
01-17 16:35:26.014  2384  2408 I artd    : GetBestInfo: /data/user_de/0/com.google.android.gms/app_chimera/m/00000001/CronetDynamite.apk has no usable artifacts
01-17 16:35:26.018  2384  2408 I artd    : GetBestInfo: vdex next to the dex file (/data/user/0/com.google.android.gms/app_dg_cache/8D3338F12DEF4B3BEE6B6A88392A16C26326C269/oat/x86_64/the.vdex) is kOatUpToDate with filter 'verify' executable 'false'
01-17 16:35:26.021  2384  2408 I artd    : GetBestInfo: /data/user_de/0/com.google.android.gms/app_chimera/m/00000013/dl-Appsearch.optional_254730100800.apk has no usable artifacts
01-17 16:35:26.023  2384  2408 I artd    : GetBestInfo: /data/user_de/0/com.google.android.gms/app_chimera/m/00000002/DynamiteLoader.apk has no usable artifacts
01-17 16:35:26.025  2384  2408 I artd    : GetBestInfo: /data/user_de/0/com.google.android.gms/app_chimera/m/00000015/dl-MlkitBarcodeUi.optional_254730100800.apk has no usable artifacts
01-17 16:35:26.029  2384  2408 I artd    : GetBestInfo: /data/user_de/0/com.google.android.gms/app_chimera/m/00000005/GoogleCertificates.apk has no usable artifacts
01-17 16:35:26.035  2384  2408 I artd    : GetBestInfo: vdex next to the dex file (/data/user/0/com.google.android.gms/app_dg_cache/75B002AD7F3A98695252C9DAC843D1E8AFB5FDFC/oat/x86_64/the.vdex) is kOatUpToDate with filter 'verify' executable 'false'
01-17 16:35:26.043  2384  2408 I artd    : GetBestInfo: vdex next to the dex file (/data/user/0/com.google.android.gms/app_dg_cache/3E7B8642D2C3A70E57BF17BBA509AC6EF658CD43/oat/x86_64/the.vdex) is kOatUpToDate with filter 'verify' executable 'false'
01-17 16:35:26.049  2384  2408 I artd    : GetBestInfo: vdex next to the dex file (/data/user/0/com.google.android.gms/app_dg_cache/3E73B89A0E8F8D5E047D9204352987BD0EB5D68B/oat/x86_64/the.vdex) is kOatUpToDate with filter 'verify' executable 'false'
01-17 16:35:26.053  2384  2408 I artd    : GetBestInfo: /data/user_de/0/com.google.android.gms/app_chimera/m/0000000a/dl-MlkitOcrCommon.optional_253434100800.apk has no usable artifacts
01-17 16:35:26.056  2384  2408 I artd    : GetBestInfo: /data/user_de/0/com.google.android.gms/app_chimera/m/00000012/dl-PlayCloudSearch.optional_254730100000.apk has no usable artifacts
01-17 16:35:26.063  2384  2408 I artd    : GetBestInfo: /data/user_de/0/com.google.android.gms/app_chimera/m/00000008/dl-VisionOcr.optional_253434100000.apk has no usable artifacts
01-17 16:35:26.066  2384  2408 I artd    : GetBestInfo: /data/user_de/0/com.google.android.gms/app_chimera/m/0000000c/dl-Appsearch.optional_253434100800.apk has no usable artifacts
01-17 16:35:26.068   804  1751 W ParceledListSlice: Element #70 is 161736 bytes.
01-17 16:35:26.068   804  1751 W ParceledListSlice: Overly large reply size: 221064
01-17 16:35:26.072  2384  2408 I artd    : GetBestInfo: vdex next to the dex file (/data/user/0/com.google.android.gms/app_dg_cache/9F0553103A93E6B9A9293C06FF57F54D16588402/oat/x86_64/the.vdex) is kOatUpToDate with filter 'verify' executable 'false'
01-17 16:35:26.076   804   825 W ParceledListSlice: Element #145 is 70352 bytes.
01-17 16:35:26.076   804   825 W ParceledListSlice: Overly large reply size: 125664
01-17 16:35:26.077  2384  2408 I artd    : GetBestInfo: /data/user_de/0/com.google.android.gms/app_chimera/m/00000010/dl-VisionOcr.optional_254730100000.apk has no usable artifacts
01-17 16:35:26.078   804  1751 W ParceledListSlice: Element #146 is 17108 bytes.
01-17 16:35:26.084   804   825 W ParceledListSlice: Element #196 is 27108 bytes.
01-17 16:35:26.086   804   825 W ParceledListSlice: Element #229 is 32116 bytes.
01-17 16:35:26.086   804   825 W ParceledListSlice: Overly large reply size: 89424
01-17 16:35:26.088   804   825 W ParceledListSlice: Element #241 is 17256 bytes.
01-17 16:35:26.090  2384  2408 I artd    : GetBestInfo: vdex next to the dex file (/data/user/0/com.google.android.gms/app_dg_cache/D7ECB6ECAAAB0DCD8DECD74AE43F16D2EC2B3A20/oat/x86_64/the.vdex) is kOatUpToDate with filter 'verify' executable 'false'
01-17 16:35:26.092  2384  2408 I artd    : GetBestInfo: /data/user_de/0/com.google.android.gms/app_chimera/m/0000000f/dl-PlayCloudSearch.optional_253434100000.apk has no usable artifacts
01-17 16:35:26.094  2384  2408 I artd    : GetBestInfo: /data/user_de/0/com.google.android.gms/app_chimera/m/00000009/dl-TfliteDynamiteDynamite.integ_243930802100800.apk has no usable artifacts
01-17 16:35:26.101  2384  2408 I artd    : GetBestInfo: vdex next to the dex file (/data/user/0/com.google.android.gms/app_dg_cache/4C804C498047991068B7703A3662CB65242D8D66/oat/x86_64/the.vdex) is kOatUpToDate with filter 'verify' executable 'false'
01-17 16:35:26.101  2384  2408 W artd    : Could not get dex checksums for location /data/app/~~HtKXk4cfWOWQuy6U0EhcsQ==/com.android.vending-K4Nxm0QnD0yAHkC6XsJQNg==/base.apk, fd=-1
01-17 16:35:26.135  1058  1070 W ndroid.systemui: Cleared Reference was only reachable from finalizer (only reported once)
01-17 16:35:26.202  3333  3381 W SmartUpdateMediatorLiveData: Unable to find installer source info
01-17 16:35:26.202  3333  3381 W SmartUpdateMediatorLiveData: android.content.pm.PackageManager$NameNotFoundException: com.example.hostelv3
01-17 16:35:26.202  3333  3381 W SmartUpdateMediatorLiveData: 	at android.app.ApplicationPackageManager.getInstallSourceInfo(ApplicationPackageManager.java:2720)
01-17 16:35:26.202  3333  3381 W SmartUpdateMediatorLiveData: 	at com.android.permissioncontroller.hibernation.v31.InstallerPackagesLiveData.loadDataAndPostValue(InstallerPackagesLiveData.kt:53)
01-17 16:35:26.202  3333  3381 W SmartUpdateMediatorLiveData: 	at com.android.permissioncontroller.permission.data.SmartAsyncMediatorLiveData$updateAsync$1.invokeSuspend(SmartAsyncMediatorLiveData.kt:62)
01-17 16:35:26.202  3333  3381 W SmartUpdateMediatorLiveData: 	at kotlin.coroutines.jvm.internal.BaseContinuationImpl.resumeWith(ContinuationImpl.kt:33)
01-17 16:35:26.202  3333  3381 W SmartUpdateMediatorLiveData: 	at kotlinx.coroutines.DispatchedTask.run(DispatchedTask.kt:100)
01-17 16:35:26.202  3333  3381 W SmartUpdateMediatorLiveData: 	at java.util.concurrent.ThreadPoolExecutor.runWorker(ThreadPoolExecutor.java:1154)
01-17 16:35:26.202  3333  3381 W SmartUpdateMediatorLiveData: 	at java.util.concurrent.ThreadPoolExecutor$Worker.run(ThreadPoolExecutor.java:652)
01-17 16:35:26.202  3333  3381 W SmartUpdateMediatorLiveData: 	at java.lang.Thread.run(Thread.java:1563)
01-17 16:35:26.214  1058  1072 W System  : A resource failed to call release. 
01-17 16:35:26.214  1058  1072 W System  : A resource failed to call release. 
01-17 16:35:26.214  1058  1072 W System  : A resource failed to call release. 
01-17 16:35:26.214  1058  1072 W System  : A resource failed to call release. 
01-17 16:35:26.214  1058  1072 W System  : A resource failed to call release. 
01-17 16:35:26.215  1058  1072 W System  : A resource failed to call release. 
01-17 16:35:26.215  1058  1072 W System  : A resource failed to call release. 
01-17 16:35:26.215  1058  1072 W System  : A resource failed to call release. 
01-17 16:35:26.215  1058  1072 W System  : A resource failed to call release. 
01-17 16:35:26.217  1058  1072 W System  : A resource failed to call release. 
01-17 16:35:26.217  1058  1072 W System  : A resource failed to call release. 
01-17 16:35:26.217  1058  1072 W System  : A resource failed to call release. 
01-17 16:35:26.217  1058  1072 W System  : A resource failed to call release. 
01-17 16:35:26.217  1058  1072 W System  : A resource failed to call release. 
01-17 16:35:26.217  1058  1072 W System  : A resource failed to call release. 
01-17 16:35:26.217  1058  1072 W System  : A resource failed to call release. 
01-17 16:35:26.217  1058  1072 W System  : A resource failed to call release. 
01-17 16:35:26.217  1058  1072 W System  : A resource failed to call release. 
01-17 16:35:26.217  1058  1072 W System  : A resource failed to call release. 
01-17 16:35:26.217  1058  1072 W System  : A resource failed to call release. 
01-17 16:35:26.218  1058  1072 W System  : A resource failed to call release. 
01-17 16:35:26.218  1058  1072 W System  : A resource failed to call release. 
01-17 16:35:26.218  1058  1072 W System  : A resource failed to call release. 
01-17 16:35:26.218  1058  1072 W System  : A resource failed to call release. 
01-17 16:35:26.218  1058  1072 W System  : A resource failed to call release. 
01-17 16:35:26.218  1058  1072 W System  : A resource failed to call release. 
01-17 16:35:26.221  1058  1072 W System  : A resource failed to call release. 
01-17 16:35:26.221  1058  1072 W System  : A resource failed to call release. 
01-17 16:35:26.221  1058  1072 W System  : A resource failed to call release. 
01-17 16:35:26.221  1058  1072 W System  : A resource failed to call release. 
01-17 16:35:26.221  1058  1072 W System  : A resource failed to call release. 
01-17 16:35:26.221  1058  1072 W System  : A resource failed to call release. 
01-17 16:35:26.221  1058  1072 W System  : A resource failed to call release. 
01-17 16:35:26.248   804  1387 W ParceledListSlice: Element #70 is 161736 bytes.
01-17 16:35:26.248   804  1387 W ParceledListSlice: Overly large reply size: 221064
01-17 16:35:26.253   804  2281 W ParceledListSlice: Element #145 is 70352 bytes.
01-17 16:35:26.253   804  2281 W ParceledListSlice: Overly large reply size: 125664
01-17 16:35:26.254   804  1387 W ParceledListSlice: Element #146 is 17108 bytes.
01-17 16:35:26.258   804  1751 W ParceledListSlice: Element #196 is 27108 bytes.
01-17 16:35:26.260   804  1751 W ParceledListSlice: Element #229 is 32116 bytes.
01-17 16:35:26.260   804  1751 W ParceledListSlice: Overly large reply size: 89424
01-17 16:35:26.262   804  2281 W ParceledListSlice: Element #241 is 17256 bytes.
01-17 16:35:26.889   804   909 D ActivityManager: freezing 2414 com.android.vending:background
01-17 16:35:26.919   804   909 D ActivityManager: freezing 3209 com.google.android.rkpdapp
01-17 16:35:26.923   804   965 D InetDiagMessage: Destroyed 0 sockets, proto=IPPROTO_TCP, family=AF_INET, states=14
01-17 16:35:26.923   804   965 D InetDiagMessage: Destroyed 0 sockets, proto=IPPROTO_TCP, family=AF_INET6, states=14
01-17 16:35:26.923   804   965 D InetDiagMessage: Destroyed live tcp sockets for uids={10223} in 1ms
01-17 16:35:27.010   804   909 D ActivityManager: freezing 1886 android.process.media
01-17 16:35:27.013   804   965 D InetDiagMessage: Destroyed 0 sockets, proto=IPPROTO_TCP, family=AF_INET, states=14
01-17 16:35:27.013   804   965 D InetDiagMessage: Destroyed 0 sockets, proto=IPPROTO_TCP, family=AF_INET6, states=14
01-17 16:35:27.013   804   965 D InetDiagMessage: Destroyed live tcp sockets for uids={10111} in 1ms
01-17 16:35:27.255   804  1751 D OomAdjuster: Not killing cached processes
01-17 16:35:27.356   804  1387 V WindowManager: DesktopModeLaunchParamsModifier: phase= 0 task=null activity=null display-area-from-source=DefaultTaskDisplayArea@130097576 display-id=0 task-display-area-windowing-mode=1 suggested-display-area=DefaultTaskDisplayArea@130097576 task null, skipping
01-17 16:35:27.357   804  1387 V WindowManager: TaskLaunchParamsModifier:phase=0 task=null activity=null display-area-from-source=DefaultTaskDisplayArea@130097576 display-id=0 task-display-area-windowing-mode=1 suggested-display-area=DefaultTaskDisplayArea@130097576
01-17 16:35:27.359   804  1387 V WindowManager: DesktopModeLaunchParamsModifier: phase= 0 task=null activity=ActivityRecord{201405076 u0 com.google.android.packageinstaller/com.android.packageinstaller.UninstallerActivity display-area-from-source=DefaultTaskDisplayArea@130097576 display-id=0 task-display-area-windowing-mode=1 suggested-display-area=DefaultTaskDisplayArea@130097576 task null, skipping
01-17 16:35:27.360   804  1387 V WindowManager: TaskLaunchParamsModifier:phase=0 task=null activity=ActivityRecord{201405076 u0 com.google.android.packageinstaller/com.android.packageinstaller.UninstallerActivity t-1} display-area-from-source=DefaultTaskDisplayArea@130097576 display-id=0 task-display-area-windowing-mode=1 suggested-display-area=DefaultTaskDisplayArea@130097576
01-17 16:35:27.360   804  1387 V WindowManager: DesktopModeLaunchParamsModifier: phase= 3 task=Task{81cacb8 #34 type=standard A=1000:com.android.settings} activity=ActivityRecord{201405076 u0 com.google.android.packageinstaller/com.android.packageinstaller.UninstallerActivity t-1} display-area-from-source=DefaultTaskDisplayArea@130097576 display-id=0 task-display-area-windowing-mode=1 suggested-display-area=DefaultTaskDisplayArea@130097576 not entering desktop mode, skipping
01-17 16:35:27.360   804  1387 V WindowManager: TaskLaunchParamsModifier:phase=3 task=Task{81cacb8 #34 type=standard A=1000:com.android.settings} activity=ActivityRecord{201405076 u0 com.google.android.packageinstaller/com.android.packageinstaller.UninstallerActivity t-1} display-area-from-source=DefaultTaskDisplayArea@130097576 display-id=0 task-display-area-windowing-mode=1 suggested-display-area=DefaultTaskDisplayArea@130097576 inherit-from-source=fullscreen non-freeform-task-display-area display-area=DefaultTaskDisplayArea@130097576 skip-bounds-fullscreen
01-17 16:35:27.361   804  1387 V WindowManager: DesktopModeLaunchParamsModifier: phase= 3 task=Task{81cacb8 #34 type=standard A=1000:com.android.settings} activity=ActivityRecord{201405076 u0 com.google.android.packageinstaller/com.android.packageinstaller.UninstallerActivity t-1} display-area-from-source=DefaultTaskDisplayArea@130097576 display-id=0 task-display-area-windowing-mode=1 suggested-display-area=DefaultTaskDisplayArea@130097576 not entering desktop mode, skipping
01-17 16:35:27.361   804  1387 V WindowManager: TaskLaunchParamsModifier:phase=3 task=Task{81cacb8 #34 type=standard A=1000:com.android.settings} activity=ActivityRecord{201405076 u0 com.google.android.packageinstaller/com.android.packageinstaller.UninstallerActivity t-1} display-area-from-source=DefaultTaskDisplayArea@130097576 display-id=0 task-display-area-windowing-mode=1 suggested-display-area=DefaultTaskDisplayArea@130097576 inherit-from-source=fullscreen non-freeform-task-display-area display-area=DefaultTaskDisplayArea@130097576 skip-bounds-fullscreen
01-17 16:35:27.361   804  1387 V WindowManager: DesktopModeLaunchParamsModifier: phase= 3 task=Task{81cacb8 #34 type=standard A=1000:com.android.settings} activity=ActivityRecord{201405076 u0 com.google.android.packageinstaller/com.android.packageinstaller.UninstallerActivity t-1} display-area-from-source=DefaultTaskDisplayArea@130097576 display-id=0 task-display-area-windowing-mode=1 suggested-display-area=DefaultTaskDisplayArea@130097576 not entering desktop mode, skipping
01-17 16:35:27.362   804  1387 V WindowManager: TaskLaunchParamsModifier:phase=3 task=Task{81cacb8 #34 type=standard A=1000:com.android.settings} activity=ActivityRecord{201405076 u0 com.google.android.packageinstaller/com.android.packageinstaller.UninstallerActivity t-1} display-area-from-source=DefaultTaskDisplayArea@130097576 display-id=0 task-display-area-windowing-mode=1 suggested-display-area=DefaultTaskDisplayArea@130097576 inherit-from-source=fullscreen non-freeform-task-display-area display-area=DefaultTaskDisplayArea@130097576 skip-bounds-fullscreen
01-17 16:35:27.366   644  1308 I libbinder.BpBinder: onLastStrongRef automatically unlinking death recipients for descriptor: '(not cached)'
01-17 16:35:27.367   804  1387 I ActivityTaskManager: START u0 {act=android.intent.action.UNINSTALL_PACKAGE dat=package: xflg=0x4 cmp=com.google.android.packageinstaller/com.android.packageinstaller.UninstallerActivity (has extras)} with LAUNCH_MULTIPLE from uid 1000 (com.android.settings) (sr=159665909) (BAL_ALLOW_VISIBLE_WINDOW) result code=0
01-17 16:35:27.368  1058  1120 V WindowManagerShell: Transition requested (#32): android.os.BinderProxy@1d8de01 TransitionRequestInfo { type = OPEN, triggerTask = TaskInfo{userId=0 taskId=34 effectiveUid=1000 displayId=0 isRunning=true baseIntent=Intent { act=android.settings.APPLICATION_DETAILS_SETTINGS dat=package: flg=0x10008000 cmp=com.android.settings/.applications.InstalledAppDetails } baseActivity=ComponentInfo{com.android.settings/com.android.settings.spa.SpaActivity} topActivity=ComponentInfo{com.google.android.packageinstaller/com.android.packageinstaller.UninstallerActivity} origActivity=ComponentInfo{com.android.settings/com.android.settings.applications.InstalledAppDetails} realActivity=ComponentInfo{com.android.settings/com.android.settings.applications.InstalledAppDetailsTop} numActivities=2 lastActiveTime=463684 supportsMultiWindow=true resizeMode=1 isResizeable=true minWidth=-1 minHeight=-1 defaultMinSize=220 token=WCT{android.os.BinderProxy@34b3c6e} topActivityType=1 pictureInPictureParams=null shouldDockBigOverlays=false launchIntoPipHostTaskId=-1 lastParentTaskIdBeforePip=-1 displayCutoutSafeInsets=Rect(0, 0 - 0, 0) topActivityInfo=ActivityInfo{2c104a6 com.android.packageinstaller.UninstallerActivity} launchCookies=[android.os.BinderProxy@9ae0b9c] positionInParent=Point(0, 0) parentTaskId=-1 isFocused=true isVisible=true isVisibleRequested=true isTopActivityNoDisplay=false isSleeping=false locusId=null displayAreaFeatureId=1 isTopActivityTransparent=true isActivityStackTransparent=false lastNonFullscreenBounds=null capturedLink=null capturedLinkTimestamp=0 requestedVisibleTypes=503 topActivityRequestOpenInBrowserEducationTimestamp=0 appCompatTaskInfo=AppCompatTaskInfo { topActivityInSizeCompat=false isLeafTask= true eligibleForLetterboxEducation= false isLetterboxEducationEnabled= true isLetterboxDoubleTapEnabled= false eligibleForUserAspectRatioButton= false topActivityBoundsLetterboxed= false isFromLetterboxDoubleTap= false topActivityLetterboxVerticalPosition= -1 topActivityLetterboxHorizontalPosition= -1 topActivityLetterboxWidth=-1 topActivityLetterboxHeight=-1 topActivityAppBounds=Rect(0, 0 - 1080, 2400) isUserFullscreenOverrideEnabled=false isSystemFullscreenOverrideEnabled=false hasMinAspectRatioOverride=false topActivityLetterboxBounds=null cameraCompatTaskInfo=CameraCompatTaskInfo { cameraCompatMode=undefinedundefined} topNonResizableActivityAspectRatio=-1.0} topActivityMainWindowFrame=null isAppBubble=false}, pipChange = null, remoteTransition = null, displayChange = null, requestedLocation = null, userChange = null, windowingLayerChange = null, flags = 0, debugId = 32 }
01-17 16:35:27.368  1058  1120 D ShellSplitScreen: logExit: no-op, mLoggerSessionId is null
01-17 16:35:27.371  1058  1120 V ShellDesktopMode: DesktopTasksController: handleRequest request=TransitionRequestInfo { type = OPEN, triggerTask = TaskInfo{userId=0 taskId=34 effectiveUid=1000 displayId=0 isRunning=true baseIntent=Intent { act=android.settings.APPLICATION_DETAILS_SETTINGS dat=package: flg=0x10008000 cmp=com.android.settings/.applications.InstalledAppDetails } baseActivity=ComponentInfo{com.android.settings/com.android.settings.spa.SpaActivity} topActivity=ComponentInfo{com.google.android.packageinstaller/com.android.packageinstaller.UninstallerActivity} origActivity=ComponentInfo{com.android.settings/com.android.settings.applications.InstalledAppDetails} realActivity=ComponentInfo{com.android.settings/com.android.settings.applications.InstalledAppDetailsTop} numActivities=2 lastActiveTime=463684 supportsMultiWindow=true resizeMode=1 isResizeable=true minWidth=-1 minHeight=-1 defaultMinSize=220 token=WCT{android.os.BinderProxy@34b3c6e} topActivityType=1 pictureInPictureParams=null shouldDockBigOverlays=false launchIntoPipHostTaskId=-1 lastParentTaskIdBeforePip=-1 displayCutoutSafeInsets=Rect(0, 0 - 0, 0) topActivityInfo=ActivityInfo{2c104a6 com.android.packageinstaller.UninstallerActivity} launchCookies=[android.os.BinderProxy@9ae0b9c] positionInParent=Point(0, 0) parentTaskId=-1 isFocused=true isVisible=true isVisibleRequested=true isTopActivityNoDisplay=false isSleeping=false locusId=null displayAreaFeatureId=1 isTopActivityTransparent=true isActivityStackTransparent=false lastNonFullscreenBounds=null capturedLink=null capturedLinkTimestamp=0 requestedVisibleTypes=503 topActivityRequestOpenInBrowserEducationTimestamp=0 appCompatTaskInfo=AppCompatTaskInfo { topActivityInSizeCompat=false isLeafTask= true eligibleForLetterboxEducation= false isLetterboxEducationEnabled= true isLetterboxDoubleTapEnabled= false eligibleForUserAspectRatioButton= false topActivityBoundsLetterboxed= false isFromLetterboxDoubleTap= false topActivityLetterboxVerticalPosition= -1 topActivityLetterboxHorizontalPosition= -1 topActivityLetterboxWidth=-1 topActivityLetterboxHeight=-1 topActivityAppBounds=Rect(0, 0 - 1080, 2400) isUserFullscreenOverrideEnabled=false isSystemFullscreenOverrideEnabled=false hasMinAspectRatioOverride=false topActivityLetterboxBounds=null cameraCompatTaskInfo=CameraCompatTaskInfo { cameraCompatMode=undefinedundefined} topNonResizableActivityAspectRatio=-1.0} topActivityMainWindowFrame=null isAppBubble=false}, pipChange = null, remoteTransition = null, displayChange = null, requestedLocation = null, userChange = null, windowingLayerChange = null, flags = 0, debugId = 32 }
01-17 16:35:27.371  1058  1120 V ShellDesktopMode: DesktopTasksController: skipping handleRequest reason=triggerTask's display doesn't support desktop mode
01-17 16:35:27.384   804  1751 W libbinder.IPCThreadState: Sending oneway calls to frozen process.
01-17 16:35:27.388   804  1011 D BackgroundInstallControlService: Package event received: 0
01-17 16:35:27.388   804  1751 D ActivityManager: quick sync unfreeze 3531 for 1
01-17 16:35:27.398   804  1011 D BackgroundInstallControlService: Package event received: 0
01-17 16:35:27.399   804  1011 D BackgroundInstallControlService: Package event received: 0
01-17 16:35:27.400  3531  5085 I GFXSTREAM: [eglDisplay.cpp(297)] Opening libGLESv1_CM_emulation.so
01-17 16:35:27.410  3531  5085 I GFXSTREAM: [eglDisplay.cpp(297)] Opening libGLESv2_emulation.so
01-17 16:35:27.410   804   832 D ActivityManager: sync unfroze 3531 com.google.android.packageinstaller for 1
01-17 16:35:27.434   804  1011 D BackgroundInstallControlService: Package event received: 0
01-17 16:35:27.439  3531  5085 W HWUI    : Failed to choose config with EGL_SWAP_BEHAVIOR_PRESERVED, retrying without...
01-17 16:35:27.439  3531  5085 W HWUI    : Failed to initialize 101010-2 format, error = EGL_SUCCESS
01-17 16:35:27.445  3531  3531 D PackageInstaller: Using Pia V2 due to: aconfig flag USE_PIA_V2
01-17 16:35:27.449   804  1387 V WindowManager: DesktopModeLaunchParamsModifier: phase= 0 task=null activity=null display-area-from-source=DefaultTaskDisplayArea@130097576 display-id=0 task-display-area-windowing-mode=1 suggested-display-area=DefaultTaskDisplayArea@130097576 task null, skipping
01-17 16:35:27.449   804  1387 V WindowManager: TaskLaunchParamsModifier:phase=0 task=null activity=null display-area-from-source=DefaultTaskDisplayArea@130097576 display-id=0 task-display-area-windowing-mode=1 suggested-display-area=DefaultTaskDisplayArea@130097576
01-17 16:35:27.451   804  1387 V WindowManager: DesktopModeLaunchParamsModifier: phase= 0 task=null activity=ActivityRecord{188826681 u0 com.google.android.packageinstaller/com.android.packageinstaller.v2.ui.UninstallLaunch display-area-from-source=DefaultTaskDisplayArea@130097576 display-id=0 task-display-area-windowing-mode=1 suggested-display-area=DefaultTaskDisplayArea@130097576 task null, skipping
01-17 16:35:27.451   804  1387 V WindowManager: TaskLaunchParamsModifier:phase=0 task=null activity=ActivityRecord{188826681 u0 com.google.android.packageinstaller/com.android.packageinstaller.v2.ui.UninstallLaunch t-1} display-area-from-source=DefaultTaskDisplayArea@130097576 display-id=0 task-display-area-windowing-mode=1 suggested-display-area=DefaultTaskDisplayArea@130097576
01-17 16:35:27.451   804  1387 V WindowManager: DesktopModeLaunchParamsModifier: phase= 3 task=Task{81cacb8 #34 type=standard A=1000:com.android.settings} activity=ActivityRecord{188826681 u0 com.google.android.packageinstaller/com.android.packageinstaller.v2.ui.UninstallLaunch t-1} display-area-from-source=DefaultTaskDisplayArea@130097576 display-id=0 task-display-area-windowing-mode=1 suggested-display-area=DefaultTaskDisplayArea@130097576 not entering desktop mode, skipping
01-17 16:35:27.451   804  1387 V WindowManager: TaskLaunchParamsModifier:phase=3 task=Task{81cacb8 #34 type=standard A=1000:com.android.settings} activity=ActivityRecord{188826681 u0 com.google.android.packageinstaller/com.android.packageinstaller.v2.ui.UninstallLaunch t-1} display-area-from-source=DefaultTaskDisplayArea@130097576 display-id=0 task-display-area-windowing-mode=1 suggested-display-area=DefaultTaskDisplayArea@130097576 inherit-from-source=fullscreen non-freeform-task-display-area display-area=DefaultTaskDisplayArea@130097576 skip-bounds-fullscreen
01-17 16:35:27.452   804  1387 V WindowManager: DesktopModeLaunchParamsModifier: phase= 3 task=Task{81cacb8 #34 type=standard A=1000:com.android.settings} activity=ActivityRecord{188826681 u0 com.google.android.packageinstaller/com.android.packageinstaller.v2.ui.UninstallLaunch t-1} display-area-from-source=DefaultTaskDisplayArea@130097576 display-id=0 task-display-area-windowing-mode=1 suggested-display-area=DefaultTaskDisplayArea@130097576 not entering desktop mode, skipping
01-17 16:35:27.452   804  1387 V WindowManager: TaskLaunchParamsModifier:phase=3 task=Task{81cacb8 #34 type=standard A=1000:com.android.settings} activity=ActivityRecord{188826681 u0 com.google.android.packageinstaller/com.android.packageinstaller.v2.ui.UninstallLaunch t-1} display-area-from-source=DefaultTaskDisplayArea@130097576 display-id=0 task-display-area-windowing-mode=1 suggested-display-area=DefaultTaskDisplayArea@130097576 inherit-from-source=fullscreen non-freeform-task-display-area display-area=DefaultTaskDisplayArea@130097576 skip-bounds-fullscreen
01-17 16:35:27.452   804  1387 V WindowManager: DesktopModeLaunchParamsModifier: phase= 3 task=Task{81cacb8 #34 type=standard A=1000:com.android.settings} activity=ActivityRecord{188826681 u0 com.google.android.packageinstaller/com.android.packageinstaller.v2.ui.UninstallLaunch t-1} display-area-from-source=DefaultTaskDisplayArea@130097576 display-id=0 task-display-area-windowing-mode=1 suggested-display-area=DefaultTaskDisplayArea@130097576 not entering desktop mode, skipping
01-17 16:35:27.453   804  1387 V WindowManager: TaskLaunchParamsModifier:phase=3 task=Task{81cacb8 #34 type=standard A=1000:com.android.settings} activity=ActivityRecord{188826681 u0 com.google.android.packageinstaller/com.android.packageinstaller.v2.ui.UninstallLaunch t-1} display-area-from-source=DefaultTaskDisplayArea@130097576 display-id=0 task-display-area-windowing-mode=1 suggested-display-area=DefaultTaskDisplayArea@130097576 inherit-from-source=fullscreen non-freeform-task-display-area display-area=DefaultTaskDisplayArea@130097576 skip-bounds-fullscreen
01-17 16:35:27.458   804  1387 I ActivityTaskManager: START u0 {act=android.intent.action.UNINSTALL_PACKAGE dat=package: flg=0x800000 xflg=0x4 cmp=com.google.android.packageinstaller/com.android.packageinstaller.v2.ui.UninstallLaunch (has extras)} with LAUNCH_MULTIPLE from uid 10113 (com.google.android.packageinstaller) (sr=201405076) (BAL_ALLOW_VISIBLE_WINDOW) result code=0
01-17 16:35:27.476   804  1011 D BackgroundInstallControlService: Package event received: 0
01-17 16:35:27.482   804  1011 D BackgroundInstallControlService: Package event received: 0
01-17 16:35:27.482   804  1011 D BackgroundInstallControlService: Package event received: 0
01-17 16:35:27.489  3531  3531 D UninstallLaunch: Apply material design
01-17 16:35:27.492  3531  3531 I PackageUtil: Multiple packages found for source uid 1000
01-17 16:35:27.730  1201  1201 D b/417220811: invalidateLoadedTasks - previous requestLoadId: -1
01-17 16:35:27.746  3531  3531 I UninstallationFragment: Creating UninstallationFragment
01-17 16:35:27.746  3531  3531 I UninstallationFragment: UninstallUserActionRequired(titleResId=2131755378, messageResId=null, positiveButtonResId=2131755078, appDataSize=0, appSnippet=AppSnippet[label = hostelv3, hasIcon = true], isClonedApp=false, isDifferentActivityName=false, isOtherUser=false, userName=null, targetAppInfo=ApplicationInfo{6d52b36 com.rngpit.hostelv3}, targetActivityInfo=null)
01-17 16:35:27.796  3531  3531 D WindowOnBackDispatcher: setTopOnBackInvokedCallback (unwrapped): android.app.Dialog$$ExternalSyntheticLambda2@28fece1
01-17 16:35:27.798   804  1387 D CoreBackPreview: Window{240e08a u0 com.google.android.packageinstaller/com.android.packageinstaller.v2.ui.UninstallLaunch}: Setting back callback OnBackInvokedCallbackInfo{mCallback=android.window.IOnBackInvokedCallback$Stub$Proxy@d1d4d30, mPriority=-1, mIsAnimationCallback=false, mOverrideBehavior=0}
01-17 16:35:27.922  3531  3531 D WindowOnBackDispatcher: setTopOnBackInvokedCallback (unwrapped): android.app.Activity$$ExternalSyntheticLambda0@e405719
01-17 16:35:27.922  3531  3531 D VRI[UninstallLaunch]: WindowInsets changed: 1080x2274 mandatorySystemGestures:[0,0,0,21] 
01-17 16:35:27.929   804  1751 D CoreBackPreview: Window{834f6e2 u0 com.google.android.packageinstaller/com.android.packageinstaller.v2.ui.UninstallLaunch}: Setting back callback OnBackInvokedCallbackInfo{mCallback=android.window.IOnBackInvokedCallback$Stub$Proxy@61eada9, mPriority=-1, mIsAnimationCallback=false, mOverrideBehavior=0}
01-17 16:35:27.934  3531  3531 D VRI[UninstallLaunch]: WindowInsets changed: 1024x84 mandatorySystemGestures:null 
01-17 16:35:27.986  1058  4443 V WindowManagerShell: onTransitionReady(transaction=3453153708768)
01-17 16:35:27.987  1058  1120 V WindowManagerShell: onTransitionReady (#32) android.os.BinderProxy@1d8de01: {id=32 t=OPEN f=0x0 trk=0 r=[0@Point(0, 0)] c=[
01-17 16:35:27.987  1058  1120 V WindowManagerShell:         {m=OPEN f=TRANSLUCENT|FILLS_TASK leash=Surface(name=ActivityRecord{188826681 u0 com.google.android.packageinstaller/com.android.packageinstaller.v2.ui.UninstallLaunch t34}#337)/@0x9fdbee7 sb=Rect(0, 0 - 0, 0) eb=Rect(0, 0 - 1080, 2400) epz=Point(1080, 2400) d=-1->0 r=-1->0:-1 bc=ffeeedf6 activity=ActivityTransitionInfo { component = ComponentInfo{com.google.android.packageinstaller/com.android.packageinstaller.v2.ui.UninstallLaunch}, taskId = 34, appCompatTransitionInfo = null } opt={t=FROM_STYLE mUserId=0}}
01-17 16:35:27.987  1058  1120 V WindowManagerShell:     ]}
01-17 16:35:27.988   804   829 I ActivityTaskManager: Displayed com.google.android.packageinstaller/com.android.packageinstaller.v2.ui.UninstallLaunch for user 0: +567ms
01-17 16:35:27.988  1058  1120 V WindowManagerShell: Playing animation for (#32) android.os.BinderProxy@1d8de01@0
01-17 16:35:27.988  1058  1120 V ShellRecents: RecentsTransitionHandler.startAnimation: no controller found
01-17 16:35:27.988  1058  1120 V ShellDesktopMode: DesktopMixedTransitionHandler: No pending desktop transition
01-17 16:35:27.988  1058  1120 V WindowManagerShell: Transition doesn't have explicit remote, search filters for match for {id=32 t=OPEN f=0x0 trk=0 r=[0@Point(0, 0)] c=[{m=OPEN f=TRANSLUCENT|FILLS_TASK leash=Surface(name=ActivityRecord{188826681 u0 com.google.android.packageinstaller/com.android.packageinstaller.v2.ui.UninstallLaunch t34}#337)/@0x9fdbee7 sb=Rect(0, 0 - 0, 0) eb=Rect(0, 0 - 1080, 2400) epz=Point(1080, 2400) d=-1->0 r=-1->0:-1 bc=ffeeedf6 activity=ActivityTransitionInfo { component = ComponentInfo{com.google.android.packageinstaller/com.android.packageinstaller.v2.ui.UninstallLaunch}, taskId = 34, appCompatTransitionInfo = null } opt={t=FROM_STYLE mUserId=0}}]}
01-17 16:35:27.988  1058  1120 V WindowManagerShell:  Checking filter Pair{{types=[] flags=0x0] notFlags=0x0 checks=[{atype=undefined independent=true modes=[CLOSE,TO_BACK] flags=IN_TASK_WITH_EMBEDDED_ACTIVITY mustBeTask=false order=ANY topActivity=null launchCookie=null taskFragmentToken=android.os.BinderProxy@677b6ac windowingMode=undefined isCrossDisplayMove=false}]} RemoteTransition { remoteTransition = android.window.IRemoteTransition$Stub$Proxy@fa95f75, appThread = android.app.IApplicationThread$Stub$Proxy@fb17b0a, debugName = overlayBackTransition }}
01-17 16:35:27.988  1058  1120 V WindowManagerShell:  Checking filter Pair{{types=[] flags=0x0] notFlags=0x0 checks=[{atype=dream independent=true modes=[OPEN,TO_FRONT] flags=NONE mustBeTask=false order=ANY topActivity=null launchCookie=null windowingMode=undefined isCrossDisplayMove=false},{atype=home independent=true modes=[CLOSE,TO_BACK] flags=NONE mustBeTask=false order=ANY topActivity=null launchCookie=null windowingMode=undefined isCrossDisplayMove=false}]} RemoteTransition { remoteTransition = android.window.IRemoteTransition$Stub$Proxy@5ca9f7b, appThread = android.app.IApplicationThread$Stub$Proxy@7ff9198, debugName = LauncherToDream }}
01-17 16:35:27.988   804   829 V WindowManager: Sent Transition (#32) createdAt=01-17 16:35:27.359 via request=TransitionRequestInfo { type = OPEN, triggerTask = TaskInfo{userId=0 taskId=34 effectiveUid=1000 displayId=0 isRunning=true baseIntent=Intent { act=android.settings.APPLICATION_DETAILS_SETTINGS dat=package: flg=0x10008000 cmp=com.android.settings/.applications.InstalledAppDetails } baseActivity=ComponentInfo{com.android.settings/com.android.settings.spa.SpaActivity} topActivity=ComponentInfo{com.google.android.packageinstaller/com.android.packageinstaller.UninstallerActivity} origActivity=ComponentInfo{com.android.settings/com.android.settings.applications.InstalledAppDetails} realActivity=ComponentInfo{com.android.settings/com.android.settings.applications.InstalledAppDetailsTop} numActivities=2 lastActiveTime=463684 supportsMultiWindow=true resizeMode=1 isResizeable=true minWidth=-1 minHeight=-1 defaultMinSize=220 token=WCT{RemoteToken{3511cef Task{81cacb8 #34 type=standard A=1000:com.android.settings}}} topActivityType=1 pictureInPictureParams=null shouldDockBigOverlays=false launchIntoPipHostTaskId=-1 lastParentTaskIdBeforePip=-1 displayCutoutSafeInsets=Rect(0, 0 - 0, 0) topActivityInfo=ActivityInfo{b3674eb com.android.packageinstaller.UninstallerActivity} launchCookies=[android.os.BinderProxy@8c6ba85] positionInParent=Point(0, 0) parentTaskId=-1 isFocused=true isVisible=true isVisibleRequested=true isTopActivityNoDisplay=false isSleeping=false locusId=null displayAreaFeatureId=1 isTopActivityTransparent=true isActivityStackTransparent=false lastNonFullscreenBounds=null capturedLink=null capturedLinkTimestamp=0 requestedVisibleTypes=503 topActivityRequestOpenInBrowserEducationTimestamp=0 appCompatTaskInfo=AppCompatTaskInfo { topActivityInSizeCompat=false isLeafTask= true eligibleForLetterboxEducation= false isLetterboxEducationEnabled= true isLetterboxDoubleTapEnabled= false eligibleForUserAspectRatioButton= false topActivityBoundsLetterboxed= false isFromLetterboxDoubleTap= false topActivityLetterboxVerticalPosition= -1 topActivityLetterboxHorizontalPosition= -1 topActivityLetterboxWidth=-1 topActivityLetterboxHeight=-1 topActivityAppBounds=Rect(0, 0 - 1080, 2400) isUserFullscreenOverrideEnabled=false isSystemFullscreenOverrideEnabled=false hasMinAspectRatioOverride=false topActivityLetterboxBounds=null cameraCompatTaskInfo=CameraCompatTaskInfo { cameraCompatMode=undefinedundefined} topNonResizableActivityAspectRatio=-1.0} topActivityMainWindowFrame=null isAppBubble=false}, pipChange = null, remoteTransition = null, displayChange = null, requestedLocation = null, userChange = null, windowingLayerChange = null, flags = 0, debugId = 32 }
01-17 16:35:27.989   804   829 V WindowManager:     startWCT=WindowContainerTransaction { changes= {} hops= [] errorCallbackToken=null taskFragmentOrganizer=null }
01-17 16:35:27.989   804   829 V WindowManager:     info={id=32 t=OPEN f=0x0 trk=0 r=[0@Point(0, 0)] c=[
01-17 16:35:27.989   804   829 V WindowManager:         {m=OPEN f=TRANSLUCENT|FILLS_TASK leash=Surface(name=ActivityRecord{188826681 u0 com.google.android.packageinstaller/com.android.packageinstaller.v2.ui.UninstallLaunch t34}#337)/@0xdc20c5c sb=Rect(0, 0 - 0, 0) eb=Rect(0, 0 - 1080, 2400) epz=Point(1080, 2400) d=-1->0 r=-1->0:-1 bc=ffeeedf6 activity=ActivityTransitionInfo { component = ComponentInfo{com.google.android.packageinstaller/com.android.packageinstaller.v2.ui.UninstallLaunch}, taskId = 34, appCompatTransitionInfo = null } opt={t=FROM_STYLE mUserId=0}}
01-17 16:35:27.989   804   829 V WindowManager:     ]}
01-17 16:35:27.988  1058  1120 V WindowManagerShell:  Checking filter Pair{{types=[] flags=0x0] notFlags=0x100 checks=[{atype=home independent=true modes=[OPEN,TO_FRONT] flags=NONE mustBeTask=false order=TOP topActivity=ComponentInfo{com.google.android.apps.nexuslauncher/com.google.android.apps.nexuslauncher.NexusLauncherActivity} launchCookie=null windowingMode=undefined isCrossDisplayMove=false},{atype=standard independent=true modes=[CLOSE,TO_BACK] flags=NONE mustBeTask=false order=ANY topActivity=null launchCookie=null windowingMode=undefined isCrossDisplayMove=false},{NOT atype=undefined independent=true modes=[] flags=NONE mustBeTask=true order=ANY topActivity=null launchCookie=null customAnim=true windowingMode=undefined isCrossDisplayMove=false}]} RemoteTransition { remoteTransition = android.window.IRemoteTransition$Stub$Proxy@9bd7df1, appThread = android.app.IApplicationThread$Stub$Proxy@b743dd6, debugName = QuickstepLaunchHome }}
01-17 16:35:27.989  1058  1120 V WindowManagerShell:  Checking filter Pair{{types=[OPEN,TO_FRONT] flags=0x0] notFlags=0x0 checks=[{atype=standard independent=true modes=[OPEN,TO_FRONT] flags=NONE mustBeTask=true order=ANY topActivity=null launchCookie=null windowingMode=freeform isCrossDisplayMove=false}]} RemoteTransition { remoteTransition = android.window.IRemoteTransition$Stub$Proxy@4a0fdff, appThread = null, debugName = DesktopWindowLimitUnminimize }}
01-17 16:35:27.989  1058  1120 V WindowManagerShell:  Delegate animation for (#32) to null
01-17 16:35:27.989  1058  1120 V WindowManagerShell: start default transition animation, info = {id=32 t=OPEN f=0x0 trk=0 r=[0@Point(0, 0)] c=[{m=OPEN f=TRANSLUCENT|FILLS_TASK leash=Surface(name=ActivityRecord{188826681 u0 com.google.android.packageinstaller/com.android.packageinstaller.v2.ui.UninstallLaunch t34}#337)/@0x9fdbee7 sb=Rect(0, 0 - 0, 0) eb=Rect(0, 0 - 1080, 2400) epz=Point(1080, 2400) d=-1->0 r=-1->0:-1 bc=ffeeedf6 activity=ActivityTransitionInfo { component = ComponentInfo{com.google.android.packageinstaller/com.android.packageinstaller.v2.ui.UninstallLaunch}, taskId = 34, appCompatTransitionInfo = null } opt={t=FROM_STYLE mUserId=0}}]}
01-17 16:35:27.989  1058  1120 V WindowManagerShell: loadAnimation: anim=null animAttr=0x4 type=OPEN isEntrance=true
01-17 16:35:27.991  1058  1120 V WindowManagerShell: Transition animation finished (aborted=false), notifying core (#32) android.os.BinderProxy@1d8de01@0
01-17 16:35:27.996   804   829 V WindowManager: Finish Transition (#32): created at 01-17 16:35:27.359 collect-started=0.053ms request-sent=7.8ms started=12.608ms ready=112.772ms sent=625.788ms finished=636.138ms
01-17 16:35:27.998  1058  1120 V WindowManagerShell: Track 0 became idle
01-17 16:35:27.999  1058  1120 V WindowManagerShell: All active transition animations finished
01-17 16:35:28.000  1058  1120 V WindowManagerShell:  animated by com.android.wm.shell.transition.DefaultTransitionHandler@4437334
01-17 16:35:28.000  1058  1120 V WindowManagerShell: Track 0 became idle
01-17 16:35:28.000  1058  1120 V WindowManagerShell: All active transition animations finished
01-17 16:35:28.016   804  1011 D BackgroundInstallControlService: Package event received: 0
01-17 16:35:28.265   804   959 I HalDevMgr: bestIfaceCreationProposal is null, requestIface=STA, existingIface=[name=wlan0 type=STA]
01-17 16:35:28.928  3531  3531 I UninstallRepository: Uninstalling extras = Bundle[{com.android.packageinstaller.extra.EXTRA_PACKAGE_NAME=com.rngpit.hostelv3, EXTRA_TARGET_USER_ID=0, com.android.packageinstaller.extra.IS_CLONE_APP=false, com.android.packageinstaller.extra.APP_LABEL=hostelv3, android.intent.extra.UNINSTALL_ALL_USERS=false, com.android.packageinstaller.extra.UNINSTALL_ID=-2147483646}]
01-17 16:35:28.935   804  1387 W AS.PlaybackActivityMon: No piid assigned for invalid/internal port id 15
01-17 16:35:28.936   804   872 I AppsFilter: interaction: PackageSetting{10d3374 com.android.microdroid.empty_payload/10206} -> PackageSetting{7f48b91 com.rngpit.hostelv3/10233} BLOCKED
01-17 16:35:28.936   804   872 I AppsFilter: interaction: PackageSetting{898acf3 com.example.hostel_app/10227} -> PackageSetting{7f48b91 com.rngpit.hostelv3/10233} BLOCKED
01-17 16:35:28.936   804   872 I AppsFilter: interaction: PackageSetting{39aac71 com.shreyansh.hostel/10228} -> PackageSetting{7f48b91 com.rngpit.hostelv3/10233} BLOCKED
01-17 16:35:28.938   804   842 I ActivityManager: Force stopping com.rngpit.hostelv3 appid=10233 user=0: deletePackageX
01-17 16:35:28.941   633   738 D AudioFlinger: mixer(0x7635346dd790) throttle end: throttle time(25)
01-17 16:35:28.963   308  4025 I keystore2: system/security/keystore2/src/maintenance.rs:615 - clearNamespace(r#APP, nspace=10233)
01-17 16:35:28.984  1186  1314 D SatelliteController: iisInCarrierRoamingNbIotNtn: satellite is disabled
01-17 16:35:29.011   804  1751 W libbinder.IPCThreadState: Sending oneway calls to frozen process.
01-17 16:35:29.013   804  1011 D BackgroundInstallControlService: Package event received: 2
01-17 16:35:29.013   804  1011 D BackgroundInstallControlService: handlePackageRemove: removing com.rngpit.hostelv3 from 0
01-17 16:35:29.014   804  1703 E TaskPersister: File error accessing recents directory (directory doesn't exist?).
01-17 16:35:29.032  1186  1314 D SatelliteController: getCarrierRoamingNtnConnectType: Falling back to global carrier config connect type: 0
01-17 16:35:29.034   804   872 I ActivityManager: Force stopping com.rngpit.hostelv3 appid=10233 user=0: pkg removed
01-17 16:35:29.035  3531  3531 D EventResultPersister: Received event with status 0, action = com.android.packageinstaller.ACTION_UNINSTALL_COMMIT
01-17 16:35:29.036  3531  3531 D PackageInstaller: Using Pia V2 due to: aconfig flag USE_PIA_V2
01-17 16:35:29.044   804   872 W libbinder.IPCThreadState: Sending oneway calls to frozen process.
01-17 16:35:29.045   804   872 W libbinder.IPCThreadState: Sending oneway calls to frozen process.
01-17 16:35:29.045   804   872 W libbinder.IPCThreadState: Sending oneway calls to frozen process.
01-17 16:35:29.045   804   872 W libbinder.IPCThreadState: Sending oneway calls to frozen process.
01-17 16:35:29.045   804   872 W libbinder.IPCThreadState: Sending oneway calls to frozen process.
01-17 16:35:29.045   804   872 W libbinder.IPCThreadState: Sending oneway calls to frozen process.
01-17 16:35:29.045   804   872 W libbinder.IPCThreadState: Sending oneway calls to frozen process.
01-17 16:35:29.045   804   872 W libbinder.IPCThreadState: Sending oneway calls to frozen process.
01-17 16:35:29.045   804   872 W libbinder.IPCThreadState: Sending oneway calls to frozen process.
01-17 16:35:29.045   804   872 W libbinder.IPCThreadState: Sending oneway calls to frozen process.
01-17 16:35:29.045   804   872 W libbinder.IPCThreadState: Sending oneway calls to frozen process.
01-17 16:35:29.045   804   872 W libbinder.IPCThreadState: Sending oneway calls to frozen process.
01-17 16:35:29.045   804   872 W libbinder.IPCThreadState: Sending oneway calls to frozen process.
01-17 16:35:29.050   804   872 W libbinder.IPCThreadState: Sending oneway calls to frozen process.
01-17 16:35:29.050   804   872 W libbinder.IPCThreadState: Sending oneway calls to frozen process.
01-17 16:35:29.051   804   872 W libbinder.IPCThreadState: Sending oneway calls to frozen process.
01-17 16:35:29.052   804   872 W libbinder.IPCThreadState: Sending oneway calls to frozen process.
01-17 16:35:29.052   804   872 W libbinder.IPCThreadState: Sending oneway calls to frozen process.
01-17 16:35:29.052   804   872 W libbinder.IPCThreadState: Sending oneway calls to frozen process.
01-17 16:35:29.052   804   872 W libbinder.IPCThreadState: Sending oneway calls to frozen process.
01-17 16:35:29.052   804   872 W libbinder.IPCThreadState: Sending oneway calls to frozen process.
01-17 16:35:29.052   804   872 W libbinder.IPCThreadState: Sending oneway calls to frozen process.
01-17 16:35:29.054   804   872 W libbinder.IPCThreadState: Sending oneway calls to frozen process.
01-17 16:35:29.054   804   872 W libbinder.IPCThreadState: Sending oneway calls to frozen process.
01-17 16:35:29.054   804   872 W libbinder.IPCThreadState: Sending oneway calls to frozen process.
01-17 16:35:29.054   804   872 W libbinder.IPCThreadState: Sending oneway calls to frozen process.
01-17 16:35:29.054   804   872 W libbinder.IPCThreadState: Sending oneway calls to frozen process.
01-17 16:35:29.054   804   872 W libbinder.IPCThreadState: Sending oneway calls to frozen process.
01-17 16:35:29.055   804   872 W libbinder.IPCThreadState: Sending oneway calls to frozen process.
01-17 16:35:29.055   804   872 W libbinder.IPCThreadState: Sending oneway calls to frozen process.
01-17 16:35:29.055   804   872 W libbinder.IPCThreadState: Sending oneway calls to frozen process.
01-17 16:35:29.055   804   872 W libbinder.IPCThreadState: Sending oneway calls to frozen process.
01-17 16:35:29.055   804   872 W libbinder.IPCThreadState: Sending oneway calls to frozen process.
01-17 16:35:29.055   804   872 W libbinder.IPCThreadState: Sending oneway calls to frozen process.
01-17 16:35:29.059   804   872 W libbinder.IPCThreadState: Sending oneway calls to frozen process.
01-17 16:35:29.059   804   872 W libbinder.IPCThreadState: Sending oneway calls to frozen process.
01-17 16:35:29.059   804   872 W libbinder.IPCThreadState: Sending oneway calls to frozen process.
01-17 16:35:29.059   804   872 W libbinder.IPCThreadState: Sending oneway calls to frozen process.
01-17 16:35:29.059   804   872 E TransitionChain: Can't collect into a chain with no transition
01-17 16:35:29.060   804   872 E TransitionChain: Can't collect into a chain with no transition
01-17 16:35:29.067   804  1703 E TaskPersister: File error accessing recents directory (directory doesn't exist?).
01-17 16:35:29.081  1058  1120 V WindowManagerShell: Transition requested (#33): android.os.BinderProxy@668c532 TransitionRequestInfo { type = CLOSE, triggerTask = null, pipChange = null, remoteTransition = null, displayChange = null, requestedLocation = null, userChange = null, windowingLayerChange = null, flags = 0, debugId = 33 }
01-17 16:35:29.082  1201  1201 D b/417220811: invalidateLoadedTasks - previous requestLoadId: -1
01-17 16:35:29.082  1058  1120 V ShellDesktopMode: DesktopTasksController: handleRequest request=TransitionRequestInfo { type = CLOSE, triggerTask = null, pipChange = null, remoteTransition = null, displayChange = null, requestedLocation = null, userChange = null, windowingLayerChange = null, flags = 0, debugId = 33 }
01-17 16:35:29.082  1058  1120 V ShellDesktopMode: DesktopTasksController: skipping handleRequest reason=triggerTask is null
01-17 16:35:29.089   804   947 I CredentialManager: updateProvidersWhenPackageRemoved
01-17 16:35:29.101  1186  1186 D CarrierSvcBindHelper: onPackageRemoved: com.rngpit.hostelv3
01-17 16:35:29.101  1186  1186 D CarrierSvcBindHelper: No carrier app for: 0
01-17 16:35:29.109   804   933 V StorageManagerService: Package com.rngpit.hostelv3 does not have legacy storage
01-17 16:35:29.118  1186  1314 I SatelliteAppTracker: onPackageRemoved : com.rngpit.hostelv3
01-17 16:35:29.121   804  1011 D BackgroundInstallControlService: Package event received: 0
01-17 16:35:29.122   804   970 E AppOps  : attributionTag VCN not declared in manifest of android
01-17 16:35:29.123  1058  5002 V WindowManagerShell: onTransitionReady(transaction=3453153708833)
01-17 16:35:29.123  1058  1120 V WindowManagerShell: onTransitionReady (#33) android.os.BinderProxy@668c532: {id=33 t=CLOSE f=0x0 trk=0 r=[0@Point(0, 0)] c=[
01-17 16:35:29.123  1058  1120 V WindowManagerShell:         {m=CLOSE f=TRANSLUCENT|FILLS_TASK leash=Surface(name=ActivityRecord{188826681 u0 com.google.android.packageinstaller/com.android.packageinstaller.v2.ui.UninstallLaunch t34}#337)/@0x9d65b19 sb=Rect(0, 0 - 1080, 2400) eb=Rect(0, 0 - 1080, 2400) epz=Point(1080, 2400) d=0 bc=ffeeedf6 activity=ActivityTransitionInfo { component = ComponentInfo{com.google.android.packageinstaller/com.android.packageinstaller.v2.ui.UninstallLaunch}, taskId = 34, appCompatTransitionInfo = null } opt={t=FROM_STYLE mUserId=0}}
01-17 16:35:29.123  1058  1120 V WindowManagerShell:     ]}
01-17 16:35:29.128   804  1009 D ShortcutService: received package broadcast intent: Intent { act=android.intent.action.PACKAGE_REMOVED dat=package: flg=0x4000010 (has extras) }
01-17 16:35:29.128   804  1009 D ShortcutService: removing package: com.rngpit.hostelv3 userId=0
01-17 16:35:29.133  1058  1120 V WindowManagerShell: Playing animation for (#33) android.os.BinderProxy@668c532@0
01-17 16:35:29.135  1058  1120 V ShellRecents: RecentsTransitionHandler.startAnimation: no controller found
01-17 16:35:29.135  1058  1120 V ShellDesktopMode: DesktopMixedTransitionHandler: No pending desktop transition
