01-17 16:35:10.980  1058  1120 V WindowManagerShell: Transition requested (#23): android.os.BinderProxy@3754c76 TransitionRequestInfo { type = OPEN, triggerTask = TaskInfo{userId=0 taskId=33 effectiveUid=1000 displayId=0 isRunning=true baseIntent=Intent { act=android.settings.APPLICATION_DETAILS_SETTINGS dat=package: flg=0x10008000 cmp=com.android.settings/.applications.InstalledAppDetails } baseActivity=ComponentInfo{com.android.settings/com.android.settings.applications.InstalledAppDetailsTop} topActivity=ComponentInfo{com.android.settings/com.android.settings.spa.SpaActivity} origActivity=ComponentInfo{com.android.settings/com.android.settings.applications.InstalledAppDetails} realActivity=ComponentInfo{com.android.settings/com.android.settings.applications.InstalledAppDetailsTop} numActivities=2 lastActiveTime=447284 supportsMultiWindow=true resizeMode=1 isResizeable=true minWidth=-1 minHeight=-1 defaultMinSize=220 token=WCT{android.os.BinderProxy@2454cd8} topActivityType=1 pictureInPictureParams=null shouldDockBigOverlays=false launchIntoPipHostTaskId=-1 lastParentTaskIdBeforePip=-1 displayCutoutSafeInsets=Rect(0, 0 - 0, 0) topActivityInfo=ActivityInfo{f81b277 com.android.settings.spa.SpaActivity} launchCookies=[android.os.BinderProxy@3328b16] positionInParent=Point(0, 0) parentTaskId=-1 isFocused=true isVisible=true isVisibleRequested=true isTopActivityNoDisplay=false isSleeping=false locusId=null displayAreaFeatureId=1 isTopActivityTransparent=false isActivityStackTransparent=false lastNonFullscreenBounds=null capturedLink=null capturedLinkTimestamp=0 requestedVisibleTypes=503 topActivityRequestOpenInBrowserEducationTimestamp=0 appCompatTaskInfo=AppCompatTaskInfo { topActivityInSizeCompat=false isLeafTask= true eligibleForLetterboxEducation= false isLetterboxEducationEnabled= true isLetterboxDoubleTapEnabled= false eligibleForUserAspectRatioButton= false topActivityBoundsLetterboxed= false isFromLetterboxDoubleTap= false topActivityLetterboxVerticalPosition= -1 topActivityLetterboxHorizontalPosition= -1 topActivityLetterboxWidth=-1 topActivityLetterboxHeight=-1 topActivityAppBounds=Rect(0, 0 - 1080, 2400) isUserFullscreenOverrideEnabled=false isSystemFullscreenOverrideEnabled=false hasMinAspectRatioOverride=false topActivityLetterboxBounds=null cameraCompatTaskInfo=CameraCompatTaskInfo { cameraCompatMode=undefinedundefined} topNonResizableActivityAspectRatio=-1.0} topActivityMainWindowFrame=null isAppBubble=false}, pipChange = null, remoteTransition = null, displayChange = null, requestedLocation = null, userChange = null, windowingLayerChange = null, flags = 0, debugId = 23 }
01-17 16:35:10.980  1058  1120 D ShellSplitScreen: logExit: no-op, mLoggerSessionId is null
01-17 16:35:10.980  1058  1120 V ShellDesktopMode: DesktopTasksController: handleRequest request=TransitionRequestInfo { type = OPEN, triggerTask = TaskInfo{userId=0 taskId=33 effectiveUid=1000 displayId=0 isRunning=true baseIntent=Intent { act=android.settings.APPLICATION_DETAILS_SETTINGS dat=package: flg=0x10008000 cmp=com.android.settings/.applications.InstalledAppDetails } baseActivity=ComponentInfo{com.android.settings/com.android.settings.applications.InstalledAppDetailsTop} topActivity=ComponentInfo{com.android.settings/com.android.settings.spa.SpaActivity} origActivity=ComponentInfo{com.android.settings/com.android.settings.applications.InstalledAppDetails} realActivity=ComponentInfo{com.android.settings/com.android.settings.applications.InstalledAppDetailsTop} numActivities=2 lastActiveTime=447284 supportsMultiWindow=true resizeMode=1 isResizeable=true minWidth=-1 minHeight=-1 defaultMinSize=220 token=WCT{android.os.BinderProxy@2454cd8} topActivityType=1 pictureInPictureParams=null shouldDockBigOverlays=false launchIntoPipHostTaskId=-1 lastParentTaskIdBeforePip=-1 displayCutoutSafeInsets=Rect(0, 0 - 0, 0) topActivityInfo=ActivityInfo{f81b277 com.android.settings.spa.SpaActivity} launchCookies=[android.os.BinderProxy@3328b16] positionInParent=Point(0, 0) parentTaskId=-1 isFocused=true isVisible=true isVisibleRequested=true isTopActivityNoDisplay=false isSleeping=false locusId=null displayAreaFeatureId=1 isTopActivityTransparent=false isActivityStackTransparent=false lastNonFullscreenBounds=null capturedLink=null capturedLinkTimestamp=0 requestedVisibleTypes=503 topActivityRequestOpenInBrowserEducationTimestamp=0 appCompatTaskInfo=AppCompatTaskInfo { topActivityInSizeCompat=false isLeafTask= true eligibleForLetterboxEducation= false isLetterboxEducationEnabled= true isLetterboxDoubleTapEnabled= false eligibleForUserAspectRatioButton= false topActivityBoundsLetterboxed= false isFromLetterboxDoubleTap= false topActivityLetterboxVerticalPosition= -1 topActivityLetterboxHorizontalPosition= -1 topActivityLetterboxWidth=-1 topActivityLetterboxHeight=-1 topActivityAppBounds=Rect(0, 0 - 1080, 2400) isUserFullscreenOverrideEnabled=false isSystemFullscreenOverrideEnabled=false hasMinAspectRatioOverride=false topActivityLetterboxBounds=null cameraCompatTaskInfo=CameraCompatTaskInfo { cameraCompatMode=undefinedundefined} topNonResizableActivityAspectRatio=-1.0} topActivityMainWindowFrame=null isAppBubble=false}, pipChange = null, remoteTransition = null, displayChange = null, requestedLocation = null, userChange = null, windowingLayerChange = null, flags = 0, debugId = 23 }
01-17 16:35:10.980  1058  1120 V ShellDesktopMode: DesktopTasksController: skipping handleRequest reason=triggerTask's display doesn't support desktop mode
01-17 16:35:10.984  3629  4233 D DatabaseUtils: getBatteryHistoryMap() size=3 in 44/ms
01-17 16:35:10.984  3629  4233 D BatteryChartPreferenceController: getBatterySinceLastFullChargeUsageData() size=3 time=110/ms
01-17 16:35:10.999   804  1256 I ActivityTaskManager: START u0 {xflg=0x4 cmp=com.android.settings/.spa.SpaActivity (has extras)} with LAUNCH_MULTIPLE from uid 1000 (com.android.settings) (sr=155983246) (BAL_ALLOW_VISIBLE_WINDOW) result code=0
01-17 16:35:11.016   804  1011 D BackgroundInstallControlService: Package event received: 0
01-17 16:35:11.023  3629  4233 D DataProcessor: getHistoryMapWithExpectedTimestamps() size=8 in 6/ms
01-17 16:35:11.035  3629  4233 E DataProcessor: abnormal entry list in the timestamp:Jan 17, 2026, 12:00:00
01-17 16:35:11.035  3629  4233 E DataProcessor: abnormal entry list in the timestamp:Jan 17, 2026, 13:00:00
01-17 16:35:11.035  3629  4233 E DataProcessor: abnormal entry list in the timestamp:Jan 17, 2026, 14:00:00
01-17 16:35:11.038   644   781 I libbinder.BpBinder: onLastStrongRef automatically unlinking death recipients for descriptor: '(not cached)'
01-17 16:35:11.043  1058  4496 V WindowManagerShell: Received remote transition finished callback for (#22)
01-17 16:35:11.044  1058  1120 V WindowManagerShell: Transition animation finished (aborted=false), notifying core (#22) android.os.BinderProxy@7713fbb@0
01-17 16:35:11.053  3629  4233 E DataProcessor: abnormal entry list in the timestamp:Jan 17, 2026, 16:00:00
01-17 16:35:11.064   804   829 V WindowManager: Finish Transition (#22): created at 01-17 16:35:10.217 collect-started=0.048ms request-sent=13.858ms started=24.45ms ready=111.741ms sent=257.174ms commit=34.001ms finished=846.211ms
01-17 16:35:11.070   804  2281 D ActivityManager: sync unfroze 3667 com.android.chrome for 6
01-17 16:35:11.077   804  1011 D BackgroundInstallControlService: Package event received: 0
01-17 16:35:11.078  1058  1358 D WallpaperService: onVisibilityChanged(false): com.android.systemui.wallpapers.ImageWallpaper$CanvasEngine@33a519b
01-17 16:35:11.093   804  2281 D ActivityManager: sync unfroze 1714 com.google.android.gms for 6
01-17 16:35:11.096   804  1011 D BackgroundInstallControlService: Package event received: 0
01-17 16:35:11.099  1058  1120 V WindowManagerShell: Track 0 became idle
01-17 16:35:11.099  1058  1120 D Bubbles : onLocusVisibilityChanged=Overview|DISABLED visible=false taskId=1
01-17 16:35:11.120  1201  1201 D VRI[NexusLauncherActivity]: visibilityChanged oldVisibility=true newVisibility=false
01-17 16:35:11.127  1201  1201 D NexusLauncherModelDelegate: notifySmartspaceEvent: SmartspaceTargetEvent{mSmartspaceTarget=null, mSmartspaceActionId='null', mEventType=7}
01-17 16:35:11.146   804  2281 D ActivityManager: sync unfroze 2057 com.android.vending for 6
01-17 16:35:11.151   804  1011 D BackgroundInstallControlService: Package event received: 0
01-17 16:35:11.158  1058  4496 V WindowManagerShell: onTransitionReady(transaction=3453153708233)
01-17 16:35:11.159  1058  1120 V WindowManagerShell: onTransitionReady (#23) android.os.BinderProxy@3754c76: {id=23 t=OPEN f=0x0 trk=1 r=[0@Point(0, 0)] c=[
01-17 16:35:11.159  1058  1120 V WindowManagerShell:         {m=OPEN f=STARTING_WINDOW_TRANSFER|FILLS_TASK|IS_BEHIND_STARTING_WINDOW leash=Surface(name=ActivityRecord{77439071 u0 com.android.settings/.spa.SpaActivity t33}#274)/@0xe1ba02 sb=Rect(0, 0 - 0, 0) eb=Rect(0, 0 - 1080, 2400) epz=Point(1080, 2400) d=-1->0 r=-1->0:-1 bc=ffeeedf6 activity=ActivityTransitionInfo { component = ComponentInfo{com.android.settings/com.android.settings.spa.SpaActivity}, taskId = 33, appCompatTransitionInfo = null }},
01-17 16:35:11.159  1058  1120 V WindowManagerShell:         {m=CLOSE f=FILLS_TASK|IS_BEHIND_STARTING_WINDOW|IS_OCCLUDED leash=Surface(name=ActivityRecord{155983246 u0 com.android.settings/.applications.InstalledAppDetails t33}#266)/@0x654ff13 sb=Rect(0, 0 - 1080, 2400) eb=Rect(0, 0 - 1080, 2400) epz=Point(1080, 2400) d=0 bc=ffeeedf6 activity=ActivityTransitionInfo { component = ComponentInfo{com.android.settings/com.android.settings.applications.InstalledAppDetailsTop}, taskId = 33, appCompatTransitionInfo = null }}
01-17 16:35:11.159  1058  1120 V WindowManagerShell:     ]}
01-17 16:35:11.159   804   829 V WindowManager: Sent Transition (#23) createdAt=01-17 16:35:10.957 via request=TransitionRequestInfo { type = OPEN, triggerTask = TaskInfo{userId=0 taskId=33 effectiveUid=1000 displayId=0 isRunning=true baseIntent=Intent { act=android.settings.APPLICATION_DETAILS_SETTINGS dat=package: flg=0x10008000 cmp=com.android.settings/.applications.InstalledAppDetails } baseActivity=ComponentInfo{com.android.settings/com.android.settings.applications.InstalledAppDetailsTop} topActivity=ComponentInfo{com.android.settings/com.android.settings.spa.SpaActivity} origActivity=ComponentInfo{com.android.settings/com.android.settings.applications.InstalledAppDetails} realActivity=ComponentInfo{com.android.settings/com.android.settings.applications.InstalledAppDetailsTop} numActivities=2 lastActiveTime=447284 supportsMultiWindow=true resizeMode=1 isResizeable=true minWidth=-1 minHeight=-1 defaultMinSize=220 token=WCT{RemoteToken{9bfe7fd Task{db7a1bc #33 type=standard A=1000:com.android.settings}}} topActivityType=1 pictureInPictureParams=null shouldDockBigOverlays=false launchIntoPipHostTaskId=-1 lastParentTaskIdBeforePip=-1 displayCutoutSafeInsets=Rect(0, 0 - 0, 0) topActivityInfo=ActivityInfo{bdd6dc com.android.settings.spa.SpaActivity} launchCookies=[android.os.BinderProxy@d3a6f43] positionInParent=Point(0, 0) parentTaskId=-1 isFocused=true isVisible=true isVisibleRequested=true isTopActivityNoDisplay=false isSleeping=false locusId=null displayAreaFeatureId=1 isTopActivityTransparent=false isActivityStackTransparent=false lastNonFullscreenBounds=null capturedLink=null capturedLinkTimestamp=0 requestedVisibleTypes=503 topActivityRequestOpenInBrowserEducationTimestamp=0 appCompatTaskInfo=AppCompatTaskInfo { topActivityInSizeCompat=false isLeafTask= true eligibleForLetterboxEducation= false isLetterboxEducationEnabled= true isLetterboxDoubleTapEnabled= false eligibleForUserAspectRatioButton= false topActivityBoundsLetterboxed= false isFromLetterboxDoubleTap= false topActivityLetterboxVerticalPosition= -1 topActivityLetterboxHorizontalPosition= -1 topActivityLetterboxWidth=-1 topActivityLetterboxHeight=-1 topActivityAppBounds=Rect(0, 0 - 1080, 2400) isUserFullscreenOverrideEnabled=false isSystemFullscreenOverrideEnabled=false hasMinAspectRatioOverride=false topActivityLetterboxBounds=null cameraCompatTaskInfo=CameraCompatTaskInfo { cameraCompatMode=undefinedundefined} topNonResizableActivityAspectRatio=-1.0} topActivityMainWindowFrame=null isAppBubble=false}, pipChange = null, remoteTransition = null, displayChange = null, requestedLocation = null, userChange = null, windowingLayerChange = null, flags = 0, debugId = 23 }
01-17 16:35:11.159   804   829 V WindowManager:     startWCT=WindowContainerTransaction { changes= {} hops= [] errorCallbackToken=null taskFragmentOrganizer=null }
01-17 16:35:11.159   804   829 V WindowManager:     info={id=23 t=OPEN f=0x0 trk=1 r=[0@Point(0, 0)] c=[
01-17 16:35:11.159   804   829 V WindowManager:         {m=OPEN f=STARTING_WINDOW_TRANSFER|FILLS_TASK|IS_BEHIND_STARTING_WINDOW leash=Surface(name=ActivityRecord{77439071 u0 com.android.settings/.spa.SpaActivity t33}#274)/@0xffac5ae sb=Rect(0, 0 - 0, 0) eb=Rect(0, 0 - 1080, 2400) epz=Point(1080, 2400) d=-1->0 r=-1->0:-1 bc=ffeeedf6 activity=ActivityTransitionInfo { component = ComponentInfo{com.android.settings/com.android.settings.spa.SpaActivity}, taskId = 33, appCompatTransitionInfo = null }},
01-17 16:35:11.159   804   829 V WindowManager:         {m=CLOSE f=FILLS_TASK|IS_BEHIND_STARTING_WINDOW|IS_OCCLUDED leash=Surface(name=ActivityRecord{155983246 u0 com.android.settings/.applications.InstalledAppDetails t33}#266)/@0xc9c5e29 sb=Rect(0, 0 - 1080, 2400) eb=Rect(0, 0 - 1080, 2400) epz=Point(1080, 2400) d=0 bc=ffeeedf6 activity=ActivityTransitionInfo { component = ComponentInfo{com.android.settings/com.android.settings.applications.InstalledAppDetailsTop}, taskId = 33, appCompatTransitionInfo = null }}
01-17 16:35:11.159   804   829 V WindowManager:     ]}
01-17 16:35:11.164  1058  1120 V WindowManagerShell: Non-visible anim so abort: (#23) android.os.BinderProxy@3754c76@1
01-17 16:35:11.166   804  2281 D ActivityManager: sync unfroze 3301 com.google.android.adservices.api for 6
01-17 16:35:11.169  1058  1120 V WindowManagerShell: Transition animation finished (aborted=true), notifying core (#23) android.os.BinderProxy@3754c76@1
01-17 16:35:11.180   804   832 W ProcessStats: Tracking association SourceState{273b3e5 com.android.settings/1000 BTop #2489} whose proc state 2 is better than process ProcessState{84b7c39 com.google.android.apps.wellbeing/10159 pkg=com.google.android.apps.wellbeing} proc state 14 (2 skipped)
01-17 16:35:11.191  1714  1714 D BoundBrokerSvc: onUnbind: Intent { act=com.google.android.gms.common.BIND_SHARED_PREFS xflg=0x4 pkg=com.google.android.gms }
01-17 16:35:11.193   804   829 V WindowManager: Finish Transition (#23): created at 01-17 16:35:10.957 collect-started=0.165ms request-sent=17.919ms started=43.032ms ready=190.925ms sent=199.556ms commit=18.431ms finished=236.327ms
01-17 16:35:11.200   706  4084 W libbinder.IPCThreadState: Sending oneway calls to frozen process.
01-17 16:35:11.225   804  1011 D BackgroundInstallControlService: Package event received: 0
01-17 16:35:11.225   804  1011 D BackgroundInstallControlService: Package event received: 0
01-17 16:35:11.225   804  1011 D BackgroundInstallControlService: Package event received: 0
01-17 16:35:11.225   804  1011 D BackgroundInstallControlService: Package event received: 0
01-17 16:35:11.227  1058  1120 V WindowManagerShell: Track 1 became idle
01-17 16:35:11.228  1058  1120 V WindowManagerShell: All active transition animations finished
01-17 16:35:11.269   804  1256 D TelephonyManager: requestModemActivityInfo: Sending result to app: ModemActivityInfo{ mTimestamp=447579 mSleepTimeMs=210 mIdleTimeMs=70 mActivityStatsTechSpecificInfo=[{mRat=UNKNOWN,mFrequencyRange=UNKNOWN,mTxTimeMs[]=[5, 15, 30, 40, 45],mRxTimeMs=45}]}
01-17 16:35:11.298  1201  1219 I s.nexuslauncher: NativeAlloc concurrent mark compact GC freed 4476KB AllocSpace bytes, 21(1160KB) LOS objects, 49% free, 6352KB/12MB, paused 8.251ms,6.946ms total 262.004ms
01-17 16:35:11.322  1201  1222 W System  : A resource failed to call release. 
01-17 16:35:11.323  1201  1222 W System  : A resource failed to call release. 
01-17 16:35:11.323  1201  1222 W System  : A resource failed to call release. 
01-17 16:35:11.327  1201  1222 W System  : A resource failed to call release. 
01-17 16:35:11.327  1201  1222 W System  : A resource failed to call release. 
01-17 16:35:11.328  1201  1222 W System  : A resource failed to call release. 
01-17 16:35:11.328  1201  1201 D b/417220811: invalidateLoadedTasks - previous requestLoadId: -1
01-17 16:35:11.374  3629  3629 D WindowOnBackDispatcher: setTopOnBackInvokedCallback (unwrapped): android.app.Activity$$ExternalSyntheticLambda0@6922e84
01-17 16:35:11.375   804  1652 D CoreBackPreview: Window{1bf84c8 u0 com.android.settings/com.android.settings.spa.SpaActivity}: Setting back callback OnBackInvokedCallbackInfo{mCallback=android.window.IOnBackInvokedCallback$Stub$Proxy@9768610, mPriority=-1, mIsAnimationCallback=false, mOverrideBehavior=0}
01-17 16:35:11.397  2381  2559 W BrowserUsageLoader: <DWB> Failed to query website usage
01-17 16:35:11.397  2381  2559 W BrowserUsageLoader: hzg: Service rejected request (status=5)
01-17 16:35:11.397  2381  2559 W BrowserUsageLoader: 	at ffj.a(PG:114)
01-17 16:35:11.397  2381  2559 W BrowserUsageLoader: 	at nxz.a(PG:57)
01-17 16:35:11.397  2381  2559 W BrowserUsageLoader: 	at nxn.e(PG:3)
01-17 16:35:11.397  2381  2559 W BrowserUsageLoader: 	at nxp.run(PG:38)
01-17 16:35:11.397  2381  2559 W BrowserUsageLoader: 	at kgn.run(PG:7)
01-17 16:35:11.397  2381  2559 W BrowserUsageLoader: 	at nvr.run(PG:44)
01-17 16:35:11.397  2381  2559 W BrowserUsageLoader: 	at bl.run(PG:392)
01-17 16:35:11.397  2381  2559 W BrowserUsageLoader: 	at java.lang.Thread.run(Thread.java:1563)
01-17 16:35:11.397  2381  2559 W BrowserUsageLoader: 	at khy.run(PG:61)
01-17 16:35:11.417   804   854 E BluetoothPowerStatsCollector: Cannot acquire BluetoothActivityEnergyInfo
01-17 16:35:11.417   804   854 E BluetoothPowerStatsCollector: java.util.concurrent.ExecutionException: java.lang.RuntimeException: error: 11
01-17 16:35:11.417   804   854 E BluetoothPowerStatsCollector: 	at java.util.concurrent.CompletableFuture.reportGet(CompletableFuture.java:372)
01-17 16:35:11.417   804   854 E BluetoothPowerStatsCollector: 	at java.util.concurrent.CompletableFuture.get(CompletableFuture.java:2072)
01-17 16:35:11.417   804   854 E BluetoothPowerStatsCollector: 	at com.android.server.power.stats.BluetoothPowerStatsCollector.collectBluetoothActivityInfo(BluetoothPowerStatsCollector.java:191)
01-17 16:35:11.417   804   854 E BluetoothPowerStatsCollector: 	at com.android.server.power.stats.BluetoothPowerStatsCollector.collectStats(BluetoothPowerStatsCollector.java:155)
01-17 16:35:11.417   804   854 E BluetoothPowerStatsCollector: 	at com.android.server.power.stats.PowerStatsCollector.collectAndDeliverStats(PowerStatsCollector.java:196)
01-17 16:35:11.417   804   854 E BluetoothPowerStatsCollector: 	at com.android.server.power.stats.PowerStatsCollector.lambda$forceSchedule$1(PowerStatsCollector.java:185)
01-17 16:35:11.417   804   854 E BluetoothPowerStatsCollector: 	at com.android.server.power.stats.PowerStatsCollector.$r8$lambda$S8t6eDCBuELjdSNvyveTMprEzE0(PowerStatsCollector.java:0)
01-17 16:35:11.417   804   854 E BluetoothPowerStatsCollector: 	at com.android.server.power.stats.PowerStatsCollector$$ExternalSyntheticLambda0.run(R8$$SyntheticClass:0)
01-17 16:35:11.417   804   854 E BluetoothPowerStatsCollector: 	at android.os.Handler.handleCallback(Handler.java:1070)
01-17 16:35:11.417   804   854 E BluetoothPowerStatsCollector: 	at android.os.Handler.dispatchMessage(Handler.java:125)
01-17 16:35:11.417   804   854 E BluetoothPowerStatsCollector: 	at android.os.Looper.dispatchMessage(Looper.java:333)
01-17 16:35:11.417   804   854 E BluetoothPowerStatsCollector: 	at android.os.Looper.loopOnce(Looper.java:263)
01-17 16:35:11.417   804   854 E BluetoothPowerStatsCollector: 	at android.os.Looper.loop(Looper.java:367)
01-17 16:35:11.417   804   854 E BluetoothPowerStatsCollector: 	at android.os.HandlerThread.run(HandlerThread.java:139)
01-17 16:35:11.417   804   854 E BluetoothPowerStatsCollector: Caused by: java.lang.RuntimeException: error: 11
01-17 16:35:11.417   804   854 E BluetoothPowerStatsCollector: 	at com.android.server.power.stats.BluetoothPowerStatsCollector$1.onBluetoothActivityEnergyInfoError(BluetoothPowerStatsCollector.java:180)
01-17 16:35:11.417   804   854 E BluetoothPowerStatsCollector: 	at android.bluetooth.BluetoothAdapter$OnBluetoothActivityEnergyInfoProxy.lambda$onBluetoothActivityEnergyInfoAvailable$0(BluetoothAdapter.java:1010)
01-17 16:35:11.417   804   854 E BluetoothPowerStatsCollector: 	at android.bluetooth.BluetoothAdapter$OnBluetoothActivityEnergyInfoProxy.$r8$lambda$ks_hN9Vo_x2Jp1k5f-s67WiAd4A(Unknown Source:0)
01-17 16:35:11.417   804   854 E BluetoothPowerStatsCollector: 	at android.bluetooth.BluetoothAdapter$OnBluetoothActivityEnergyInfoProxy$$ExternalSyntheticLambda0.run(D8$$SyntheticClass:0)
01-17 16:35:11.417   804   854 E BluetoothPowerStatsCollector: 	at android.bluetooth.BluetoothUtils.lambda$executeFromBinder$0(BluetoothUtils.java:346)
01-17 16:35:11.417   804   854 E BluetoothPowerStatsCollector: 	at android.bluetooth.BluetoothUtils$$ExternalSyntheticLambda1.run(D8$$SyntheticClass:0)
01-17 16:35:11.417   804   854 E BluetoothPowerStatsCollector: 	at com.android.server.SystemServerInitThreadPool$$ExternalSyntheticLambda0.execute(R8$$SyntheticClass:0)
01-17 16:35:11.417   804   854 E BluetoothPowerStatsCollector: 	at android.bluetooth.BluetoothUtils.executeFromBinder(BluetoothUtils.java:346)
01-17 16:35:11.417   804   854 E BluetoothPowerStatsCollector: 	at android.bluetooth.BluetoothAdapter$OnBluetoothActivityEnergyInfoProxy.onBluetoothActivityEnergyInfoAvailable(BluetoothAdapter.java:1008)
01-17 16:35:11.417   804   854 E BluetoothPowerStatsCollector: 	at android.bluetooth.IBluetoothActivityEnergyInfoListener$Stub.onTransact(IBluetoothActivityEnergyInfoListener.java:98)
01-17 16:35:11.417   804   854 E BluetoothPowerStatsCollector: 	at android.os.Binder.execTransactInternal(Binder.java:1478)
01-17 16:35:11.417   804   854 E BluetoothPowerStatsCollector: 	at android.os.Binder.execTransact(Binder.java:1418)
01-17 16:35:11.484  3629  3629 D VRI[SpaActivity]: WindowInsets changed: 1080x2400 statusBars:[0,63,0,0] navigationBars:[0,0,0,63] mandatorySystemGestures:[0,63,0,84] 
01-17 16:35:11.566   804  1652 D TelephonyManager: requestModemActivityInfo: Sending result to app: ModemActivityInfo{ mTimestamp=447874 mSleepTimeMs=252 mIdleTimeMs=84 mActivityStatsTechSpecificInfo=[{mRat=UNKNOWN,mFrequencyRange=UNKNOWN,mTxTimeMs[]=[6, 18, 36, 48, 54],mRxTimeMs=54}]}
01-17 16:35:11.666   804  2451 D TelephonyManager: requestModemActivityInfo: Sending result to app: ModemActivityInfo{ mTimestamp=447981 mSleepTimeMs=294 mIdleTimeMs=98 mActivityStatsTechSpecificInfo=[{mRat=UNKNOWN,mFrequencyRange=UNKNOWN,mTxTimeMs[]=[7, 21, 42, 56, 63],mRxTimeMs=63}]}
01-17 16:35:11.672   804   829 I ActivityTaskManager: Displayed com.android.settings/.spa.SpaActivity for user 0: +1s443ms
01-17 16:35:11.691  3629  3629 D SpaLogMetricsProvider: PAGE_ENTER page 0
01-17 16:35:11.715   804   854 E BluetoothPowerStatsCollector: Cannot acquire BluetoothActivityEnergyInfo
01-17 16:35:11.715   804   854 E BluetoothPowerStatsCollector: java.util.concurrent.ExecutionException: java.lang.RuntimeException: error: 11
01-17 16:35:11.715   804   854 E BluetoothPowerStatsCollector: 	at java.util.concurrent.CompletableFuture.reportGet(CompletableFuture.java:372)
01-17 16:35:11.715   804   854 E BluetoothPowerStatsCollector: 	at java.util.concurrent.CompletableFuture.get(CompletableFuture.java:2072)
01-17 16:35:11.715   804   854 E BluetoothPowerStatsCollector: 	at com.android.server.power.stats.BluetoothPowerStatsCollector.collectBluetoothActivityInfo(BluetoothPowerStatsCollector.java:191)
01-17 16:35:11.715   804   854 E BluetoothPowerStatsCollector: 	at com.android.server.power.stats.BluetoothPowerStatsCollector.collectStats(BluetoothPowerStatsCollector.java:155)
01-17 16:35:11.715   804   854 E BluetoothPowerStatsCollector: 	at com.android.server.power.stats.PowerStatsCollector.collectAndDeliverStats(PowerStatsCollector.java:196)
01-17 16:35:11.715   804   854 E BluetoothPowerStatsCollector: 	at com.android.server.power.stats.PowerStatsCollector.lambda$forceSchedule$1(PowerStatsCollector.java:185)
01-17 16:35:11.715   804   854 E BluetoothPowerStatsCollector: 	at com.android.server.power.stats.PowerStatsCollector.$r8$lambda$S8t6eDCBuELjdSNvyveTMprEzE0(PowerStatsCollector.java:0)
01-17 16:35:11.715   804   854 E BluetoothPowerStatsCollector: 	at com.android.server.power.stats.PowerStatsCollector$$ExternalSyntheticLambda0.run(R8$$SyntheticClass:0)
01-17 16:35:11.715   804   854 E BluetoothPowerStatsCollector: 	at android.os.Handler.handleCallback(Handler.java:1070)
01-17 16:35:11.715   804   854 E BluetoothPowerStatsCollector: 	at android.os.Handler.dispatchMessage(Handler.java:125)
01-17 16:35:11.715   804   854 E BluetoothPowerStatsCollector: 	at android.os.Looper.dispatchMessage(Looper.java:333)
01-17 16:35:11.715   804   854 E BluetoothPowerStatsCollector: 	at android.os.Looper.loopOnce(Looper.java:263)
01-17 16:35:11.715   804   854 E BluetoothPowerStatsCollector: 	at android.os.Looper.loop(Looper.java:367)
01-17 16:35:11.715   804   854 E BluetoothPowerStatsCollector: 	at android.os.HandlerThread.run(HandlerThread.java:139)
01-17 16:35:11.715   804   854 E BluetoothPowerStatsCollector: Caused by: java.lang.RuntimeException: error: 11
01-17 16:35:11.715   804   854 E BluetoothPowerStatsCollector: 	at com.android.server.power.stats.BluetoothPowerStatsCollector$1.onBluetoothActivityEnergyInfoError(BluetoothPowerStatsCollector.java:180)
01-17 16:35:11.715   804   854 E BluetoothPowerStatsCollector: 	at android.bluetooth.BluetoothAdapter$OnBluetoothActivityEnergyInfoProxy.lambda$onBluetoothActivityEnergyInfoAvailable$0(BluetoothAdapter.java:1010)
01-17 16:35:11.715   804   854 E BluetoothPowerStatsCollector: 	at android.bluetooth.BluetoothAdapter$OnBluetoothActivityEnergyInfoProxy.$r8$lambda$ks_hN9Vo_x2Jp1k5f-s67WiAd4A(Unknown Source:0)
01-17 16:35:11.715   804   854 E BluetoothPowerStatsCollector: 	at android.bluetooth.BluetoothAdapter$OnBluetoothActivityEnergyInfoProxy$$ExternalSyntheticLambda0.run(D8$$SyntheticClass:0)
01-17 16:35:11.715   804   854 E BluetoothPowerStatsCollector: 	at android.bluetooth.BluetoothUtils.lambda$executeFromBinder$0(BluetoothUtils.java:346)
01-17 16:35:11.715   804   854 E BluetoothPowerStatsCollector: 	at android.bluetooth.BluetoothUtils$$ExternalSyntheticLambda1.run(D8$$SyntheticClass:0)
01-17 16:35:11.715   804   854 E BluetoothPowerStatsCollector: 	at com.android.server.SystemServerInitThreadPool$$ExternalSyntheticLambda0.execute(R8$$SyntheticClass:0)
01-17 16:35:11.715   804   854 E BluetoothPowerStatsCollector: 	at android.bluetooth.BluetoothUtils.executeFromBinder(BluetoothUtils.java:346)
01-17 16:35:11.715   804   854 E BluetoothPowerStatsCollector: 	at android.bluetooth.BluetoothAdapter$OnBluetoothActivityEnergyInfoProxy.onBluetoothActivityEnergyInfoAvailable(BluetoothAdapter.java:1008)
01-17 16:35:11.715   804   854 E BluetoothPowerStatsCollector: 	at android.bluetooth.IBluetoothActivityEnergyInfoListener$Stub.onTransact(IBluetoothActivityEnergyInfoListener.java:98)
01-17 16:35:11.715   804   854 E BluetoothPowerStatsCollector: 	at android.os.Binder.execTransactInternal(Binder.java:1478)
01-17 16:35:11.715   804   854 E BluetoothPowerStatsCollector: 	at android.os.Binder.execTransact(Binder.java:1418)
01-17 16:35:11.753  3629  3629 D BrowseActivity: Launching page AppInfoSettings
01-17 16:35:11.783  3629  4233 D DataProcessor: getBatteryUsageStats() from BatteryStatsManager in 727/ms, maxStatsAgeMs=0
01-17 16:35:11.784  3629  4233 W DataProcessor: shouldShowBatteryAttributionList(): 0.1
01-17 16:35:11.784  3629  4233 W DataProcessor: batteryEntryList is null or empty in convertToBatteryHistEntry()
01-17 16:35:11.829   804  1995 I Role    : com.example.hostelv3 not qualified for android.app.role.HOME due to missing RequiredComponent{mIntentFilterData=IntentFilterData{mAction='android.intent.action.MAIN', mCategories='[android.intent.category.HOME]', mDataScheme='null', mDataType='null'}, mMinTargetSdkVersion=1, mFlags='0', mPermission='null', mQueryFlags=0, mMetaData=[]}
01-17 16:35:11.836   804  1995 I Role    : com.example.hostelv3 not qualified for android.app.role.DIALER due to missing RequiredComponent{mIntentFilterData=IntentFilterData{mAction='android.intent.action.DIAL', mCategories='[]', mDataScheme='null', mDataType='null'}, mMinTargetSdkVersion=1, mFlags='0', mPermission='null', mQueryFlags=0, mMetaData=[]}
01-17 16:35:11.843   804  1995 I Role    : com.example.hostelv3 not qualified for android.app.role.SMS due to missing RequiredComponent{mIntentFilterData=IntentFilterData{mAction='android.provider.Telephony.SMS_DELIVER', mCategories='[]', mDataScheme='null', mDataType='null'}, mMinTargetSdkVersion=1, mFlags='0', mPermission='android.permission.BROADCAST_SMS', mQueryFlags=0, mMetaData=[]}
01-17 16:35:11.852  3629  4233 D AppBatteryPreferenceController: loadBatteryDiffEntries():
01-17 16:35:11.852  3629  4233 D AppBatteryPreferenceController: null
01-17 16:35:11.886   804   928 I ImeTracker: com.android.settings:19544071: onRequestHide at ORIGIN_SERVER reason HIDE_UNSPECIFIED_WINDOW fromUser false
01-17 16:35:11.934  1513  1513 I GoogleInputMethodService: GoogleInputMethodService.onFinishInput():2057 
01-17 16:35:11.936  1513  1513 I Module  : DeviceLockedStatusModuleProvider$Module.updateDeviceLockedStatus():100 repeatCheckTimes = 0, locked = false
01-17 16:35:11.942   804  1387 I ImeTracker: system_server:c241791d: onRequestHide at ORIGIN_SERVER reason IME_REQUESTED_CHANGED_LISTENER fromUser false
01-17 16:35:11.951  3629  4267 D BatteryUsageContentProvider: getLastFullChargeTimestamp() in 0/ms
01-17 16:35:11.952   804   832 I ImeTracker: system_server:c241791d: onCancelled at PHASE_SERVER_SHOULD_HIDE
01-17 16:35:11.953  1513  1513 I GoogleInputMethodService: GoogleInputMethodService.onStartInput():1318 onStartInput(EditorInfo{EditorInfo{packageName=com.android.settings, inputType=0, inputTypeString=NULL, enableLearning=false, autoCorrection=false, autoComplete=false, imeOptions=0, privateImeOptions=null, actionName=UNSPECIFIED, actionLabel=null, initialSelStart=-1, initialSelEnd=-1, initialCapsMode=0, label=null, fieldId=0, fieldName=null, extras=null, hintText=null, hintLocales=[]}}, false)
01-17 16:35:11.954   804  2281 W ParceledListSlice: Element #19 is 18876 bytes.
01-17 16:35:11.957   804  1112 V Configuration: Updating configuration, locales updated from [] to [en_US]
01-17 16:35:11.962   804  1112 V Configuration: Updating configuration, locales updated from [] to [en_US]
01-17 16:35:11.963   804  1112 V Configuration: Updating configuration, locales updated from [] to [en_US]
01-17 16:35:11.963   804  1112 V Configuration: Updating configuration, locales updated from [] to [en_US]
01-17 16:35:11.963   804  1112 V Configuration: Updating configuration, locales updated from [] to [en_US]
01-17 16:35:11.963   804  1112 V Configuration: Updating configuration, locales updated from [] to [en_US]
01-17 16:35:11.963   804  1112 V Configuration: Updating configuration, locales updated from [] to [en_US]
01-17 16:35:11.963   804  1112 V Configuration: Updating configuration, locales updated from [] to [en_US]
01-17 16:35:11.967  3629  4267 D DatabaseUtils: getLastFullChargeTime() lastFullChargeTime=Jan 17, 2026, 10:02:04 in 16/ms
01-17 16:35:11.968  3629  4267 D DatabaseUtils: sixDaysAgoTimestamp: Jan 11, 2026, 00:00:00
01-17 16:35:11.968  3629  4267 D BatteryUsageContentProvider: getQueryTimestamp from uri: content://com.android.settings.battery.usage.provider/BatteryState?timestamp=1768624324043
01-17 16:35:11.968  1513  1513 I Module  : DeviceLockedStatusModuleProvider$Module.updateDeviceLockedStatus():100 repeatCheckTimes = 1, locked = false
01-17 16:35:11.970  3629  4267 D BatteryUsageContentProvider: getBatteryStates() after 1768624324043 in 2/ms
01-17 16:35:11.970  3629  4269 I AppLocaleUtil: Can display preference - [com.example.hostelv3] : isDisallowedPackage : false / isSignedWithPlatformKey : false / hasLauncherEntry : true / canDisplay : false / 1.1
01-17 16:35:11.971   804  2281 W PackageConfigPersister: App-specific configuration not found for packageName: com.android.settings and userId: 0
01-17 16:35:11.971  3629  4267 D DatabaseUtils: getBatteryHistoryMap() size=3 in 3/ms
01-17 16:35:11.972  3629  4267 D BatteryChartPreferenceController: getBatterySinceLastFullChargeUsageData() size=3 time=32/ms
01-17 16:35:11.975   804  1112 V Configuration: Updating configuration, locales updated from [] to [en_US]
01-17 16:35:11.976   804  1112 V Configuration: Updating configuration, locales updated from [] to [en_US]
01-17 16:35:11.976   804  1112 V Configuration: Updating configuration, locales updated from [] to [en_US]
01-17 16:35:11.976   804  1112 V Configuration: Updating configuration, locales updated from [] to [en_US]
01-17 16:35:11.976   804  1112 V Configuration: Updating configuration, locales updated from [] to [en_US]
01-17 16:35:11.988  3629  4267 D DataProcessor: getHistoryMapWithExpectedTimestamps() size=8 in 1/ms
01-17 16:35:11.988  3629  4267 E DataProcessor: abnormal entry list in the timestamp:Jan 17, 2026, 12:00:00
01-17 16:35:11.989  3629  4267 E DataProcessor: abnormal entry list in the timestamp:Jan 17, 2026, 13:00:00
01-17 16:35:11.989  3629  4267 E DataProcessor: abnormal entry list in the timestamp:Jan 17, 2026, 14:00:00
01-17 16:35:11.990  3629  4267 E DataProcessor: abnormal entry list in the timestamp:Jan 17, 2026, 16:00:00
01-17 16:35:11.998  2381  2922 W libbinder.Binder: Binder transaction to android.content.IContentProvider code 21 took 1149ms. Data bytes: 416 Reply bytes: 136 Flags: 16
01-17 16:35:12.019   804  2451 D TelephonyManager: requestModemActivityInfo: Sending result to app: ModemActivityInfo{ mTimestamp=448337 mSleepTimeMs=336 mIdleTimeMs=112 mActivityStatsTechSpecificInfo=[{mRat=UNKNOWN,mFrequencyRange=UNKNOWN,mTxTimeMs[]=[8, 24, 48, 64, 72],mRxTimeMs=72}]}
01-17 16:35:12.052   706  4084 W libbinder.IPCThreadState: Sending oneway calls to frozen process.
01-17 16:35:12.083  1201  1201 D BaseActivity: Launcher flags updated: [] -[state_started]
01-17 16:35:12.083  1201  1201 D BaseDepthController: setSurface:
01-17 16:35:12.083  1201  1201 D BaseDepthController: 	mWaitingOnSurfaceValidity: false
01-17 16:35:12.083  1201  1201 D BaseDepthController: 	mBaseSurface: null
01-17 16:35:12.083  1201  1201 D BaseDepthController: mSurface is null and mCurrentBlur is: 79
01-17 16:35:12.085  1201  1201 I ActivityThread: Schedule relaunch activity: com.google.android.apps.nexuslauncher.NexusLauncherActivity
01-17 16:35:12.087  1201  1201 D ActivityContext: hideKeyboard
01-17 16:35:12.088  1201  1201 D ActivityContext: isImeShown: false
01-17 16:35:12.088  1201  1201 D StatsLog: LAUNCHER_ONSTOP
01-17 16:35:12.093  1201  3150 D GmsPlayProvider: Shutdown the binder channel gracefully.
01-17 16:35:12.094   804   854 E BluetoothPowerStatsCollector: Cannot acquire BluetoothActivityEnergyInfo
01-17 16:35:12.094   804   854 E BluetoothPowerStatsCollector: java.util.concurrent.ExecutionException: java.lang.RuntimeException: error: 11
01-17 16:35:12.094   804   854 E BluetoothPowerStatsCollector: 	at java.util.concurrent.CompletableFuture.reportGet(CompletableFuture.java:372)
01-17 16:35:12.094   804   854 E BluetoothPowerStatsCollector: 	at java.util.concurrent.CompletableFuture.get(CompletableFuture.java:2072)
01-17 16:35:12.094   804   854 E BluetoothPowerStatsCollector: 	at com.android.server.power.stats.BluetoothPowerStatsCollector.collectBluetoothActivityInfo(BluetoothPowerStatsCollector.java:191)
01-17 16:35:12.094   804   854 E BluetoothPowerStatsCollector: 	at com.android.server.power.stats.BluetoothPowerStatsCollector.collectStats(BluetoothPowerStatsCollector.java:155)
01-17 16:35:12.094   804   854 E BluetoothPowerStatsCollector: 	at com.android.server.power.stats.PowerStatsCollector.collectAndDeliverStats(PowerStatsCollector.java:196)
01-17 16:35:12.094   804   854 E BluetoothPowerStatsCollector: 	at com.android.server.power.stats.PowerStatsCollector.lambda$forceSchedule$1(PowerStatsCollector.java:185)
01-17 16:35:12.094   804   854 E BluetoothPowerStatsCollector: 	at com.android.server.power.stats.PowerStatsCollector.$r8$lambda$S8t6eDCBuELjdSNvyveTMprEzE0(PowerStatsCollector.java:0)
01-17 16:35:12.094   804   854 E BluetoothPowerStatsCollector: 	at com.android.server.power.stats.PowerStatsCollector$$ExternalSyntheticLambda0.run(R8$$SyntheticClass:0)
01-17 16:35:12.094   804   854 E BluetoothPowerStatsCollector: 	at android.os.Handler.handleCallback(Handler.java:1070)
01-17 16:35:12.094   804   854 E BluetoothPowerStatsCollector: 	at android.os.Handler.dispatchMessage(Handler.java:125)
01-17 16:35:12.094   804   854 E BluetoothPowerStatsCollector: 	at android.os.Looper.dispatchMessage(Looper.java:333)
01-17 16:35:12.094   804   854 E BluetoothPowerStatsCollector: 	at android.os.Looper.loopOnce(Looper.java:263)
01-17 16:35:12.094   804   854 E BluetoothPowerStatsCollector: 	at android.os.Looper.loop(Looper.java:367)
01-17 16:35:12.094   804   854 E BluetoothPowerStatsCollector: 	at android.os.HandlerThread.run(HandlerThread.java:139)
01-17 16:35:12.094   804   854 E BluetoothPowerStatsCollector: Caused by: java.lang.RuntimeException: error: 11
01-17 16:35:12.094   804   854 E BluetoothPowerStatsCollector: 	at com.android.server.power.stats.BluetoothPowerStatsCollector$1.onBluetoothActivityEnergyInfoError(BluetoothPowerStatsCollector.java:180)
01-17 16:35:12.094   804   854 E BluetoothPowerStatsCollector: 	at android.bluetooth.BluetoothAdapter$OnBluetoothActivityEnergyInfoProxy.lambda$onBluetoothActivityEnergyInfoAvailable$0(BluetoothAdapter.java:1010)
01-17 16:35:12.094   804   854 E BluetoothPowerStatsCollector: 	at android.bluetooth.BluetoothAdapter$OnBluetoothActivityEnergyInfoProxy.$r8$lambda$ks_hN9Vo_x2Jp1k5f-s67WiAd4A(Unknown Source:0)
01-17 16:35:12.094   804   854 E BluetoothPowerStatsCollector: 	at android.bluetooth.BluetoothAdapter$OnBluetoothActivityEnergyInfoProxy$$ExternalSyntheticLambda0.run(D8$$SyntheticClass:0)
01-17 16:35:12.094   804   854 E BluetoothPowerStatsCollector: 	at android.bluetooth.BluetoothUtils.lambda$executeFromBinder$0(BluetoothUtils.java:346)
01-17 16:35:12.094   804   854 E BluetoothPowerStatsCollector: 	at android.bluetooth.BluetoothUtils$$ExternalSyntheticLambda1.run(D8$$SyntheticClass:0)
01-17 16:35:12.094   804   854 E BluetoothPowerStatsCollector: 	at com.android.server.SystemServerInitThreadPool$$ExternalSyntheticLambda0.execute(R8$$SyntheticClass:0)
01-17 16:35:12.094   804   854 E BluetoothPowerStatsCollector: 	at android.bluetooth.BluetoothUtils.executeFromBinder(BluetoothUtils.java:346)
01-17 16:35:12.094   804   854 E BluetoothPowerStatsCollector: 	at android.bluetooth.BluetoothAdapter$OnBluetoothActivityEnergyInfoProxy.onBluetoothActivityEnergyInfoAvailable(BluetoothAdapter.java:1008)
01-17 16:35:12.094   804   854 E BluetoothPowerStatsCollector: 	at android.bluetooth.IBluetoothActivityEnergyInfoListener$Stub.onTransact(IBluetoothActivityEnergyInfoListener.java:98)
01-17 16:35:12.094   804   854 E BluetoothPowerStatsCollector: 	at android.os.Binder.execTransactInternal(Binder.java:1478)
01-17 16:35:12.094   804   854 E BluetoothPowerStatsCollector: 	at android.os.Binder.execTransact(Binder.java:1418)
01-17 16:35:12.099  1201  1234 I libbinder.IPCThreadState: oneway function results for code 2 on binder at 0x77d874290040 will be dropped but finished with status UNKNOWN_TRANSACTION
01-17 16:35:12.100  1201  1201 D StatsLog: LAUNCHER_GOOGLE_SEARCH_RESTORE_LIST_SIZE_AFTER_ACTIVITY_RESTART
01-17 16:35:12.103  1394  1394 I PlayCloudSearchChimeraS: Stopping the server
01-17 16:35:12.103  1394  1394 I PlayCloudSearchLifeCycl: Stopping the GRPC server
01-17 16:35:12.107  1201  1201 D CannedAnimCoordinator: Wrong controller access from k6.t@2cf1090, actual provider null
01-17 16:35:12.109  1201  3150 D GmsPlayProvider: Binder channel is terminated gracefully.
01-17 16:35:12.113  3629  3629 D InsetsController: hide(ime())
01-17 16:35:12.113  3629  3629 I ImeTracker: com.android.settings:19544071: onCancelled at PHASE_CLIENT_ALREADY_HIDDEN
01-17 16:35:12.125   804  1011 D BackgroundInstallControlService: Package event received: 0
01-17 16:35:12.139   804  1387 D TelephonyManager: requestModemActivityInfo: Sending result to app: ModemActivityInfo{ mTimestamp=448456 mSleepTimeMs=378 mIdleTimeMs=126 mActivityStatsTechSpecificInfo=[{mRat=UNKNOWN,mFrequencyRange=UNKNOWN,mTxTimeMs[]=[9, 27, 54, 72, 81],mRxTimeMs=81}]}
01-17 16:35:12.150   804   824 D ActivityManager: sync unfroze 3333 com.google.android.permissioncontroller for 6
01-17 16:35:12.154   804  1011 D BackgroundInstallControlService: Package event received: 0
01-17 16:35:12.158  1201  1201 D RecentsView: destroy
01-17 16:35:12.163  1201  1201 D RecentsDependencies: destroyed 113310024
01-17 16:35:12.163  1201  1201 D RecentsDependencies: also destroyed default scope
01-17 16:35:12.167  1201  1201 D TaskbarManager: onActivityDestroyed: displayId=0 isDefaultDisplay=true
01-17 16:35:12.167  1201  1201 D TaskbarManager: onActivityDestroyed: unregistering callbacks displayId=0 isDefaultDisplay=true
01-17 16:35:12.167  1201  1201 D TaskbarManager: onActivityDestroyed: setting taskbarUIController displayId=0 isDefaultDisplay=true
01-17 16:35:12.174  3629  5077 D AppForceStopRepository: canForceStopFlow: true
01-17 16:35:12.175   804  2451 D CompatChangeReporter: Compat change id reported: 357141415; UID 10229; state: ENABLED
01-17 16:35:12.180   804  1387 I Role    : com.example.hostelv3 not qualified for android.app.role.HOME due to missing RequiredComponent{mIntentFilterData=IntentFilterData{mAction='android.intent.action.MAIN', mCategories='[android.intent.category.HOME]', mDataScheme='null', mDataType='null'}, mMinTargetSdkVersion=1, mFlags='0', mPermission='null', mQueryFlags=0, mMetaData=[]}
01-17 16:35:12.184  1201  1201 D TaskFragmentComponent: destroy task fragment
01-17 16:35:12.184  1201  1201 D TaskFragmentComponent: java.lang.Exception
01-17 16:35:12.184  1201  1201 D TaskFragmentComponent: 	at com.google.android.apps.nexuslauncher.overlay.TaskFragmentOverlayManager.onActivityDestroyed(go/retraceme f3a19d912c87c27267cfbc05ba0bc7b202ab72a6648bd76225f5f7e128d94583:59)
01-17 16:35:12.184  1201  1201 D TaskFragmentComponent: 	at com.android.launcher3.Launcher.onDestroy(go/retraceme f3a19d912c87c27267cfbc05ba0bc7b202ab72a6648bd76225f5f7e128d94583:186)
01-17 16:35:12.184  1201  1201 D TaskFragmentComponent: 	at com.android.launcher3.uioverrides.QuickstepLauncher.onDestroy(go/retraceme f3a19d912c87c27267cfbc05ba0bc7b202ab72a6648bd76225f5f7e128d94583:143)
01-17 16:35:12.184  1201  1201 D TaskFragmentComponent: 	at com.google.android.apps.nexuslauncher.NexusLauncherActivity.onDestroy(go/retraceme f3a19d912c87c27267cfbc05ba0bc7b202ab72a6648bd76225f5f7e128d94583:68)
01-17 16:35:12.184  1201  1201 D TaskFragmentComponent: 	at android.app.Activity.performDestroy(Activity.java:9628)
01-17 16:35:12.184  1201  1201 D TaskFragmentComponent: 	at android.app.Instrumentation.callActivityOnDestroy(Instrumentation.java:1576)
01-17 16:35:12.184  1201  1201 D TaskFragmentComponent: 	at android.app.ActivityThread.performDestroyActivity(ActivityThread.java:6523)
01-17 16:35:12.184  1201  1201 D TaskFragmentComponent: 	at android.app.ActivityThread.handleDestroyActivity(ActivityThread.java:6568)
01-17 16:35:12.184  1201  1201 D TaskFragmentComponent: 	at android.app.ActivityThread.handleRelaunchActivityInner(ActivityThread.java:6853)
01-17 16:35:12.184  1201  1201 D TaskFragmentComponent: 	at android.app.ActivityThread.handleRelaunchActivity(ActivityThread.java:6768)
01-17 16:35:12.184  1201  1201 D TaskFragmentComponent: 	at android.app.servertransaction.ActivityRelaunchItem.execute(ActivityRelaunchItem.java:108)
01-17 16:35:12.184  1201  1201 D TaskFragmentComponent: 	at android.app.servertransaction.ActivityTransactionItem.execute(ActivityTransactionItem.java:63)
01-17 16:35:12.184  1201  1201 D TaskFragmentComponent: 	at android.app.servertransaction.TransactionExecutor.executeNonLifecycleItem(TransactionExecutor.java:133)
01-17 16:35:12.184  1201  1201 D TaskFragmentComponent: 	at android.app.servertransaction.TransactionExecutor.executeTransactionItems(TransactionExecutor.java:103)
01-17 16:35:12.184  1201  1201 D TaskFragmentComponent: 	at android.app.servertransaction.TransactionExecutor.execute(TransactionExecutor.java:80)
01-17 16:35:12.184  1201  1201 D TaskFragmentComponent: 	at android.app.ClientTransactionHandler.executeTransaction(ClientTransactionHandler.java:71)
01-17 16:35:12.184  1201  1201 D TaskFragmentComponent: 	at android.app.ActivityThread.handleRelaunchActivityLocally(ActivityThread.java:6834)
01-17 16:35:12.184  1201  1201 D TaskFragmentComponent: 	at android.app.ActivityThread$H.handleMessage(ActivityThread.java:2967)
01-17 16:35:12.184  1201  1201 D TaskFragmentComponent: 	at android.os.Handler.dispatchMessage(Handler.java:132)
01-17 16:35:12.184  1201  1201 D TaskFragmentComponent: 	at android.os.Looper.dispatchMessage(Looper.java:333)
01-17 16:35:12.184  1201  1201 D TaskFragmentComponent: 	at android.os.Looper.loopOnce(Looper.java:263)
01-17 16:35:12.184  1201  1201 D TaskFragmentComponent: 	at android.os.Looper.loop(Looper.java:367)
01-17 16:35:12.184  1201  1201 D TaskFragmentComponent: 	at android.app.ActivityThread.main(ActivityThread.java:9287)
01-17 16:35:12.184  1201  1201 D TaskFragmentComponent: 	at java.lang.reflect.Method.invoke(Native Method)
01-17 16:35:12.184  1201  1201 D TaskFragmentComponent: 	at com.android.internal.os.RuntimeInit$MethodAndArgsCaller.run(RuntimeInit.java:566)
01-17 16:35:12.184  1201  1201 D TaskFragmentComponent: 	at com.android.internal.os.ZygoteInit.main(ZygoteInit.java:929)
01-17 16:35:12.193   804  1387 V WindowManager: deferTransitionReady deferReadyDepth=1 stack=com.android.server.wm.WindowOrganizerController.applyTransaction:658 com.android.server.wm.WindowOrganizerController.applyTransaction:636 com.android.server.wm.WindowOrganizerController.lambda$applyTaskFragmentTransactionLocked$5:602 com.android.server.wm.WindowOrganizerController.$r8$lambda$b9SZ7IAloD3MuUhvAJTdz5zHJ5k:0 com.android.server.wm.WindowOrganizerController$$ExternalSyntheticLambda4.onCollectStarted:0 
01-17 16:35:12.193   804  1387 D ActivityTaskManager: Remove task fragment: deleteTaskFragment
01-17 16:35:12.194   804   824 I Role    : com.example.hostelv3 not qualified for android.app.role.DIALER due to missing RequiredComponent{mIntentFilterData=IntentFilterData{mAction='android.intent.action.DIAL', mCategories='[]', mDataScheme='null', mDataType='null'}, mMinTargetSdkVersion=1, mFlags='0', mPermission='null', mQueryFlags=0, mMetaData=[]}
01-17 16:35:12.201   804  1387 V WindowManager: continueTransitionReady deferReadyDepth=0 stack=com.android.server.wm.WindowOrganizerController.applyTransaction:799 com.android.server.wm.WindowOrganizerController.applyTransaction:636 com.android.server.wm.WindowOrganizerController.lambda$applyTaskFragmentTransactionLocked$5:602 com.android.server.wm.WindowOrganizerController.$r8$lambda$b9SZ7IAloD3MuUhvAJTdz5zHJ5k:0 com.android.server.wm.WindowOrganizerController$$ExternalSyntheticLambda4.onCollectStarted:0 
01-17 16:35:12.203   804  1387 V WindowManager: Defer transition id=24 for TaskFragmentTransaction=android.os.Binder@b85fe60
01-17 16:35:12.204   804  1387 V WindowManager: deferTransitionReady deferReadyDepth=1 stack=com.android.server.wm.TransitionController.deferTransitionReady:1061 com.android.server.wm.TaskFragmentOrganizerController$TaskFragmentOrganizerState.dispatchTransaction:517 com.android.server.wm.TaskFragmentOrganizerController.dispatchPendingEvents:1259 com.android.server.wm.TaskFragmentOrganizerController.dispatchPendingEvents:1228 com.android.server.wm.RootWindowContainer.performSurfacePlacement:777 
01-17 16:35:12.209   804  1652 I Role    : com.example.hostelv3 not qualified for android.app.role.SMS due to missing RequiredComponent{mIntentFilterData=IntentFilterData{mAction='android.provider.Telephony.SMS_DELIVER', mCategories='[]', mDataScheme='null', mDataType='null'}, mMinTargetSdkVersion=1, mFlags='0', mPermission='android.permission.BROADCAST_SMS', mQueryFlags=0, mMetaData=[]}
01-17 16:35:12.211   804  1256 W TransitionChain: Combining tfTransact into #24(CLOSE|R|0x0) from tfTransact
01-17 16:35:12.211  1058  1120 V WindowManagerShell: Transition requested (#24): android.os.BinderProxy@cf8875a TransitionRequestInfo { type = CLOSE, triggerTask = null, pipChange = null, remoteTransition = RemoteTransition { remoteTransition = android.window.IRemoteTransition$Stub$Proxy@8ab3d8b, appThread = null, debugName = TaskFragmentComponent }, displayChange = null, requestedLocation = null, userChange = null, windowingLayerChange = null, flags = 0, debugId = 24 }
01-17 16:35:12.212  1058  1120 V ShellDesktopMode: DesktopTasksController: handleRequest request=TransitionRequestInfo { type = CLOSE, triggerTask = null, pipChange = null, remoteTransition = RemoteTransition { remoteTransition = android.window.IRemoteTransition$Stub$Proxy@8ab3d8b, appThread = null, debugName = TaskFragmentComponent }, displayChange = null, requestedLocation = null, userChange = null, windowingLayerChange = null, flags = 0, debugId = 24 }
